Archive member included because of file (symbol)

/home/robert/gitrep/freeboardDue/Release/arduino.ar(variant.cpp.o)
                              ./freeboardDue.cpp.o (Serial3)
/home/robert/gitrep/freeboardDue/Release/arduino.ar(Print.cpp.o)
                              ./NmeaSerial.cpp.o (Print::write(unsigned char const*, unsigned int))
/home/robert/gitrep/freeboardDue/Release/arduino.ar(RingBuffer.cpp.o)
                              /home/robert/gitrep/freeboardDue/Release/arduino.ar(variant.cpp.o) (RingBuffer::RingBuffer())
/home/robert/gitrep/freeboardDue/Release/arduino.ar(UARTClass.cpp.o)
                              ./freeboardDue.cpp.o (UARTClass::available())
/home/robert/gitrep/freeboardDue/Release/arduino.ar(USARTClass.cpp.o)
                              ./freeboardDue.cpp.o (USARTClass::available())
/home/robert/gitrep/freeboardDue/Release/arduino.ar(WInterrupts.c.o)
                              ./freeboardDue.cpp.o (attachInterrupt)
/home/robert/gitrep/freeboardDue/Release/arduino.ar(cxxabi-compat.cpp.o)
                              ./NmeaSerial.cpp.o (__cxa_pure_virtual)
/home/robert/gitrep/freeboardDue/Release/arduino.ar(main.cpp.o)
                              /home/robert/dev/arduino-1.5.7/hardware/tools/gcc-arm-none-eabi-4.8.3-2014q1/bin/../lib/gcc/arm-none-eabi/4.8.3/../../../../arm-none-eabi/lib/armv7-m/crt0.o (main)
/home/robert/gitrep/freeboardDue/Release/arduino.ar(wiring.c.o)
                              ./lib/Wind/Wind.cpp.o (millis)
/home/robert/gitrep/freeboardDue/Release/arduino.ar(wiring_analog.c.o)
                              ./lib/Levels/Levels.cpp.o (analogRead)
/home/robert/gitrep/freeboardDue/Release/arduino.ar(wiring_digital.c.o)
                              ./freeboardDue.cpp.o (pinMode)
/home/robert/gitrep/freeboardDue/Release/arduino.ar(wiring_pulse.cpp.o)
                              ./lib/Gps/Gps.cpp.o (pulseIn)
/home/robert/gitrep/freeboardDue/Release/arduino.ar(USBCore.cpp.o)
                              /home/robert/gitrep/freeboardDue/Release/arduino.ar(main.cpp.o) (USBDevice_::attach())
/home/robert/gitrep/freeboardDue/Release/arduino.ar(hooks.c.o)
                              /home/robert/gitrep/freeboardDue/Release/arduino.ar(wiring.c.o) (yield)
/home/robert/gitrep/freeboardDue/Release/arduino.ar(CDC.cpp.o)
                              /home/robert/gitrep/freeboardDue/Release/arduino.ar(USBCore.cpp.o) (Serial_::accept())
/home/robert/gitrep/freeboardDue/Release/arduino.ar(HID.cpp.o)
                              /home/robert/gitrep/freeboardDue/Release/arduino.ar(USBCore.cpp.o) (HID_GetInterface(unsigned char*))
/home/robert/gitrep/freeboardDue/Release/arduino.ar(Reset.cpp.o)
                              /home/robert/gitrep/freeboardDue/Release/arduino.ar(CDC.cpp.o) (initiateReset)
/home/robert/dev/arduino-1.5.7/hardware/arduino/sam/variants/arduino_due_x/libsam_sam3x8e_gcc_rel.a(pio.o)
                              /home/robert/gitrep/freeboardDue/Release/arduino.ar(wiring_digital.c.o) (PIO_PullUp)
/home/robert/dev/arduino-1.5.7/hardware/arduino/sam/variants/arduino_due_x/libsam_sam3x8e_gcc_rel.a(pmc.o)
                              ./lib/DueTimer/DueTimer.cpp.o (pmc_enable_periph_clk)
/home/robert/dev/arduino-1.5.7/hardware/arduino/sam/variants/arduino_due_x/libsam_sam3x8e_gcc_rel.a(pwmc.o)
                              /home/robert/gitrep/freeboardDue/Release/arduino.ar(wiring_analog.c.o) (PWMC_ConfigureChannel)
/home/robert/dev/arduino-1.5.7/hardware/arduino/sam/variants/arduino_due_x/libsam_sam3x8e_gcc_rel.a(spi.o)
                              ./Libraries/SPI/SPI.cpp.o (SPI_Enable)
/home/robert/dev/arduino-1.5.7/hardware/arduino/sam/variants/arduino_due_x/libsam_sam3x8e_gcc_rel.a(tc.o)
                              ./lib/DueTimer/DueTimer.cpp.o (TC_Configure)
/home/robert/dev/arduino-1.5.7/hardware/arduino/sam/variants/arduino_due_x/libsam_sam3x8e_gcc_rel.a(timetick.o)
                              /home/robert/gitrep/freeboardDue/Release/arduino.ar(wiring.c.o) (GetTickCount)
/home/robert/dev/arduino-1.5.7/hardware/arduino/sam/variants/arduino_due_x/libsam_sam3x8e_gcc_rel.a(wdt.o)
                              /home/robert/gitrep/freeboardDue/Release/arduino.ar(variant.cpp.o) (WDT_Disable)
/home/robert/dev/arduino-1.5.7/hardware/arduino/sam/variants/arduino_due_x/libsam_sam3x8e_gcc_rel.a(system_sam3xa.o)
                              /home/robert/gitrep/freeboardDue/Release/arduino.ar(variant.cpp.o) (SystemInit)
/home/robert/dev/arduino-1.5.7/hardware/arduino/sam/variants/arduino_due_x/libsam_sam3x8e_gcc_rel.a(startup_sam3xa.o)
                              (Reset_Handler)
/home/robert/dev/arduino-1.5.7/hardware/arduino/sam/variants/arduino_due_x/libsam_sam3x8e_gcc_rel.a(adc.o)
                              /home/robert/gitrep/freeboardDue/Release/arduino.ar(variant.cpp.o) (adc_init)
/home/robert/dev/arduino-1.5.7/hardware/arduino/sam/variants/arduino_due_x/libsam_sam3x8e_gcc_rel.a(uotghs.o)
[...]
Memory Configuration

Name             Origin             Length             Attributes
rom              0x00080000         0x00080000         xr
sram0            0x20000000         0x00010000         xrw
sram1            0x20080000         0x00008000         xrw
ram              0x20070000         0x00018000         xrw
*default*        0x00000000         0xffffffff

Linker script and memory map

LOAD /home/robert/dev/arduino-1.5.7/hardware/tools/gcc-arm-none-eabi-4.8.3-2014q1/bin/../lib/gcc/arm-none-eabi/4.8.3/armv7-m/crti.o
LOAD /home/robert/dev/arduino-1.5.7/hardware/tools/gcc-arm-none-eabi-4.8.3-2014q1/bin/../lib/gcc/arm-none-eabi/4.8.3/armv7-m/crtbegin.o
LOAD /home/robert/dev/arduino-1.5.7/hardware/tools/gcc-arm-none-eabi-4.8.3-2014q1/bin/../lib/gcc/arm-none-eabi/4.8.3/../../../../arm-none-eabi/lib/armv7-m/crt0.o
LOAD /home/robert/dev/arduino-1.5.7/hardware/tools/gcc-arm-none-eabi-4.8.3-2014q1/bin/../lib/gcc/arm-none-eabi/4.8.3/armv7-m/libgcc.a
START GROUP
LOAD /home/robert/gitrep/freeboardDue/Release/arduino/syscalls_sam3.c.o
LOAD ./NmeaRelay.cpp.o
LOAD ./NmeaSerial.cpp.o
LOAD ./freeboardDue.cpp.o
LOAD ./lib/Wind/Wind.cpp.o
LOAD ./lib/SignalK/SignalkHelper.cpp.o
LOAD ./lib/SignalK/SignalkModel.cpp.o
LOAD ./lib/SignalK/StreamJsonReader.cpp.o
LOAD ./lib/Seatalk/Seatalk.cpp.o
LOAD ./lib/PString/PString.cpp.o
LOAD ./lib/PID_v1/PID_v1.cpp.o
LOAD ./lib/NMEA/nmea.cpp.o
LOAD ./lib/MultiSerial/MultiSerial.cpp.o
LOAD ./lib/Levels/Levels.cpp.o
LOAD ./lib/Kangaroo/KangarooCRC.cpp.o
LOAD ./lib/Kangaroo/KangarooChannel.cpp.o
LOAD ./lib/Kangaroo/KangarooCommandWriter.cpp.o
LOAD ./lib/Kangaroo/KangarooMonitor.cpp.o
LOAD ./lib/Kangaroo/KangarooReplyReader.cpp.o
LOAD ./lib/Kangaroo/KangarooReplyReceiver.cpp.o
LOAD ./lib/Kangaroo/KangarooSerial.cpp.o
LOAD ./lib/Kangaroo/KangarooStatus.cpp.o
LOAD ./lib/Kangaroo/KangarooTimeout.cpp.o
LOAD ./lib/Gps/Gps.cpp.o
LOAD ./lib/DueTimer/DueTimer.cpp.o
LOAD ./lib/Autopilot/Autopilot.cpp.o
LOAD ./lib/Anchor/Anchor.cpp.o
LOAD ./lib/Alarms/Alarm.cpp.o
LOAD ./Libraries/SPI/SPI.cpp.o
LOAD ./.metadata/.plugins/org.eclipse.cdt.managedbuilder.core/spec.C.o
LOAD ./.metadata/.plugins/org.eclipse.cdt.managedbuilder.core/spec.c.o
LOAD ./.metadata/.plugins/org.eclipse.cdt.make.core/specs.c.o
LOAD ./.metadata/.plugins/org.eclipse.cdt.make.core/specs.cpp.o
LOAD /home/robert/gitrep/freeboardDue/Release/arduino.ar
LOAD /home/robert/dev/arduino-1.5.7/hardware/arduino/sam/variants/arduino_due_x/libsam_sam3x8e_gcc_rel.a
LOAD /home/robert/gitrep/freeboardDue/Release/arduino.ar
END GROUP
LOAD /home/robert/dev/arduino-1.5.7/hardware/tools/gcc-arm-none-eabi-4.8.3-2014q1/bin/../lib/gcc/arm-none-eabi/4.8.3/../../../../arm-none-eabi/lib/armv7-m/libstdc++.a
LOAD /home/robert/dev/arduino-1.5.7/hardware/tools/gcc-arm-none-eabi-4.8.3-2014q1/bin/../lib/gcc/arm-none-eabi/4.8.3/../../../../arm-none-eabi/lib/armv7-m/libm.a
START GROUP
LOAD /home/robert/dev/arduino-1.5.7/hardware/tools/gcc-arm-none-eabi-4.8.3-2014q1/bin/../lib/gcc/arm-none-eabi/4.8.3/armv7-m/libgcc.a
LOAD /home/robert/dev/arduino-1.5.7/hardware/tools/gcc-arm-none-eabi-4.8.3-2014q1/bin/../lib/gcc/arm-none-eabi/4.8.3/../../../../arm-none-eabi/lib/armv7-m/libc.a
END GROUP
LOAD /home/robert/dev/arduino-1.5.7/hardware/tools/gcc-arm-none-eabi-4.8.3-2014q1/bin/../lib/gcc/arm-none-eabi/4.8.3/armv7-m/crtend.o
LOAD /home/robert/dev/arduino-1.5.7/hardware/tools/gcc-arm-none-eabi-4.8.3-2014q1/bin/../lib/gcc/arm-none-eabi/4.8.3/armv7-m/crtn.o

.text           0x00080000     0xdfd8
                0x00080000                . = ALIGN (0x4)
                0x00080000                _sfixed = .
 *(.vectors .vectors.*)
 .vectors       0x00080000       0xf4 /home/robert/dev/arduino-1.5.7/hardware/arduino/sam/variants/arduino_due_x/libsam_sam3x8e_gcc_rel.a(startup_sam3xa.o)
                0x00080000                exception_table
 *(.text .text.* .gnu.linkonce.t.*)
 .text          0x000800f4       0x54 /home/robert/dev/arduino-1.5.7/hardware/tools/gcc-arm-none-eabi-4.8.3-2014q1/bin/../lib/gcc/arm-none-eabi/4.8.3/armv7-m/crtbegin.o
 .text._sbrk    0x00080148       0x1c /home/robert/gitrep/freeboardDue/Release/arduino/syscalls_sam3.c.o
                0x00080148                _sbrk
 .text._close   0x00080164        0x6 /home/robert/gitrep/freeboardDue/Release/arduino/syscalls_sam3.c.o
                0x00080164                _close
 .text._fstat   0x0008016a        0xa /home/robert/gitrep/freeboardDue/Release/arduino/syscalls_sam3.c.o
                0x0008016a                _fstat
 .text._isatty  0x00080174        0x4 /home/robert/gitrep/freeboardDue/Release/arduino/syscalls_sam3.c.o
                0x00080174                _isatty
 .text._lseek   0x00080178        0x4 /home/robert/gitrep/freeboardDue/Release/arduino/syscalls_sam3.c.o
                0x00080178                _lseek
 .text._read    0x0008017c        0x4 /home/robert/gitrep/freeboardDue/Release/arduino/syscalls_sam3.c.o
                0x0008017c                _read
 .text._write   0x00080180       0x24 /home/robert/gitrep/freeboardDue/Release/arduino/syscalls_sam3.c.o
                0x00080180                _write
 .text._exit    0x000801a4       0x10 /home/robert/gitrep/freeboardDue/Release/arduino/syscalls_sam3.c.o
                0x000801a4                _exit
 .text._kill    0x000801b4        0x2 /home/robert/gitrep/freeboardDue/Release/arduino/syscalls_sam3.c.o
                0x000801b4                _kill
 .text._getpid  0x000801b6        0x6 /home/robert/gitrep/freeboardDue/Release/arduino/syscalls_sam3.c.o
                0x000801b6                _getpid
 .text._ZN9NMEARelayC2Ei
                0x000801bc        0xc ./NmeaRelay.cpp.o
                0x000801bc                NMEARelay::NMEARelay(int)
                0x000801bc                NMEARelay::NMEARelay(int)
 .text._ZN9NMEARelay6decodeEc
                0x000801c8       0x9a ./NmeaRelay.cpp.o
                0x000801c8                NMEARelay::decode(char)
 .text._ZN9NMEARelay8sentenceEv
                0x00080262        0x4 ./NmeaRelay.cpp.o
                0x00080262                NMEARelay::sentence()
 *fill*         0x00080266        0x2 
 .text._Z9calculatev
                0x00080268       0x28 ./freeboardDue.cpp.o
                0x00080268                calculate()
 .text._Z7readWDSv
                0x00080290        0xc ./freeboardDue.cpp.o
                0x00080290                readWDS()
 .text._Z7readWDDv
                0x0008029c        0xc ./freeboardDue.cpp.o
                0x0008029c                readWDD()
 .text.loop     0x000802a8       0x4c ./freeboardDue.cpp.o
                0x000802a8                loop
 .text.startup._GLOBAL__sub_I_execute
                0x000802f4      0x134 ./freeboardDue.cpp.o
 .text.setup    0x00080428      0x230 ./freeboardDue.cpp.o
                0x00080428                setup
 .text._Z11serialEventv
                0x00080658       0x38 ./freeboardDue.cpp.o
                0x00080658                serialEvent()
 .text._Z12serialEvent1v
                0x00080690       0x48 ./freeboardDue.cpp.o
                0x00080690                serialEvent1()
 .text._Z12serialEvent2v
                0x000806d8       0x6c ./freeboardDue.cpp.o
                0x000806d8                serialEvent2()
 .text._Z12serialEvent3v
                0x00080744       0x54 ./freeboardDue.cpp.o
                0x00080744                serialEvent3()
 .text._ZN4WindC2EP12SignalkModel
                0x00080798       0x7c ./lib/Wind/Wind.cpp.o
                0x00080798                Wind::Wind(SignalkModel*)
                0x00080798                Wind::Wind(SignalkModel*)
 .text._ZN4Wind17readWindDataSpeedEv
                0x00080814       0x44 ./lib/Wind/Wind.cpp.o
                0x00080814                Wind::readWindDataSpeed()
 .text._ZN4Wind15readWindDataDirEv
                0x00080858       0x64 ./lib/Wind/Wind.cpp.o
                0x00080858                Wind::readWindDataDir()
 .text.startup._GLOBAL__sub_I_lastSpeedPulse
                0x000808bc       0x1c ./lib/Wind/Wind.cpp.o
 .text._ZN13SignalkHelperC2Ev
                0x000808d8        0x2 ./lib/SignalK/SignalkHelper.cpp.o
                0x000808d8                SignalkHelper::SignalkHelper()
                0x000808d8                SignalkHelper::SignalkHelper()
 .text._ZN13SignalkHelper4hashEPKc
                0x000808da       0x14 ./lib/SignalK/SignalkHelper.cpp.o
                0x000808da                SignalkHelper::hash(char const*)
 *fill*         0x000808ee        0x2 
 .text._ZN13SignalkHelper11openMessageEP14HardwareSerial
                0x000808f0        0xc ./lib/SignalK/SignalkHelper.cpp.o
                0x000808f0                SignalkHelper::openMessage(HardwareSerial*)
 .text._ZN13SignalkHelper12closeMessageEP14HardwareSerial
                0x000808fc        0xc ./lib/SignalK/SignalkHelper.cpp.o
                0x000808fc                SignalkHelper::closeMessage(HardwareSerial*)
 .text._ZN13SignalkHelper10openBranchEP14HardwareSerialPKc
                0x00080908       0x2c ./lib/SignalK/SignalkHelper.cpp.o
                0x00080908                SignalkHelper::openBranch(HardwareSerial*, char const*)
 .text._ZN13SignalkHelper11closeBranchEP14HardwareSerialb
                0x00080934       0x28 ./lib/SignalK/SignalkHelper.cpp.o
                0x00080934                SignalkHelper::closeBranch(HardwareSerial*, bool)
 .text._ZN13SignalkHelper10printValueEP14HardwareSerialPKcfb
                0x0008095c       0x7c ./lib/SignalK/SignalkHelper.cpp.o
                0x0008095c                SignalkHelper::printValue(HardwareSerial*, char const*, float, bool)
 .text._ZN13SignalkHelper10printValueEP14HardwareSerialPKcib
                0x000809d8       0x68 ./lib/SignalK/SignalkHelper.cpp.o
                0x000809d8                SignalkHelper::printValue(HardwareSerial*, char const*, int, bool)
 .text._ZN13SignalkHelper10printValueEP14HardwareSerialPKclb
                0x00080a40       0x68 ./lib/SignalK/SignalkHelper.cpp.o
                0x00080a40                SignalkHelper::printValue(HardwareSerial*, char const*, long, bool)
 .text._ZN13SignalkHelper10printValueEP14HardwareSerialPKcS3_b
                0x00080aa8       0x54 ./lib/SignalK/SignalkHelper.cpp.o
                0x00080aa8                SignalkHelper::printValue(HardwareSerial*, char const*, char const*, bool)
 .text._ZN13SignalkHelper14getNumericTypeEm
                0x00080afc       0xa8 ./lib/SignalK/SignalkHelper.cpp.o
                0x00080afc                SignalkHelper::getNumericType(unsigned long)
 .text._ZN12SignalkModelC1Ev
                0x00080ba4      0x238 ./lib/SignalK/SignalkModel.cpp.o
                0x00080ba4                SignalkModel::SignalkModel()
 .text._ZN12SignalkModel8setValueEmb
                0x00080ddc       0x24 ./lib/SignalK/SignalkModel.cpp.o
                0x00080ddc                SignalkModel::setValue(unsigned long, bool)
 .text._ZN12SignalkModel8setValueEmc
                0x00080e00       0x10 ./lib/SignalK/SignalkModel.cpp.o
                0x00080e00                SignalkModel::setValue(unsigned long, char)
 .text._ZN12SignalkModel8setValueEmd
                0x00080e10       0x18 ./lib/SignalK/SignalkModel.cpp.o
                0x00080e10                SignalkModel::setValue(unsigned long, double)
 .text._ZN12SignalkModel8setValueEmi
                0x00080e28       0xa0 ./lib/SignalK/SignalkModel.cpp.o
                0x00080e28                SignalkModel::setValue(unsigned long, int)
 .text._ZN12SignalkModel8setValueEmm
                0x00080ec8       0xc8 ./lib/SignalK/SignalkModel.cpp.o
                0x00080ec8                SignalkModel::setValue(unsigned long, unsigned long)
 .text._ZN12SignalkModel8setValueEmf
                0x00080f90      0x400 ./lib/SignalK/SignalkModel.cpp.o
                0x00080f90                SignalkModel::setValue(unsigned long, float)
 .text._ZN12SignalkModel12getValueBoolEm
                0x00081390       0x24 ./lib/SignalK/SignalkModel.cpp.o
                0x00081390                SignalkModel::getValueBool(unsigned long)
 .text._ZN12SignalkModel12getValueLongEm
                0x000813b4       0xcc ./lib/SignalK/SignalkModel.cpp.o
                0x000813b4                SignalkModel::getValueLong(unsigned long)
 .text._ZN12SignalkModel14getValueDoubleEm
                0x00081480       0x38 ./lib/SignalK/SignalkModel.cpp.o
                0x00081480                SignalkModel::getValueDouble(unsigned long)
 .text._ZN12SignalkModel13getValueFloatEm
                0x000814b8      0x3ec ./lib/SignalK/SignalkModel.cpp.o
                0x000814b8                SignalkModel::getValueFloat(unsigned long)
 .text._ZN12SignalkModel16printAlarmBranchEP14HardwareSerialb
                0x000818a4      0x3a8 ./lib/SignalK/SignalkModel.cpp.o
                0x000818a4                SignalkModel::printAlarmBranch(HardwareSerial*, bool)
 .text._ZN12SignalkModel17printAnchorBranchEP14HardwareSerialb
                0x00081c4c       0xec ./lib/SignalK/SignalkModel.cpp.o
                0x00081c4c                SignalkModel::printAnchorBranch(HardwareSerial*, bool)
 .text._ZN12SignalkModel19printPositionBranchEP14HardwareSerialb
                0x00081d38       0x8c ./lib/SignalK/SignalkModel.cpp.o
                0x00081d38                SignalkModel::printPositionBranch(HardwareSerial*, bool)
 .text._ZN12SignalkModel20printAutopilotBranchEP14HardwareSerialb
                0x00081dc4      0x1c4 ./lib/SignalK/SignalkModel.cpp.o
                0x00081dc4                SignalkModel::printAutopilotBranch(HardwareSerial*, bool)
 .text._ZN12SignalkModel15printWindBranchEP14HardwareSerialb
                0x00081f88       0xe4 ./lib/SignalK/SignalkModel.cpp.o
                0x00081f88                SignalkModel::printWindBranch(HardwareSerial*, bool)
 .text._ZN12SignalkModel21printNavigationBranchEP14HardwareSerialb
                0x0008206c      0x188 ./lib/SignalK/SignalkModel.cpp.o
                0x0008206c                SignalkModel::printNavigationBranch(HardwareSerial*, bool)
 .text._ZN12SignalkModel22printEnvironmentBranchEP14HardwareSerialb
                0x000821f4       0x9c ./lib/SignalK/SignalkModel.cpp.o
                0x000821f4                SignalkModel::printEnvironmentBranch(HardwareSerial*, bool)
 .text._ZN12SignalkModel19printSteeringBranchEP14HardwareSerialb
                0x00082290       0x80 ./lib/SignalK/SignalkModel.cpp.o
                0x00082290                SignalkModel::printSteeringBranch(HardwareSerial*, bool)
 .text._ZN12SignalkModel18printVesselWrapperEP14HardwareSerial
                0x00082310       0xa0 ./lib/SignalK/SignalkModel.cpp.o
                0x00082310                SignalkModel::printVesselWrapper(HardwareSerial*)
 .text._ZN16StreamJsonReaderD2Ev
                0x000823b0        0xc ./lib/SignalK/StreamJsonReader.cpp.o
                0x000823b0                StreamJsonReader::~StreamJsonReader()
                0x000823b0                StreamJsonReader::~StreamJsonReader()
 .text._ZN16StreamJsonReaderD0Ev
                0x000823bc       0x14 ./lib/SignalK/StreamJsonReader.cpp.o
                0x000823bc                StreamJsonReader::~StreamJsonReader()
 .text._ZN16StreamJsonReader14alloc_elementsEv
                0x000823d0       0x12 ./lib/SignalK/StreamJsonReader.cpp.o
                0x000823d0                StreamJsonReader::alloc_elements()
 *fill*         0x000823e2        0x2 
 .text._ZN16StreamJsonReaderC2EP14HardwareSerialP12SignalkModel
                0x000823e4       0x20 ./lib/SignalK/StreamJsonReader.cpp.o
                0x000823e4                StreamJsonReader::StreamJsonReader(HardwareSerial*, SignalkModel*)
                0x000823e4                StreamJsonReader::StreamJsonReader(HardwareSerial*, SignalkModel*)
 .text._ZN16StreamJsonReader5resetEv
                0x00082404        0x8 ./lib/SignalK/StreamJsonReader.cpp.o
                0x00082404                StreamJsonReader::reset()
 .text._ZN16StreamJsonReader13assign_resultEPKc
                0x0008240c       0xe4 ./lib/SignalK/StreamJsonReader.cpp.o
                0x0008240c                StreamJsonReader::assign_result(char const*)
 .text._ZN16StreamJsonReader25remove_last_trace_elementEv
                0x000824f0       0x2e ./lib/SignalK/StreamJsonReader.cpp.o
                0x000824f0                StreamJsonReader::remove_last_trace_element()
 .text._ZN16StreamJsonReader16append_to_stringEPcci
                0x0008251e       0x18 ./lib/SignalK/StreamJsonReader.cpp.o
                0x0008251e                StreamJsonReader::append_to_string(char*, char, int)
 .text._ZN16StreamJsonReader15append_to_traceEc
                0x00082536        0xc ./lib/SignalK/StreamJsonReader.cpp.o
                0x00082536                StreamJsonReader::append_to_trace(char)
 .text._ZN16StreamJsonReader12add_to_traceEPc
                0x00082542       0x44 ./lib/SignalK/StreamJsonReader.cpp.o
                0x00082542                StreamJsonReader::add_to_trace(char*)
 .text._ZN16StreamJsonReader15append_to_valueEc
                0x00082586        0xc ./lib/SignalK/StreamJsonReader.cpp.o
                0x00082586                StreamJsonReader::append_to_value(char)
 .text._ZN16StreamJsonReader14append_to_nameEc
                0x00082592        0xc ./lib/SignalK/StreamJsonReader.cpp.o
                0x00082592                StreamJsonReader::append_to_name(char)
 *fill*         0x0008259e        0x2 
 .text._ZN16StreamJsonReader12process_charEc
                0x000825a0      0x140 ./lib/SignalK/StreamJsonReader.cpp.o
                0x000825a0                StreamJsonReader::process_char(char)
 .text._ZN7Seatalk18processSeaTalkByteEh
                0x000826e0       0x14 ./lib/Seatalk/Seatalk.cpp.o
                0x000826e0                Seatalk::processSeaTalkByte(unsigned char)
 .text._ZN7PString5writeEh
                0x000826f4       0x24 ./lib/PString/PString.cpp.o
                0x000826f4                PString::write(unsigned char)
 .text._ZN7PString5beginEv
                0x00082718        0xe ./lib/PString/PString.cpp.o
                0x00082718                PString::begin()
 .text._ZN3PIDC2Ev
                0x00082726        0x2 ./lib/PID_v1/PID_v1.cpp.o
                0x00082726                PID::PID()
                0x00082726                PID::PID()
 .text._ZN3PID10SetTuningsEddd
                0x00082728       0xd0 ./lib/PID_v1/PID_v1.cpp.o
                0x00082728                PID::SetTunings(double, double, double)
 .text._ZN3PID13SetSampleTimeEi
                0x000827f8       0x4c ./lib/PID_v1/PID_v1.cpp.o
                0x000827f8                PID::SetSampleTime(int)
 .text._ZN3PID15SetOutputLimitsEdd
                0x00082844       0x8c ./lib/PID_v1/PID_v1.cpp.o
                0x00082844                PID::SetOutputLimits(double, double)
 .text._ZN3PID22SetControllerDirectionEi
                0x000828d0       0x46 ./lib/PID_v1/PID_v1.cpp.o
                0x000828d0                PID::SetControllerDirection(int)
 *fill*         0x00082916        0x2 
 .text._ZN3PIDC2EPdS0_S0_dddi
                0x00082918       0x68 ./lib/PID_v1/PID_v1.cpp.o
                0x00082918                PID::PID(double*, double*, double*, double, double, double, int)
                0x00082918                PID::PID(double*, double*, double*, double, double, double, int)
 .text._ZN4NMEAC2Ei
                0x00082980       0x5a ./lib/NMEA/nmea.cpp.o
                0x00082980                NMEA::NMEA(int)
                0x00082980                NMEA::NMEA(int)
 .text._ZN4NMEA9gprmc_utcEv
                0x000829da        0x4 ./lib/NMEA/nmea.cpp.o
                0x000829da                NMEA::gprmc_utc()
 .text._ZN4NMEA12gprmc_statusEv
                0x000829de        0x4 ./lib/NMEA/nmea.cpp.o
                0x000829de                NMEA::gprmc_status()
 .text._ZN4NMEA14gprmc_latitudeEv
                0x000829e2        0x4 ./lib/NMEA/nmea.cpp.o
                0x000829e2                NMEA::gprmc_latitude()
 .text._ZN4NMEA15gprmc_longitudeEv
                0x000829e6        0x4 ./lib/NMEA/nmea.cpp.o
                0x000829e6                NMEA::gprmc_longitude()
 .text._ZN4NMEA11gprmc_speedEf
                0x000829ea        0xe ./lib/NMEA/nmea.cpp.o
                0x000829ea                NMEA::gprmc_speed(float)
 .text._ZN4NMEA12gprmc_courseEv
                0x000829f8        0x4 ./lib/NMEA/nmea.cpp.o
                0x000829f8                NMEA::gprmc_course()
 .text._ZN4NMEA8sentenceEv
                0x000829fc        0x4 ./lib/NMEA/nmea.cpp.o
                0x000829fc                NMEA::sentence()
 .text._ZN4NMEA4termEi
                0x00082a00        0x8 ./lib/NMEA/nmea.cpp.o
                0x00082a00                NMEA::term(int)
 .text._ZN4NMEA8_decimalEPc
                0x00082a08       0x88 ./lib/NMEA/nmea.cpp.o
                0x00082a08                NMEA::_decimal(char*)
 .text._ZN4NMEA6decodeEc
                0x00082a90      0x33c ./lib/NMEA/nmea.cpp.o
                0x00082a90                NMEA::decode(char)
 .text._ZN8SPIClass8transferEh15SPITransferMode
                0x00082dcc       0x12 ./lib/MultiSerial/MultiSerial.cpp.o
                0x00082dcc                SPIClass::transfer(unsigned char, SPITransferMode)
 *fill*         0x00082dde        0x2 
 .text._ZN11MultiSerialC2Ehh
                0x00082de0       0x1c ./lib/MultiSerial/MultiSerial.cpp.o
                0x00082de0                MultiSerial::MultiSerial(unsigned char, unsigned char)
                0x00082de0                MultiSerial::MultiSerial(unsigned char, unsigned char)
 .text._ZN11MultiSerial15msWriteRegisterEhh
                0x00082dfc       0x48 ./lib/MultiSerial/MultiSerial.cpp.o
                0x00082dfc                MultiSerial::msWriteRegister(unsigned char, unsigned char)
 .text._ZN11MultiSerial5writeEh
                0x00082e44        0xe ./lib/MultiSerial/MultiSerial.cpp.o
                0x00082e44                MultiSerial::write(unsigned char)
 .text._ZN11MultiSerial5flushEv
                0x00082e52        0x8 ./lib/MultiSerial/MultiSerial.cpp.o
                0x00082e52                MultiSerial::flush()
 *fill*         0x00082e5a        0x2 
 .text._ZN11MultiSerial15msWriteRegisterEhPhh
                0x00082e5c       0x3c ./lib/MultiSerial/MultiSerial.cpp.o
                0x00082e5c                MultiSerial::msWriteRegister(unsigned char, unsigned char*, unsigned char)
 .text._ZN11MultiSerial5writeEPhh
                0x00082e98       0x12 ./lib/MultiSerial/MultiSerial.cpp.o
                0x00082e98                MultiSerial::write(unsigned char*, unsigned char)
 *fill*         0x00082eaa        0x2 
 .text._ZN11MultiSerial14msReadRegisterEh
                0x00082eac       0x50 ./lib/MultiSerial/MultiSerial.cpp.o
                0x00082eac                MultiSerial::msReadRegister(unsigned char)
 .text._ZN11MultiSerial4readEv
                0x00082efc        0xa ./lib/MultiSerial/MultiSerial.cpp.o
                0x00082efc                MultiSerial::read()
 .text._ZN11MultiSerial9availableEv
                0x00082f06        0xa ./lib/MultiSerial/MultiSerial.cpp.o
                0x00082f06                MultiSerial::available()
 .text._ZN11MultiSerial4peekEv
                0x00082f10        0xe ./lib/MultiSerial/MultiSerial.cpp.o
                0x00082f10                MultiSerial::peek()
 .text._ZN11MultiSerial11setWordSizeEh
                0x00082f1e       0x24 ./lib/MultiSerial/MultiSerial.cpp.o
                0x00082f1e                MultiSerial::setWordSize(unsigned char)
 *fill*         0x00082f42        0x2 
 .text._ZN11MultiSerial5beginEmm
                0x00082f44       0xcc ./lib/MultiSerial/MultiSerial.cpp.o
                0x00082f44                MultiSerial::begin(unsigned long, unsigned long)
 .text._ZN11MultiSerial5beginEm
                0x00083010        0x8 ./lib/MultiSerial/MultiSerial.cpp.o
                0x00083010                MultiSerial::begin(unsigned long)
 .text._ZN6LevelsD2Ev
                0x00083018        0xc ./lib/Levels/Levels.cpp.o
                0x00083018                Levels::~Levels()
                0x00083018                Levels::~Levels()
 .text._ZN6LevelsD0Ev
                0x00083024       0x14 ./lib/Levels/Levels.cpp.o
                0x00083024                Levels::~Levels()
 .text._ZN6LevelsC2EP12SignalkModel
                0x00083038        0xc ./lib/Levels/Levels.cpp.o
                0x00083038                Levels::Levels(SignalkModel*)
                0x00083038                Levels::Levels(SignalkModel*)
 .text._ZN15KangarooChannelC2ER14KangarooSerialch
                0x00083044       0x52 ./lib/Kangaroo/KangarooChannel.cpp.o
                0x00083044                KangarooChannel::KangarooChannel(KangarooSerial&, char, unsigned char)
                0x00083044                KangarooChannel::KangarooChannel(KangarooSerial&, char, unsigned char)
 .text._ZN15KangarooChannelD2Ev
                0x00083096        0x2 ./lib/Kangaroo/KangarooChannel.cpp.o
                0x00083096                KangarooChannel::~KangarooChannel()
                0x00083096                KangarooChannel::~KangarooChannel()
 .text._ZN21KangarooReplyReceiverC2Ev
                0x00083098        0x8 ./lib/Kangaroo/KangarooReplyReceiver.cpp.o
                0x00083098                KangarooReplyReceiver::KangarooReplyReceiver()
                0x00083098                KangarooReplyReceiver::KangarooReplyReceiver()
 .text._ZN14KangarooSerialC2ER6Stream
                0x000830a0       0x10 ./lib/Kangaroo/KangarooSerial.cpp.o
                0x000830a0                KangarooSerial::KangarooSerial(Stream&)
                0x000830a0                KangarooSerial::KangarooSerial(Stream&)
 .text._ZN14KangarooStatus4initEv
                0x000830b0       0x12 ./lib/Kangaroo/KangarooStatus.cpp.o
                0x000830b0                KangarooStatus::init()
 .text._ZN14KangarooStatusC2Ev
                0x000830c2        0xc ./lib/Kangaroo/KangarooStatus.cpp.o
                0x000830c2                KangarooStatus::KangarooStatus()
                0x000830c2                KangarooStatus::KangarooStatus()
 *fill*         0x000830ce        0x2 
 .text._ZN3GpsD2Ev
                0x000830d0        0xc ./lib/Gps/Gps.cpp.o
                0x000830d0                Gps::~Gps()
                0x000830d0                Gps::~Gps()
 .text._ZN3GpsD0Ev
                0x000830dc       0x14 ./lib/Gps/Gps.cpp.o
                0x000830dc                Gps::~Gps()
 .text._ZN3GpsC2EP4NMEAP12SignalkModel
                0x000830f0       0x10 ./lib/Gps/Gps.cpp.o
                0x000830f0                Gps::Gps(NMEA*, SignalkModel*)
                0x000830f0                Gps::Gps(NMEA*, SignalkModel*)
 .text._ZN3Gps6decodeEh
                0x00083100       0xf8 ./lib/Gps/Gps.cpp.o
                0x00083100                Gps::decode(unsigned char)
 .text.startup._GLOBAL__sub_I_gpsBuffer
                0x000831f8       0x24 ./lib/Gps/Gps.cpp.o
 .text._ZN8DueTimer12getAvailableEv
                0x0008321c       0x18 ./lib/DueTimer/DueTimer.cpp.o
                0x0008321c                DueTimer::getAvailable()
 .text._ZN8DueTimer15attachInterruptEPFvvE
                0x00083234       0x10 ./lib/DueTimer/DueTimer.cpp.o
                0x00083234                DueTimer::attachInterrupt(void (*)())
 *fill*         0x00083244        0x4 
 .text._ZN8DueTimer9bestClockEdRm
                0x00083248      0x1a8 ./lib/DueTimer/DueTimer.cpp.o
                0x00083248                DueTimer::bestClock(double, unsigned long&)
 .text._ZN8DueTimer12setFrequencyEd
                0x000833f0       0x94 ./lib/DueTimer/DueTimer.cpp.o
                0x000833f0                DueTimer::setFrequency(double)
 *fill*         0x00083484        0x4 
 .text._ZN8DueTimer9setPeriodEl
                0x00083488       0x30 ./lib/DueTimer/DueTimer.cpp.o
                0x00083488                DueTimer::setPeriod(long)
 .text._ZN8DueTimer5startEl
                0x000834b8       0xd4 ./lib/DueTimer/DueTimer.cpp.o
                0x000834b8                DueTimer::start(long)
 .text.TC0_Handler
                0x0008358c       0x1c ./lib/DueTimer/DueTimer.cpp.o
                0x0008358c                TC0_Handler
 .text.TC1_Handler
                0x000835a8       0x1c ./lib/DueTimer/DueTimer.cpp.o
                0x000835a8                TC1_Handler
 .text.TC2_Handler
                0x000835c4       0x1c ./lib/DueTimer/DueTimer.cpp.o
                0x000835c4                TC2_Handler
 .text.TC3_Handler
                0x000835e0       0x1c ./lib/DueTimer/DueTimer.cpp.o
                0x000835e0                TC3_Handler
 .text.TC4_Handler
                0x000835fc       0x1c ./lib/DueTimer/DueTimer.cpp.o
                0x000835fc                TC4_Handler
 .text.TC5_Handler
                0x00083618       0x1c ./lib/DueTimer/DueTimer.cpp.o
                0x00083618                TC5_Handler
 .text.TC6_Handler
                0x00083634       0x1c ./lib/DueTimer/DueTimer.cpp.o
                0x00083634                TC6_Handler
 .text.TC7_Handler
                0x00083650       0x1c ./lib/DueTimer/DueTimer.cpp.o
                0x00083650                TC7_Handler
 .text.TC8_Handler
                0x0008366c       0x1c ./lib/DueTimer/DueTimer.cpp.o
                0x0008366c                TC8_Handler
 .text.startup._GLOBAL__sub_I__ZN8DueTimer6TimersE
                0x00083688       0x64 ./lib/DueTimer/DueTimer.cpp.o
 .text._ZN9AutopilotC2EP12SignalkModel
                0x000836ec       0x32 ./lib/Autopilot/Autopilot.cpp.o
                0x000836ec                Autopilot::Autopilot(SignalkModel*)
                0x000836ec                Autopilot::Autopilot(SignalkModel*)
 *fill*         0x0008371e        0x2 
 .text._ZN9Autopilot4initEv
                0x00083720      0x130 ./lib/Autopilot/Autopilot.cpp.o
                0x00083720                Autopilot::init()
 .text._ZN9AutopilotD2Ev
                0x00083850        0x2 ./lib/Autopilot/Autopilot.cpp.o
                0x00083850                Autopilot::~Autopilot()
                0x00083850                Autopilot::~Autopilot()
 *fill*         0x00083852        0x2 
 .text.startup._GLOBAL__sub_I_mSerial0
                0x00083854       0x48 ./lib/Autopilot/Autopilot.cpp.o
 .text._ZN6AnchorD2Ev
                0x0008389c        0xc ./lib/Anchor/Anchor.cpp.o
                0x0008389c                Anchor::~Anchor()
                0x0008389c                Anchor::~Anchor()
 .text._ZN6AnchorD0Ev
                0x000838a8       0x14 ./lib/Anchor/Anchor.cpp.o
                0x000838a8                Anchor::~Anchor()
 *fill*         0x000838bc        0x4 
 .text._ZN6Anchor15updateAnchorBoxEff
                0x000838c0      0x1c8 ./lib/Anchor/Anchor.cpp.o
                0x000838c0                Anchor::updateAnchorBox(float, float)
 .text._ZN6Anchor14resetAnchorBoxEff
                0x00083a88       0xa0 ./lib/Anchor/Anchor.cpp.o
                0x00083a88                Anchor::resetAnchorBox(float, float)
 .text._ZN6AnchorC2EP12SignalkModel
                0x00083b28       0x38 ./lib/Anchor/Anchor.cpp.o
                0x00083b28                Anchor::Anchor(SignalkModel*)
                0x00083b28                Anchor::Anchor(SignalkModel*)
 .text._ZN5AlarmD2Ev
                0x00083b60        0xc ./lib/Alarms/Alarm.cpp.o
                0x00083b60                Alarm::~Alarm()
                0x00083b60                Alarm::~Alarm()
 .text._ZN5AlarmD0Ev
                0x00083b6c       0x14 ./lib/Alarms/Alarm.cpp.o
                0x00083b6c                Alarm::~Alarm()
 .text._ZN5AlarmC2EP12SignalkModel
                0x00083b80       0x44 ./lib/Alarms/Alarm.cpp.o
                0x00083b80                Alarm::Alarm(SignalkModel*)
                0x00083b80                Alarm::Alarm(SignalkModel*)
 .text._ZL10SPI_0_Initv
                0x00083bc4       0x48 ./Libraries/SPI/SPI.cpp.o
 .text._ZN8SPIClass4initEv
                0x00083c0c       0x26 ./Libraries/SPI/SPI.cpp.o
                0x00083c0c                SPIClass::init()
 .text._ZN8SPIClass11setBitOrderEh8BitOrder
                0x00083c32       0x1e ./Libraries/SPI/SPI.cpp.o
                0x00083c32                SPIClass::setBitOrder(unsigned char, BitOrder)
 .text._ZN8SPIClass11setDataModeEhh
                0x00083c50       0x34 ./Libraries/SPI/SPI.cpp.o
                0x00083c50                SPIClass::setDataMode(unsigned char, unsigned char)
 .text._ZN8SPIClass15setClockDividerEhh
                0x00083c84       0x2e ./Libraries/SPI/SPI.cpp.o
                0x00083c84                SPIClass::setClockDivider(unsigned char, unsigned char)
 .text._ZN8SPIClass5beginEv
                0x00083cb2       0x22 ./Libraries/SPI/SPI.cpp.o
                0x00083cb2                SPIClass::begin()
 .text._ZN8SPIClass8transferEhh15SPITransferMode
                0x00083cd4       0x5e ./Libraries/SPI/SPI.cpp.o
                0x00083cd4                SPIClass::transfer(unsigned char, unsigned char, SPITransferMode)
 *fill*         0x00083d32        0x2 
 .text.startup._GLOBAL__sub_I__ZN8SPIClassC2EP3SpimPFvvE
                0x00083d34       0x24 ./Libraries/SPI/SPI.cpp.o
 .text.UART_Handler
                0x00083d58        0xc /home/robert/gitrep/freeboardDue/Release/arduino.ar(variant.cpp.o)
                0x00083d58                UART_Handler
 .text.USART0_Handler
                0x00083d64        0xc /home/robert/gitrep/freeboardDue/Release/arduino.ar(variant.cpp.o)
                0x00083d64                USART0_Handler
 .text.USART1_Handler
                0x00083d70        0xc /home/robert/gitrep/freeboardDue/Release/arduino.ar(variant.cpp.o)
                0x00083d70                USART1_Handler
 .text.USART3_Handler
                0x00083d7c        0xc /home/robert/gitrep/freeboardDue/Release/arduino.ar(variant.cpp.o)
                0x00083d7c                USART3_Handler
 .text.init     0x00083d88      0x130 /home/robert/gitrep/freeboardDue/Release/arduino.ar(variant.cpp.o)
                0x00083d88                init
 .text.startup._GLOBAL__sub_I_g_APinDescription
                0x00083eb8       0x90 /home/robert/gitrep/freeboardDue/Release/arduino.ar(variant.cpp.o)
 .text._Z14serialEventRunv
                0x00083f48       0x44 /home/robert/gitrep/freeboardDue/Release/arduino.ar(variant.cpp.o)
                0x00083f48                serialEventRun()
 .text._ZN5Print5writeEPKhj
                0x00083f8c       0x22 /home/robert/gitrep/freeboardDue/Release/arduino.ar(Print.cpp.o)
                0x00083f8c                Print::write(unsigned char const*, unsigned int)
 .text._ZN5Print5writeEPKc
                0x00083fae       0x1e /home/robert/gitrep/freeboardDue/Release/arduino.ar(Print.cpp.o)
                0x00083fae                Print::write(char const*)
 .text._ZN5Print5printEPKc
                0x00083fcc        0x8 /home/robert/gitrep/freeboardDue/Release/arduino.ar(Print.cpp.o)
                0x00083fcc                Print::print(char const*)
 .text._ZN5Print5printEc
                0x00083fd4        0xa /home/robert/gitrep/freeboardDue/Release/arduino.ar(Print.cpp.o)
                0x00083fd4                Print::print(char)
 .text._ZN5Print7printlnEv
                0x00083fde       0x18 /home/robert/gitrep/freeboardDue/Release/arduino.ar(Print.cpp.o)
                0x00083fde                Print::println()
 .text._ZN5Print7printlnEPKc
                0x00083ff6       0x14 /home/robert/gitrep/freeboardDue/Release/arduino.ar(Print.cpp.o)
                0x00083ff6                Print::println(char const*)
 .text._ZN5Print11printNumberEmh
                0x0008400a       0x3c /home/robert/gitrep/freeboardDue/Release/arduino.ar(Print.cpp.o)
                0x0008400a                Print::printNumber(unsigned long, unsigned char)
 .text._ZN5Print5printEli
                0x00084046       0x3c /home/robert/gitrep/freeboardDue/Release/arduino.ar(Print.cpp.o)
                0x00084046                Print::print(long, int)
 .text._ZN5Print5printEii
                0x00084082        0x4 /home/robert/gitrep/freeboardDue/Release/arduino.ar(Print.cpp.o)
                0x00084082                Print::print(int, int)
 .text._ZN5Print5printEmi
                0x00084086       0x18 /home/robert/gitrep/freeboardDue/Release/arduino.ar(Print.cpp.o)
                0x00084086                Print::print(unsigned long, int)
 .text._ZN5Print7printlnEhi
                0x0008409e       0x14 /home/robert/gitrep/freeboardDue/Release/arduino.ar(Print.cpp.o)
                0x0008409e                Print::println(unsigned char, int)
 .text._ZN5Print7printlnEmi
                0x000840b2       0x14 /home/robert/gitrep/freeboardDue/Release/arduino.ar(Print.cpp.o)
                0x000840b2                Print::println(unsigned long, int)
 *fill*         0x000840c6        0x2 
 .text._ZN5Print10printFloatEdh
                0x000840c8      0x14c /home/robert/gitrep/freeboardDue/Release/arduino.ar(Print.cpp.o)
                0x000840c8                Print::printFloat(double, unsigned char)
 .text._ZN5Print5printEdi
                0x00084214        0xa /home/robert/gitrep/freeboardDue/Release/arduino.ar(Print.cpp.o)
                0x00084214                Print::print(double, int)
 .text._ZN10RingBufferC2Ev
                0x0008421e       0x16 /home/robert/gitrep/freeboardDue/Release/arduino.ar(RingBuffer.cpp.o)
                0x0008421e                RingBuffer::RingBuffer()
                0x0008421e                RingBuffer::RingBuffer()
 .text._ZN10RingBuffer10store_charEh
                0x00084234       0x16 /home/robert/gitrep/freeboardDue/Release/arduino.ar(RingBuffer.cpp.o)
                0x00084234                RingBuffer::store_char(unsigned char)
 .text._ZN9UARTClasscvbEv
                0x0008424a        0x4 /home/robert/gitrep/freeboardDue/Release/arduino.ar(UARTClass.cpp.o)
                0x0008424a                UARTClass::operator bool()
 .text._ZN9UARTClass9availableEv
                0x0008424e        0xe /home/robert/gitrep/freeboardDue/Release/arduino.ar(UARTClass.cpp.o)
                0x0008424e                UARTClass::available()
 .text._ZN9UARTClass4peekEv
                0x0008425c       0x12 /home/robert/gitrep/freeboardDue/Release/arduino.ar(UARTClass.cpp.o)
                0x0008425c                UARTClass::peek()
 .text._ZN9UARTClass4readEv
                0x0008426e       0x1c /home/robert/gitrep/freeboardDue/Release/arduino.ar(UARTClass.cpp.o)
                0x0008426e                UARTClass::read()
 .text._ZN9UARTClass5flushEv
                0x0008428a        0xa /home/robert/gitrep/freeboardDue/Release/arduino.ar(UARTClass.cpp.o)
                0x0008428a                UARTClass::flush()
 .text._ZN9UARTClass5writeEh
                0x00084294        0xe /home/robert/gitrep/freeboardDue/Release/arduino.ar(UARTClass.cpp.o)
                0x00084294                UARTClass::write(unsigned char)
 *fill*         0x000842a2        0x2 
 .text._ZN9UARTClass5beginEm
                0x000842a4       0x5c /home/robert/gitrep/freeboardDue/Release/arduino.ar(UARTClass.cpp.o)
                0x000842a4                UARTClass::begin(unsigned long)
 .text._ZN9UARTClass3endEv
                0x00084300       0x38 /home/robert/gitrep/freeboardDue/Release/arduino.ar(UARTClass.cpp.o)
                0x00084300                UARTClass::end()
 .text._ZN9UARTClassC2EP4Uart4IRQnmP10RingBuffer
                0x00084338       0x20 /home/robert/gitrep/freeboardDue/Release/arduino.ar(UARTClass.cpp.o)
                0x00084338                UARTClass::UARTClass(Uart*, IRQn, unsigned long, RingBuffer*)
                0x00084338                UARTClass::UARTClass(Uart*, IRQn, unsigned long, RingBuffer*)
 .text._ZN9UARTClass10IrqHandlerEv
                0x00084358       0x28 /home/robert/gitrep/freeboardDue/Release/arduino.ar(UARTClass.cpp.o)
                0x00084358                UARTClass::IrqHandler()
 .text._ZN10USARTClasscvbEv
                0x00084380        0x4 /home/robert/gitrep/freeboardDue/Release/arduino.ar(USARTClass.cpp.o)
                0x00084380                USARTClass::operator bool()
 .text._ZN10USARTClass9availableEv
                0x00084384        0xe /home/robert/gitrep/freeboardDue/Release/arduino.ar(USARTClass.cpp.o)
                0x00084384                USARTClass::available()
 .text._ZN10USARTClass4peekEv
                0x00084392       0x12 /home/robert/gitrep/freeboardDue/Release/arduino.ar(USARTClass.cpp.o)
                0x00084392                USARTClass::peek()
 .text._ZN10USARTClass4readEv
                0x000843a4       0x1c /home/robert/gitrep/freeboardDue/Release/arduino.ar(USARTClass.cpp.o)
                0x000843a4                USARTClass::read()
 .text._ZN10USARTClass5flushEv
                0x000843c0        0xa /home/robert/gitrep/freeboardDue/Release/arduino.ar(USARTClass.cpp.o)
                0x000843c0                USARTClass::flush()
 .text._ZN10USARTClass5writeEh
                0x000843ca        0xe /home/robert/gitrep/freeboardDue/Release/arduino.ar(USARTClass.cpp.o)
                0x000843ca                USARTClass::write(unsigned char)
 .text._ZN10USARTClass6write9Etb
                0x000843d8       0x14 /home/robert/gitrep/freeboardDue/Release/arduino.ar(USARTClass.cpp.o)
                0x000843d8                USARTClass::write9(unsigned short, bool)
 .text._ZN10USARTClass3endEv
                0x000843ec       0x38 /home/robert/gitrep/freeboardDue/Release/arduino.ar(USARTClass.cpp.o)
                0x000843ec                USARTClass::end()
 .text._ZN10USARTClassC2EP5Usart4IRQnmP10RingBuffer
                0x00084424       0x20 /home/robert/gitrep/freeboardDue/Release/arduino.ar(USARTClass.cpp.o)
                0x00084424                USARTClass::USARTClass(Usart*, IRQn, unsigned long, RingBuffer*)
                0x00084424                USARTClass::USARTClass(Usart*, IRQn, unsigned long, RingBuffer*)
 .text._ZN10USARTClass5beginEmm
                0x00084444       0x58 /home/robert/gitrep/freeboardDue/Release/arduino.ar(USARTClass.cpp.o)
                0x00084444                USARTClass::begin(unsigned long, unsigned long)
 .text._ZN10USARTClass5beginEm
                0x0008449c        0x8 /home/robert/gitrep/freeboardDue/Release/arduino.ar(USARTClass.cpp.o)
                0x0008449c                USARTClass::begin(unsigned long)
 .text._ZN10USARTClass10IrqHandlerEv
                0x000844a4       0x28 /home/robert/gitrep/freeboardDue/Release/arduino.ar(USARTClass.cpp.o)
                0x000844a4                USARTClass::IrqHandler()
 .text.attachInterrupt
                0x000844cc      0x148 /home/robert/gitrep/freeboardDue/Release/arduino.ar(WInterrupts.c.o)
                0x000844cc                attachInterrupt
 .text.PIOA_Handler
                0x00084614       0x28 /home/robert/gitrep/freeboardDue/Release/arduino.ar(WInterrupts.c.o)
                0x00084614                PIOA_Handler
 .text.PIOB_Handler
                0x0008463c       0x28 /home/robert/gitrep/freeboardDue/Release/arduino.ar(WInterrupts.c.o)
                0x0008463c                PIOB_Handler
 .text.PIOC_Handler
                0x00084664       0x28 /home/robert/gitrep/freeboardDue/Release/arduino.ar(WInterrupts.c.o)
                0x00084664                PIOC_Handler
 .text.PIOD_Handler
                0x0008468c       0x28 /home/robert/gitrep/freeboardDue/Release/arduino.ar(WInterrupts.c.o)
                0x0008468c                PIOD_Handler
 .text.initVariant
                0x000846b4        0x2 /home/robert/gitrep/freeboardDue/Release/arduino.ar(main.cpp.o)
                0x000846b4                initVariant
 *fill*         0x000846b6        0x2 
 .text.startup.main
                0x000846b8       0x34 /home/robert/gitrep/freeboardDue/Release/arduino.ar(main.cpp.o)
                0x000846b8                main
 .text.millis   0x000846ec        0x4 /home/robert/gitrep/freeboardDue/Release/arduino.ar(wiring.c.o)
                0x000846ec                millis
 .text.micros   0x000846f0       0x74 /home/robert/gitrep/freeboardDue/Release/arduino.ar(wiring.c.o)
                0x000846f0                micros
 .text.delay    0x00084764       0x1c /home/robert/gitrep/freeboardDue/Release/arduino.ar(wiring.c.o)
                0x00084764                delay
 .text.analogOutputInit
                0x00084780       0x14 /home/robert/gitrep/freeboardDue/Release/arduino.ar(wiring_analog.c.o)
                0x00084780                analogOutputInit
 .text.pinMode  0x00084794       0x64 /home/robert/gitrep/freeboardDue/Release/arduino.ar(wiring_digital.c.o)
                0x00084794                pinMode
 .text.digitalWrite
                0x000847f8       0x48 /home/robert/gitrep/freeboardDue/Release/arduino.ar(wiring_digital.c.o)
                0x000847f8                digitalWrite
 .text.unlikely._ZL11USB_SendZlpv
                0x00084840       0x20 /home/robert/gitrep/freeboardDue/Release/arduino.ar(USBCore.cpp.o)
 .text._Z14USBD_Availablem
                0x00084860       0x2c /home/robert/gitrep/freeboardDue/Release/arduino.ar(USBCore.cpp.o)
                0x00084860                USBD_Available(unsigned long)
 .text._Z9USBD_RecvmPvm
                0x0008488c       0x7c /home/robert/gitrep/freeboardDue/Release/arduino.ar(USBCore.cpp.o)
                0x0008488c                USBD_Recv(unsigned long, void*, unsigned long)
 .text._Z9USBD_Recvm
                0x00084908       0x22 /home/robert/gitrep/freeboardDue/Release/arduino.ar(USBCore.cpp.o)
                0x00084908                USBD_Recv(unsigned long)
 *fill*         0x0008492a        0x2 
 .text._Z9USBD_SendmPKvm
                0x0008492c       0x4c /home/robert/gitrep/freeboardDue/Release/arduino.ar(USBCore.cpp.o)
                0x0008492c                USBD_Send(unsigned long, void const*, unsigned long)
 .text._Z16USBD_SendControlhPKvm
                0x00084978       0x40 /home/robert/gitrep/freeboardDue/Release/arduino.ar(USBCore.cpp.o)
                0x00084978                USBD_SendControl(unsigned char, void const*, unsigned long)
 .text.unlikely._ZL24USB_SendStringDescriptorPKhi
                0x000849b8       0x38 /home/robert/gitrep/freeboardDue/Release/arduino.ar(USBCore.cpp.o)
 .text._Z16USBD_RecvControlPvm
                0x000849f0       0x1c /home/robert/gitrep/freeboardDue/Release/arduino.ar(USBCore.cpp.o)
                0x000849f0                USBD_RecvControl(void*, unsigned long)
 .text._Z26USBD_ClassInterfaceRequestR5Setup
                0x00084a0c       0x14 /home/robert/gitrep/freeboardDue/Release/arduino.ar(USBCore.cpp.o)
                0x00084a0c                USBD_ClassInterfaceRequest(Setup&)
 .text._Z19USBD_SendInterfacesv
                0x00084a20       0x1e /home/robert/gitrep/freeboardDue/Release/arduino.ar(USBCore.cpp.o)
                0x00084a20                USBD_SendInterfaces()
 .text._Z24USBD_SendOtherInterfacesv
                0x00084a3e       0x1e /home/robert/gitrep/freeboardDue/Release/arduino.ar(USBCore.cpp.o)
                0x00084a3e                USBD_SendOtherInterfaces()
 .text._Z10USBD_Flushm
                0x00084a5c       0x16 /home/robert/gitrep/freeboardDue/Release/arduino.ar(USBCore.cpp.o)
                0x00084a5c                USBD_Flush(unsigned long)
 *fill*         0x00084a72        0x2 
 .text._ZN10USBDevice_C2Ev
                0x00084a74       0x24 /home/robert/gitrep/freeboardDue/Release/arduino.ar(USBCore.cpp.o)
                0x00084a74                USBDevice_::USBDevice_()
                0x00084a74                USBDevice_::USBDevice_()
 .text._ZN10USBDevice_6attachEv
                0x00084a98       0x20 /home/robert/gitrep/freeboardDue/Release/arduino.ar(USBCore.cpp.o)
                0x00084a98                USBDevice_::attach()
 .text.startup._GLOBAL__sub_I_TxLEDPulse
                0x00084ab8        0xc /home/robert/gitrep/freeboardDue/Release/arduino.ar(USBCore.cpp.o)
 .text._ZL7USB_ISRv
                0x00084ac4      0x424 /home/robert/gitrep/freeboardDue/Release/arduino.ar(USBCore.cpp.o)
 .text.__empty  0x00084ee8        0x2 /home/robert/gitrep/freeboardDue/Release/arduino.ar(hooks.c.o)
                0x00084ee8                yield
 .text.__false  0x00084eea        0x4 /home/robert/gitrep/freeboardDue/Release/arduino.ar(hooks.c.o)
                0x00084eea                sysTickHook
 .text.__halt   0x00084eee        0x2 /home/robert/gitrep/freeboardDue/Release/arduino.ar(hooks.c.o)
                0x00084eee                pendSVHook
                0x00084eee                svcHook
 .text._ZN7Serial_9availableEv
                0x00084ef0       0x18 /home/robert/gitrep/freeboardDue/Release/arduino.ar(CDC.cpp.o)
                0x00084ef0                Serial_::available()
 .text._ZN7Serial_4peekEv
                0x00084f08       0x20 /home/robert/gitrep/freeboardDue/Release/arduino.ar(CDC.cpp.o)
                0x00084f08                Serial_::peek()
 .text._ZN7Serial_5writeEh
                0x00084f28       0x16 /home/robert/gitrep/freeboardDue/Release/arduino.ar(CDC.cpp.o)
                0x00084f28                Serial_::write(unsigned char)
 *fill*         0x00084f3e        0x2 
 .text._ZN7Serial_4readEv
                0x00084f40       0x44 /home/robert/gitrep/freeboardDue/Release/arduino.ar(CDC.cpp.o)
                0x00084f40                Serial_::read()
 .text._ZN7Serial_5flushEv
                0x00084f84        0x6 /home/robert/gitrep/freeboardDue/Release/arduino.ar(CDC.cpp.o)
                0x00084f84                Serial_::flush()
 *fill*         0x00084f8a        0x2 
 .text._ZN7Serial_6acceptEv
                0x00084f8c       0x70 /home/robert/gitrep/freeboardDue/Release/arduino.ar(CDC.cpp.o)
                0x00084f8c                Serial_::accept()
 .text._ZN7Serial_5writeEPKhj
                0x00084ffc       0x2c /home/robert/gitrep/freeboardDue/Release/arduino.ar(CDC.cpp.o)
                0x00084ffc                Serial_::write(unsigned char const*, unsigned int)
 .text._Z16CDC_GetInterfacePh
                0x00085028       0x14 /home/robert/gitrep/freeboardDue/Release/arduino.ar(CDC.cpp.o)
                0x00085028                CDC_GetInterface(unsigned char*)
 .text._Z21CDC_GetOtherInterfacePh
                0x0008503c       0x14 /home/robert/gitrep/freeboardDue/Release/arduino.ar(CDC.cpp.o)
                0x0008503c                CDC_GetOtherInterface(unsigned char*)
 .text._Z9CDC_SetupR5Setup
                0x00085050       0x64 /home/robert/gitrep/freeboardDue/Release/arduino.ar(CDC.cpp.o)
                0x00085050                CDC_Setup(Setup&)
 .text.startup._GLOBAL__sub_I_cdc_rx_buffer
                0x000850b4       0x1c /home/robert/gitrep/freeboardDue/Release/arduino.ar(CDC.cpp.o)
 .text._ZN9Keyboard_5writeEh
                0x000850d0       0x1c /home/robert/gitrep/freeboardDue/Release/arduino.ar(HID.cpp.o)
                0x000850d0                Keyboard_::write(unsigned char)
 .text._Z16HID_GetInterfacePh
                0x000850ec       0x14 /home/robert/gitrep/freeboardDue/Release/arduino.ar(HID.cpp.o)
                0x000850ec                HID_GetInterface(unsigned char*)
 .text._Z17HID_GetDescriptori
                0x00085100       0x10 /home/robert/gitrep/freeboardDue/Release/arduino.ar(HID.cpp.o)
                0x00085100                HID_GetDescriptor(int)
 .text._Z14HID_SendReporthPKvm
                0x00085110       0x2e /home/robert/gitrep/freeboardDue/Release/arduino.ar(HID.cpp.o)
                0x00085110                HID_SendReport(unsigned char, void const*, unsigned long)
 *fill*         0x0008513e        0x2 
 .text._Z9HID_SetupR5Setup
                0x00085140       0x40 /home/robert/gitrep/freeboardDue/Release/arduino.ar(HID.cpp.o)
                0x00085140                HID_Setup(Setup&)
 .text._ZN9Keyboard_10sendReportEP9KeyReport
                0x00085180        0xc /home/robert/gitrep/freeboardDue/Release/arduino.ar(HID.cpp.o)
                0x00085180                Keyboard_::sendReport(KeyReport*)
 .text._ZN9Keyboard_5pressEh
                0x0008518c       0x88 /home/robert/gitrep/freeboardDue/Release/arduino.ar(HID.cpp.o)
                0x0008518c                Keyboard_::press(unsigned char)
 .text._ZN9Keyboard_7releaseEh
                0x00085214       0x64 /home/robert/gitrep/freeboardDue/Release/arduino.ar(HID.cpp.o)
                0x00085214                Keyboard_::release(unsigned char)
 .text._ZN9Keyboard_10releaseAllEv
                0x00085278       0x18 /home/robert/gitrep/freeboardDue/Release/arduino.ar(HID.cpp.o)
                0x00085278                Keyboard_::releaseAll()
 .text.startup._GLOBAL__sub_I_Mouse
                0x00085290       0x1c /home/robert/gitrep/freeboardDue/Release/arduino.ar(HID.cpp.o)
 .text.initiateReset
                0x000852ac        0xc /home/robert/gitrep/freeboardDue/Release/arduino.ar(Reset.cpp.o)
                0x000852ac                initiateReset
 .text.cancelReset
                0x000852b8       0x10 /home/robert/gitrep/freeboardDue/Release/arduino.ar(Reset.cpp.o)
                0x000852b8                cancelReset
 .text.tickReset
                0x000852c8       0x20 /home/robert/gitrep/freeboardDue/Release/arduino.ar(Reset.cpp.o)
                0x000852c8                tickReset
 .text.PIO_DisableInterrupt
                0x000852e8        0x4 /home/robert/dev/arduino-1.5.7/hardware/arduino/sam/variants/arduino_due_x/libsam_sam3x8e_gcc_rel.a(pio.o)
                0x000852e8                PIO_DisableInterrupt
 .text.PIO_PullUp
                0x000852ec        0xa /home/robert/dev/arduino-1.5.7/hardware/arduino/sam/variants/arduino_due_x/libsam_sam3x8e_gcc_rel.a(pio.o)
                0x000852ec                PIO_PullUp
 .text.PIO_SetPeripheral
                0x000852f6       0x2a /home/robert/dev/arduino-1.5.7/hardware/arduino/sam/variants/arduino_due_x/libsam_sam3x8e_gcc_rel.a(pio.o)
                0x000852f6                PIO_SetPeripheral
 .text.PIO_SetInput
                0x00085320       0x40 /home/robert/dev/arduino-1.5.7/hardware/arduino/sam/variants/arduino_due_x/libsam_sam3x8e_gcc_rel.a(pio.o)
                0x00085320                PIO_SetInput
 .text.PIO_SetOutput
                0x00085360       0x38 /home/robert/dev/arduino-1.5.7/hardware/arduino/sam/variants/arduino_due_x/libsam_sam3x8e_gcc_rel.a(pio.o)
                0x00085360                PIO_SetOutput
 .text.PIO_Configure
                0x00085398       0x74 /home/robert/dev/arduino-1.5.7/hardware/arduino/sam/variants/arduino_due_x/libsam_sam3x8e_gcc_rel.a(pio.o)
                0x00085398                PIO_Configure
 .text.PIO_GetOutputDataStatus
                0x0008540c       0x16 /home/robert/dev/arduino-1.5.7/hardware/arduino/sam/variants/arduino_due_x/libsam_sam3x8e_gcc_rel.a(pio.o)
                0x0008540c                PIO_GetOutputDataStatus
 *fill*         0x00085422        0x2 
 .text.pmc_enable_upll_clock
                0x00085424       0x18 /home/robert/dev/arduino-1.5.7/hardware/arduino/sam/variants/arduino_due_x/libsam_sam3x8e_gcc_rel.a(pmc.o)
                0x00085424                pmc_enable_upll_clock
 .text.pmc_enable_periph_clk
                0x0008543c       0x48 /home/robert/dev/arduino-1.5.7/hardware/arduino/sam/variants/arduino_due_x/libsam_sam3x8e_gcc_rel.a(pmc.o)
                0x0008543c                pmc_enable_periph_clk
 .text.pmc_disable_periph_clk
                0x00085484       0x48 /home/robert/dev/arduino-1.5.7/hardware/arduino/sam/variants/arduino_due_x/libsam_sam3x8e_gcc_rel.a(pmc.o)
                0x00085484                pmc_disable_periph_clk
 .text.pmc_switch_udpck_to_upllck
                0x000854cc       0x14 /home/robert/dev/arduino-1.5.7/hardware/arduino/sam/variants/arduino_due_x/libsam_sam3x8e_gcc_rel.a(pmc.o)
                0x000854cc                pmc_switch_udpck_to_upllck
 .text.pmc_enable_udpck
                0x000854e0        0xc /home/robert/dev/arduino-1.5.7/hardware/arduino/sam/variants/arduino_due_x/libsam_sam3x8e_gcc_rel.a(pmc.o)
                0x000854e0                pmc_enable_udpck
 .text.pmc_set_writeprotect
                0x000854ec       0x1c /home/robert/dev/arduino-1.5.7/hardware/arduino/sam/variants/arduino_due_x/libsam_sam3x8e_gcc_rel.a(pmc.o)
                0x000854ec                pmc_set_writeprotect
 .text.SPI_Enable
                0x00085508        0x6 /home/robert/dev/arduino-1.5.7/hardware/arduino/sam/variants/arduino_due_x/libsam_sam3x8e_gcc_rel.a(spi.o)
                0x00085508                SPI_Enable
 *fill*         0x0008550e        0x2 
 .text.SPI_Configure
                0x00085510       0x20 /home/robert/dev/arduino-1.5.7/hardware/arduino/sam/variants/arduino_due_x/libsam_sam3x8e_gcc_rel.a(spi.o)
                0x00085510                SPI_Configure
 .text.SPI_ConfigureNPCS
                0x00085530        0x8 /home/robert/dev/arduino-1.5.7/hardware/arduino/sam/variants/arduino_due_x/libsam_sam3x8e_gcc_rel.a(spi.o)
                0x00085530                SPI_ConfigureNPCS
 .text.TC_Configure
                0x00085538       0x38 /home/robert/dev/arduino-1.5.7/hardware/arduino/sam/variants/arduino_due_x/libsam_sam3x8e_gcc_rel.a(tc.o)
                0x00085538                TC_Configure
 .text.TC_Start
                0x00085570       0x2c /home/robert/dev/arduino-1.5.7/hardware/arduino/sam/variants/arduino_due_x/libsam_sam3x8e_gcc_rel.a(tc.o)
                0x00085570                TC_Start
 .text.TC_GetStatus
                0x0008559c        0x8 /home/robert/dev/arduino-1.5.7/hardware/arduino/sam/variants/arduino_due_x/libsam_sam3x8e_gcc_rel.a(tc.o)
                0x0008559c                TC_GetStatus
 .text.TC_SetRC
                0x000855a4        0x8 /home/robert/dev/arduino-1.5.7/hardware/arduino/sam/variants/arduino_due_x/libsam_sam3x8e_gcc_rel.a(tc.o)
                0x000855a4                TC_SetRC
 .text.TimeTick_Increment
                0x000855ac       0x10 /home/robert/dev/arduino-1.5.7/hardware/arduino/sam/variants/arduino_due_x/libsam_sam3x8e_gcc_rel.a(timetick.o)
                0x000855ac                TimeTick_Increment
 .text.GetTickCount
                0x000855bc        0xc /home/robert/dev/arduino-1.5.7/hardware/arduino/sam/variants/arduino_due_x/libsam_sam3x8e_gcc_rel.a(timetick.o)
                0x000855bc                GetTickCount
 .text.WDT_Disable
                0x000855c8        0x8 /home/robert/dev/arduino-1.5.7/hardware/arduino/sam/variants/arduino_due_x/libsam_sam3x8e_gcc_rel.a(wdt.o)
                0x000855c8                WDT_Disable
 .text.SystemInit
                0x000855d0       0x9c /home/robert/dev/arduino-1.5.7/hardware/arduino/sam/variants/arduino_due_x/libsam_sam3x8e_gcc_rel.a(system_sam3xa.o)
                0x000855d0                SystemInit
 .text.Reset_Handler
                0x0008566c       0x70 /home/robert/dev/arduino-1.5.7/hardware/arduino/sam/variants/arduino_due_x/libsam_sam3x8e_gcc_rel.a(startup_sam3xa.o)
                0x0008566c                Reset_Handler
 .text.adc_init
                0x000856dc       0xa0 /home/robert/dev/arduino-1.5.7/hardware/arduino/sam/variants/arduino_due_x/libsam_sam3x8e_gcc_rel.a(adc.o)
                0x000856dc                adc_init
 .text.adc_configure_trigger
                0x0008577c       0x10 /home/robert/dev/arduino-1.5.7/hardware/arduino/sam/variants/arduino_due_x/libsam_sam3x8e_gcc_rel.a(adc.o)
                0x0008577c                adc_configure_trigger
 .text.adc_configure_timing
                0x0008578c       0x1a /home/robert/dev/arduino-1.5.7/hardware/arduino/sam/variants/arduino_due_x/libsam_sam3x8e_gcc_rel.a(adc.o)
                0x0008578c                adc_configure_timing
 .text.adc_disable_all_channel
                0x000857a6        0x8 /home/robert/dev/arduino-1.5.7/hardware/arduino/sam/variants/arduino_due_x/libsam_sam3x8e_gcc_rel.a(adc.o)
                0x000857a6                adc_disable_all_channel
 .text.adc_disable_interrupt
                0x000857ae        0x4 /home/robert/dev/arduino-1.5.7/hardware/arduino/sam/variants/arduino_due_x/libsam_sam3x8e_gcc_rel.a(adc.o)
                0x000857ae                adc_disable_interrupt
 *fill*         0x000857b2        0x2 
 .text.UOTGHS_Handler
                0x000857b4       0x10 /home/robert/dev/arduino-1.5.7/hardware/arduino/sam/variants/arduino_due_x/libsam_sam3x8e_gcc_rel.a(uotghs.o)
                0x000857b4                UOTGHS_Handler
 .text.UDD_SetStack
                0x000857c4        0xc /home/robert/dev/arduino-1.5.7/hardware/arduino/sam/variants/arduino_due_x/libsam_sam3x8e_gcc_rel.a(uotghs_device.o)
                0x000857c4                UDD_SetStack
 .text.UDD_Init
                0x000857d0       0xd0 /home/robert/dev/arduino-1.5.7/hardware/arduino/sam/variants/arduino_due_x/libsam_sam3x8e_gcc_rel.a(uotghs_device.o)
                0x000857d0                UDD_Init
 .text.UDD_Attach
                0x000858a0       0x4c /home/robert/dev/arduino-1.5.7/hardware/arduino/sam/variants/arduino_due_x/libsam_sam3x8e_gcc_rel.a(uotghs_device.o)
                0x000858a0                UDD_Attach
 .text.UDD_InitEP
                0x000858ec       0x30 /home/robert/dev/arduino-1.5.7/hardware/arduino/sam/variants/arduino_due_x/libsam_sam3x8e_gcc_rel.a(uotghs_device.o)
                0x000858ec                UDD_InitEP
 .text.UDD_InitEndpoints
                0x0008591c       0x3c /home/robert/dev/arduino-1.5.7/hardware/arduino/sam/variants/arduino_due_x/libsam_sam3x8e_gcc_rel.a(uotghs_device.o)
                0x0008591c                UDD_InitEndpoints
 .text.UDD_WaitIN
                0x00085958       0x14 /home/robert/dev/arduino-1.5.7/hardware/arduino/sam/variants/arduino_due_x/libsam_sam3x8e_gcc_rel.a(uotghs_device.o)
                0x00085958                UDD_WaitIN
 .text.UDD_WaitOUT
                0x0008596c       0x14 /home/robert/dev/arduino-1.5.7/hardware/arduino/sam/variants/arduino_due_x/libsam_sam3x8e_gcc_rel.a(uotghs_device.o)
                0x0008596c                UDD_WaitOUT
 .text.UDD_ClearIN
                0x00085980       0x18 /home/robert/dev/arduino-1.5.7/hardware/arduino/sam/variants/arduino_due_x/libsam_sam3x8e_gcc_rel.a(uotghs_device.o)
                0x00085980                UDD_ClearIN
 .text.UDD_ClearOUT
                0x00085998       0x18 /home/robert/dev/arduino-1.5.7/hardware/arduino/sam/variants/arduino_due_x/libsam_sam3x8e_gcc_rel.a(uotghs_device.o)
                0x00085998                UDD_ClearOUT
 .text.UDD_ReceivedSetupInt
                0x000859b0       0x10 /home/robert/dev/arduino-1.5.7/hardware/arduino/sam/variants/arduino_due_x/libsam_sam3x8e_gcc_rel.a(uotghs_device.o)
                0x000859b0                UDD_ReceivedSetupInt
 .text.UDD_ClearSetupInt
                0x000859c0       0x10 /home/robert/dev/arduino-1.5.7/hardware/arduino/sam/variants/arduino_due_x/libsam_sam3x8e_gcc_rel.a(uotghs_device.o)
                0x000859c0                UDD_ClearSetupInt
 .text.UDD_Send
                0x000859d0       0x90 /home/robert/dev/arduino-1.5.7/hardware/arduino/sam/variants/arduino_due_x/libsam_sam3x8e_gcc_rel.a(uotghs_device.o)
                0x000859d0                UDD_Send
 .text.UDD_Send8
                0x00085a60       0x28 /home/robert/dev/arduino-1.5.7/hardware/arduino/sam/variants/arduino_due_x/libsam_sam3x8e_gcc_rel.a(uotghs_device.o)
                0x00085a60                UDD_Send8
 .text.UDD_Recv8
                0x00085a88       0x28 /home/robert/dev/arduino-1.5.7/hardware/arduino/sam/variants/arduino_due_x/libsam_sam3x8e_gcc_rel.a(uotghs_device.o)
                0x00085a88                UDD_Recv8
 .text.UDD_Recv
                0x00085ab0       0x34 /home/robert/dev/arduino-1.5.7/hardware/arduino/sam/variants/arduino_due_x/libsam_sam3x8e_gcc_rel.a(uotghs_device.o)
                0x00085ab0                UDD_Recv
 .text.UDD_Stall
                0x00085ae4       0x14 /home/robert/dev/arduino-1.5.7/hardware/arduino/sam/variants/arduino_due_x/libsam_sam3x8e_gcc_rel.a(uotghs_device.o)
                0x00085ae4                UDD_Stall
 .text.UDD_FifoByteCount
                0x00085af8       0x1c /home/robert/dev/arduino-1.5.7/hardware/arduino/sam/variants/arduino_due_x/libsam_sam3x8e_gcc_rel.a(uotghs_device.o)
                0x00085af8                UDD_FifoByteCount
 .text.UDD_ReleaseRX
                0x00085b14       0x2c /home/robert/dev/arduino-1.5.7/hardware/arduino/sam/variants/arduino_due_x/libsam_sam3x8e_gcc_rel.a(uotghs_device.o)
                0x00085b14                UDD_ReleaseRX
 .text.UDD_ReleaseTX
                0x00085b40       0x2c /home/robert/dev/arduino-1.5.7/hardware/arduino/sam/variants/arduino_due_x/libsam_sam3x8e_gcc_rel.a(uotghs_device.o)
                0x00085b40                UDD_ReleaseTX
 .text.UDD_SetAddress
                0x00085b6c       0x20 /home/robert/dev/arduino-1.5.7/hardware/arduino/sam/variants/arduino_due_x/libsam_sam3x8e_gcc_rel.a(uotghs_device.o)
                0x00085b6c                UDD_SetAddress
 .text.__halt   0x00085b8c        0x2 /home/robert/gitrep/freeboardDue/Release/arduino.ar(cortex_handlers.c.o)
                0x00085b8c                DACC_Handler
                0x00085b8c                DebugMon_Handler
                0x00085b8c                DMAC_Handler
                0x00085b8c                TRNG_Handler
                0x00085b8c                HardFault_Handler
                0x00085b8c                TWI1_Handler
                0x00085b8c                NMI_Handler
                0x00085b8c                ADC_Handler
                0x00085b8c                SMC_Handler
                0x00085b8c                RTT_Handler
                0x00085b8c                EFC1_Handler
                0x00085b8c                RTC_Handler
                0x00085b8c                UsageFault_Handler
                0x00085b8c                WDT_Handler
                0x00085b8c                CAN0_Handler
                0x00085b8c                HSMCI_Handler
                0x00085b8c                TWI0_Handler
                0x00085b8c                SSC_Handler
                0x00085b8c                EFC0_Handler
                0x00085b8c                PMC_Handler
                0x00085b8c                PWM_Handler
                0x00085b8c                CAN1_Handler
                0x00085b8c                MemManage_Handler
                0x00085b8c                SUPC_Handler
                0x00085b8c                USART2_Handler
                0x00085b8c                EMAC_Handler
                0x00085b8c                BusFault_Handler
                0x00085b8c                RSTC_Handler
                0x00085b8c                SPI0_Handler
 .text.SVC_Handler
                0x00085b8e        0x4 /home/robert/gitrep/freeboardDue/Release/arduino.ar(cortex_handlers.c.o)
                0x00085b8e                SVC_Handler
 .text.PendSV_Handler
                0x00085b92        0x4 /home/robert/gitrep/freeboardDue/Release/arduino.ar(cortex_handlers.c.o)
                0x00085b92                PendSV_Handler
 .text.SysTick_Handler
                0x00085b96       0x16 /home/robert/gitrep/freeboardDue/Release/arduino.ar(cortex_handlers.c.o)
                0x00085b96                SysTick_Handler
 .text._ZdlPv   0x00085bac        0x8 /home/robert/dev/arduino-1.5.7/hardware/tools/gcc-arm-none-eabi-4.8.3-2014q1/bin/../lib/gcc/arm-none-eabi/4.8.3/../../../../arm-none-eabi/lib/armv7-m/libstdc++.a(del_op.o)
                0x00085bac                operator delete(void*)
 .text.__aeabi_atexit
                0x00085bb4        0xc /home/robert/dev/arduino-1.5.7/hardware/tools/gcc-arm-none-eabi-4.8.3-2014q1/bin/../lib/gcc/arm-none-eabi/4.8.3/../../../../arm-none-eabi/lib/armv7-m/libstdc++.a(atexit_arm.o)
                0x00085bb4                __aeabi_atexit
 .text.floor    0x00085bc0      0x120 /home/robert/dev/arduino-1.5.7/hardware/tools/gcc-arm-none-eabi-4.8.3-2014q1/bin/../lib/gcc/arm-none-eabi/4.8.3/../../../../arm-none-eabi/lib/armv7-m/libm.a(lib_a-s_floor.o)
                0x00085bc0                floor
 .text.__fpclassifyd
                0x00085ce0       0x50 /home/robert/dev/arduino-1.5.7/hardware/tools/gcc-arm-none-eabi-4.8.3-2014q1/bin/../lib/gcc/arm-none-eabi/4.8.3/../../../../arm-none-eabi/lib/armv7-m/libm.a(lib_a-s_fpclassify.o)
                0x00085ce0                __fpclassifyd
 .text          0x00085d30      0x370 /home/robert/dev/arduino-1.5.7/hardware/tools/gcc-arm-none-eabi-4.8.3-2014q1/bin/../lib/gcc/arm-none-eabi/4.8.3/armv7-m/libgcc.a(_arm_addsubdf3.o)
                0x00085d30                __aeabi_drsub
                0x00085d38                __aeabi_dsub
                0x00085d38                __subdf3
                0x00085d3c                __adddf3
                0x00085d3c                __aeabi_dadd
                0x00085fb4                __aeabi_ui2d
                0x00085fb4                __floatunsidf
                0x00085fd4                __floatsidf
                0x00085fd4                __aeabi_i2d
                0x00085ff8                __extendsfdf2
                0x00085ff8                __aeabi_f2d
                0x00086034                __aeabi_ul2d
                0x00086034                __floatundidf
                0x00086044                __floatdidf
                0x00086044                __aeabi_l2d
 .text          0x000860a0      0x424 /home/robert/dev/arduino-1.5.7/hardware/tools/gcc-arm-none-eabi-4.8.3-2014q1/bin/../lib/gcc/arm-none-eabi/4.8.3/armv7-m/libgcc.a(_arm_muldivdf3.o)
                0x000860a0                __aeabi_dmul
                0x000860a0                __muldf3
                0x000862f4                __aeabi_ddiv
                0x000862f4                __divdf3
 .text          0x000864c4      0x110 /home/robert/dev/arduino-1.5.7/hardware/tools/gcc-arm-none-eabi-4.8.3-2014q1/bin/../lib/gcc/arm-none-eabi/4.8.3/armv7-m/libgcc.a(_arm_cmpdf2.o)
                0x000864c4                __gtdf2
                0x000864c4                __gedf2
                0x000864cc                __ltdf2
                0x000864cc                __ledf2
                0x000864d4                __cmpdf2
                0x000864d4                __eqdf2
                0x000864d4                __nedf2
                0x00086550                __aeabi_cdrcmple
                0x00086560                __aeabi_cdcmple
                0x00086560                __aeabi_cdcmpeq
                0x00086570                __aeabi_dcmpeq
                0x00086584                __aeabi_dcmplt
                0x00086598                __aeabi_dcmple
                0x000865ac                __aeabi_dcmpge
                0x000865c0                __aeabi_dcmpgt
 .text          0x000865d4       0x50 /home/robert/dev/arduino-1.5.7/hardware/tools/gcc-arm-none-eabi-4.8.3-2014q1/bin/../lib/gcc/arm-none-eabi/4.8.3/armv7-m/libgcc.a(_arm_fixdfsi.o)
                0x000865d4                __fixdfsi
                0x000865d4                __aeabi_d2iz
 .text          0x00086624       0x40 /home/robert/dev/arduino-1.5.7/hardware/tools/gcc-arm-none-eabi-4.8.3-2014q1/bin/../lib/gcc/arm-none-eabi/4.8.3/armv7-m/libgcc.a(_arm_fixunsdfsi.o)
                0x00086624                __fixunsdfsi
                0x00086624                __aeabi_d2uiz
 .text          0x00086664       0xa0 /home/robert/dev/arduino-1.5.7/hardware/tools/gcc-arm-none-eabi-4.8.3-2014q1/bin/../lib/gcc/arm-none-eabi/4.8.3/armv7-m/libgcc.a(_arm_truncdfsf2.o)
                0x00086664                __aeabi_d2f
                0x00086664                __truncdfsf2
 .text          0x00086704      0x21c /home/robert/dev/arduino-1.5.7/hardware/tools/gcc-arm-none-eabi-4.8.3-2014q1/bin/../lib/gcc/arm-none-eabi/4.8.3/armv7-m/libgcc.a(_arm_addsubsf3.o)
                0x00086704                __aeabi_frsub
                0x0008670c                __subsf3
                0x0008670c                __aeabi_fsub
                0x00086710                __aeabi_fadd
                0x00086710                __addsf3
                0x00086870                __aeabi_ui2f
                0x00086870                __floatunsisf
                0x00086878                __aeabi_i2f
                0x00086878                __floatsisf
                0x00086894                __floatundisf
                0x00086894                __aeabi_ul2f
                0x000868a4                __floatdisf
                0x000868a4                __aeabi_l2f
 .text          0x00086920      0x2a0 /home/robert/dev/arduino-1.5.7/hardware/tools/gcc-arm-none-eabi-4.8.3-2014q1/bin/../lib/gcc/arm-none-eabi/4.8.3/armv7-m/libgcc.a(_arm_muldivsf3.o)
                0x00086920                __mulsf3
                0x00086920                __aeabi_fmul
                0x00086a88                __divsf3
                0x00086a88                __aeabi_fdiv
 .text          0x00086bc0       0xec /home/robert/dev/arduino-1.5.7/hardware/tools/gcc-arm-none-eabi-4.8.3-2014q1/bin/../lib/gcc/arm-none-eabi/4.8.3/armv7-m/libgcc.a(_arm_cmpsf2.o)
                0x00086bc0                __gtsf2
                0x00086bc0                __gesf2
                0x00086bc8                __lesf2
                0x00086bc8                __ltsf2
                0x00086bd0                __nesf2
                0x00086bd0                __eqsf2
                0x00086bd0                __cmpsf2
                0x00086c30                __aeabi_cfrcmple
                0x00086c38                __aeabi_cfcmple
                0x00086c38                __aeabi_cfcmpeq
                0x00086c48                __aeabi_fcmpeq
                0x00086c5c                __aeabi_fcmplt
                0x00086c70                __aeabi_fcmple
                0x00086c84                __aeabi_fcmpge
                0x00086c98                __aeabi_fcmpgt
 .text.__assert_func
                0x00086cac       0x3c /home/robert/dev/arduino-1.5.7/hardware/tools/gcc-arm-none-eabi-4.8.3-2014q1/bin/../lib/gcc/arm-none-eabi/4.8.3/../../../../arm-none-eabi/lib/armv7-m/libc.a(lib_a-assert.o)
                0x00086cac                __assert_func
 .text.atof     0x00086ce8        0x8 /home/robert/dev/arduino-1.5.7/hardware/tools/gcc-arm-none-eabi-4.8.3-2014q1/bin/../lib/gcc/arm-none-eabi/4.8.3/../../../../arm-none-eabi/lib/armv7-m/libc.a(lib_a-atof.o)
                0x00086ce8                atof
 .text.atoff    0x00086cf0        0x8 /home/robert/dev/arduino-1.5.7/hardware/tools/gcc-arm-none-eabi-4.8.3-2014q1/bin/../lib/gcc/arm-none-eabi/4.8.3/../../../../arm-none-eabi/lib/armv7-m/libc.a(lib_a-atoff.o)
                0x00086cf0                atoff
 .text.atoi     0x00086cf8        0x8 /home/robert/dev/arduino-1.5.7/hardware/tools/gcc-arm-none-eabi-4.8.3-2014q1/bin/../lib/gcc/arm-none-eabi/4.8.3/../../../../arm-none-eabi/lib/armv7-m/libc.a(lib_a-atoi.o)
                0x00086cf8                atoi
 .text.__cxa_atexit
                0x00086d00       0x14 /home/robert/dev/arduino-1.5.7/hardware/tools/gcc-arm-none-eabi-4.8.3-2014q1/bin/../lib/gcc/arm-none-eabi/4.8.3/../../../../arm-none-eabi/lib/armv7-m/libc.a(lib_a-cxa_atexit.o)
                0x00086d00                __cxa_atexit
 .text.fiprintf
                0x00086d14       0x28 /home/robert/dev/arduino-1.5.7/hardware/tools/gcc-arm-none-eabi-4.8.3-2014q1/bin/../lib/gcc/arm-none-eabi/4.8.3/../../../../arm-none-eabi/lib/armv7-m/libc.a(lib_a-fiprintf.o)
                0x00086d14                fiprintf
 .text.__libc_init_array
                0x00086d3c       0x50 /home/robert/dev/arduino-1.5.7/hardware/tools/gcc-arm-none-eabi-4.8.3-2014q1/bin/../lib/gcc/arm-none-eabi/4.8.3/../../../../arm-none-eabi/lib/armv7-m/libc.a(lib_a-init.o)
                0x00086d3c                __libc_init_array
 .text.iprintf  0x00086d8c       0x28 /home/robert/dev/arduino-1.5.7/hardware/tools/gcc-arm-none-eabi-4.8.3-2014q1/bin/../lib/gcc/arm-none-eabi/4.8.3/../../../../arm-none-eabi/lib/armv7-m/libc.a(lib_a-iprintf.o)
                0x00086d8c                iprintf
 .text.malloc   0x00086db4       0x10 /home/robert/dev/arduino-1.5.7/hardware/tools/gcc-arm-none-eabi-4.8.3-2014q1/bin/../lib/gcc/arm-none-eabi/4.8.3/../../../../arm-none-eabi/lib/armv7-m/libc.a(lib_a-malloc.o)
                0x00086db4                malloc
 .text.free     0x00086dc4       0x10 /home/robert/dev/arduino-1.5.7/hardware/tools/gcc-arm-none-eabi-4.8.3-2014q1/bin/../lib/gcc/arm-none-eabi/4.8.3/../../../../arm-none-eabi/lib/armv7-m/libc.a(lib_a-malloc.o)
                0x00086dc4                free
 .text._malloc_r
                0x00086dd4      0x538 /home/robert/dev/arduino-1.5.7/hardware/tools/gcc-arm-none-eabi-4.8.3-2014q1/bin/../lib/gcc/arm-none-eabi/4.8.3/../../../../arm-none-eabi/lib/armv7-m/libc.a(lib_a-mallocr.o)
                0x00086dd4                _malloc_r
 .text          0x0008730c       0xec /home/robert/dev/arduino-1.5.7/hardware/tools/gcc-arm-none-eabi-4.8.3-2014q1/bin/../lib/gcc/arm-none-eabi/4.8.3/../../../../arm-none-eabi/lib/armv7-m/libc.a(lib_a-memcpy.o)
                0x0008730c                memcpy
 .text.memset   0x000873f8       0x94 /home/robert/dev/arduino-1.5.7/hardware/tools/gcc-arm-none-eabi-4.8.3-2014q1/bin/../lib/gcc/arm-none-eabi/4.8.3/../../../../arm-none-eabi/lib/armv7-m/libc.a(lib_a-memset.o)
                0x000873f8                memset
 .text.__malloc_lock
                0x0008748c        0x4 /home/robert/dev/arduino-1.5.7/hardware/tools/gcc-arm-none-eabi-4.8.3-2014q1/bin/../lib/gcc/arm-none-eabi/4.8.3/../../../../arm-none-eabi/lib/armv7-m/libc.a(lib_a-mlock.o)
                0x0008748c                __malloc_lock
 .text.__malloc_unlock
                0x00087490        0x4 /home/robert/dev/arduino-1.5.7/hardware/tools/gcc-arm-none-eabi-4.8.3-2014q1/bin/../lib/gcc/arm-none-eabi/4.8.3/../../../../arm-none-eabi/lib/armv7-m/libc.a(lib_a-mlock.o)
                0x00087490                __malloc_unlock
 .text._sbrk_r  0x00087494       0x24 /home/robert/dev/arduino-1.5.7/hardware/tools/gcc-arm-none-eabi-4.8.3-2014q1/bin/../lib/gcc/arm-none-eabi/4.8.3/../../../../arm-none-eabi/lib/armv7-m/libc.a(lib_a-sbrkr.o)
                0x00087494                _sbrk_r
 .text.strcasecmp
                0x000874b8       0x44 /home/robert/dev/arduino-1.5.7/hardware/tools/gcc-arm-none-eabi-4.8.3-2014q1/bin/../lib/gcc/arm-none-eabi/4.8.3/../../../../arm-none-eabi/lib/armv7-m/libc.a(lib_a-strcasecmp.o)
                0x000874b8                strcasecmp
 .text          0x000874fc      0x23c /home/robert/dev/arduino-1.5.7/hardware/tools/gcc-arm-none-eabi-4.8.3-2014q1/bin/../lib/gcc/arm-none-eabi/4.8.3/../../../../arm-none-eabi/lib/armv7-m/libc.a(lib_a-strcmp.o)
                0x000874fc                strcmp
 .text.strcpy   0x00087738       0xbc /home/robert/dev/arduino-1.5.7/hardware/tools/gcc-arm-none-eabi-4.8.3-2014q1/bin/../lib/gcc/arm-none-eabi/4.8.3/../../../../arm-none-eabi/lib/armv7-m/libc.a(lib_a-strcpy.o)
                0x00087738                strcpy
 .text.strlen   0x000877f4       0x60 /home/robert/dev/arduino-1.5.7/hardware/tools/gcc-arm-none-eabi-4.8.3-2014q1/bin/../lib/gcc/arm-none-eabi/4.8.3/../../../../arm-none-eabi/lib/armv7-m/libc.a(lib_a-strlen.o)
                0x000877f4                strlen
 .text.sulp     0x00087854       0x40 /home/robert/dev/arduino-1.5.7/hardware/tools/gcc-arm-none-eabi-4.8.3-2014q1/bin/../lib/gcc/arm-none-eabi/4.8.3/../../../../arm-none-eabi/lib/armv7-m/libc.a(lib_a-strtod.o)
 *fill*         0x00087894        0x4 
 .text._strtod_r
                0x00087898      0xf38 /home/robert/dev/arduino-1.5.7/hardware/tools/gcc-arm-none-eabi-4.8.3-2014q1/bin/../lib/gcc/arm-none-eabi/4.8.3/../../../../arm-none-eabi/lib/armv7-m/libc.a(lib_a-strtod.o)
                0x00087898                _strtod_r
 .text.strtod   0x000887d0       0x10 /home/robert/dev/arduino-1.5.7/hardware/tools/gcc-arm-none-eabi-4.8.3-2014q1/bin/../lib/gcc/arm-none-eabi/4.8.3/../../../../arm-none-eabi/lib/armv7-m/libc.a(lib_a-strtod.o)
                0x000887d0                strtod
 .text.strtof   0x000887e0       0x30 /home/robert/dev/arduino-1.5.7/hardware/tools/gcc-arm-none-eabi-4.8.3-2014q1/bin/../lib/gcc/arm-none-eabi/4.8.3/../../../../arm-none-eabi/lib/armv7-m/libc.a(lib_a-strtod.o)
                0x000887e0                strtof
 .text._strtol_r
                0x00088810      0x114 /home/robert/dev/arduino-1.5.7/hardware/tools/gcc-arm-none-eabi-4.8.3-2014q1/bin/../lib/gcc/arm-none-eabi/4.8.3/../../../../arm-none-eabi/lib/armv7-m/libc.a(lib_a-strtol.o)
                0x00088810                _strtol_r
 .text.strtol   0x00088924       0x18 /home/robert/dev/arduino-1.5.7/hardware/tools/gcc-arm-none-eabi-4.8.3-2014q1/bin/../lib/gcc/arm-none-eabi/4.8.3/../../../../arm-none-eabi/lib/armv7-m/libc.a(lib_a-strtol.o)
                0x00088924                strtol
 .text._strtoul_r
                0x0008893c      0x130 /home/robert/dev/arduino-1.5.7/hardware/tools/gcc-arm-none-eabi-4.8.3-2014q1/bin/../lib/gcc/arm-none-eabi/4.8.3/../../../../arm-none-eabi/lib/armv7-m/libc.a(lib_a-strtoul.o)
                0x0008893c                _strtoul_r
 .text.strtoul  0x00088a6c       0x18 /home/robert/dev/arduino-1.5.7/hardware/tools/gcc-arm-none-eabi-4.8.3-2014q1/bin/../lib/gcc/arm-none-eabi/4.8.3/../../../../arm-none-eabi/lib/armv7-m/libc.a(lib_a-strtoul.o)
                0x00088a6c                strtoul
 .text.__sprint_r.part.0
                0x00088a84       0x78 /home/robert/dev/arduino-1.5.7/hardware/tools/gcc-arm-none-eabi-4.8.3-2014q1/bin/../lib/gcc/arm-none-eabi/4.8.3/../../../../arm-none-eabi/lib/armv7-m/libc.a(lib_a-vfiprintf.o)
 .text._vfiprintf_r
                0x00088afc      0xc54 /home/robert/dev/arduino-1.5.7/hardware/tools/gcc-arm-none-eabi-4.8.3-2014q1/bin/../lib/gcc/arm-none-eabi/4.8.3/../../../../arm-none-eabi/lib/armv7-m/libc.a(lib_a-vfiprintf.o)
                0x00088afc                _vfiprintf_r
 .text.__sbprintf
                0x00089750       0x7c /home/robert/dev/arduino-1.5.7/hardware/tools/gcc-arm-none-eabi-4.8.3-2014q1/bin/../lib/gcc/arm-none-eabi/4.8.3/../../../../arm-none-eabi/lib/armv7-m/libc.a(lib_a-vfiprintf.o)
 .text.__swsetup_r
                0x000897cc       0xc4 /home/robert/dev/arduino-1.5.7/hardware/tools/gcc-arm-none-eabi-4.8.3-2014q1/bin/../lib/gcc/arm-none-eabi/4.8.3/../../../../arm-none-eabi/lib/armv7-m/libc.a(lib_a-wsetup.o)
                0x000897cc                __swsetup_r
 .text.__register_exitproc
                0x00089890       0xa8 /home/robert/dev/arduino-1.5.7/hardware/tools/gcc-arm-none-eabi-4.8.3-2014q1/bin/../lib/gcc/arm-none-eabi/4.8.3/../../../../arm-none-eabi/lib/armv7-m/libc.a(lib_a-__atexit.o)
                0x00089890                __register_exitproc
 .text.startup.register_fini
                0x00089938       0x14 /home/robert/dev/arduino-1.5.7/hardware/tools/gcc-arm-none-eabi-4.8.3-2014q1/bin/../lib/gcc/arm-none-eabi/4.8.3/../../../../arm-none-eabi/lib/armv7-m/libc.a(lib_a-__call_atexit.o)
 .text.abort    0x0008994c       0x10 /home/robert/dev/arduino-1.5.7/hardware/tools/gcc-arm-none-eabi-4.8.3-2014q1/bin/../lib/gcc/arm-none-eabi/4.8.3/../../../../arm-none-eabi/lib/armv7-m/libc.a(lib_a-abort.o)
                0x0008994c                abort
 .text.atexit   0x0008995c        0xc /home/robert/dev/arduino-1.5.7/hardware/tools/gcc-arm-none-eabi-4.8.3-2014q1/bin/../lib/gcc/arm-none-eabi/4.8.3/../../../../arm-none-eabi/lib/armv7-m/libc.a(lib_a-atexit.o)
                0x0008995c                atexit
 .text.__sflush_r
                0x00089968      0x148 /home/robert/dev/arduino-1.5.7/hardware/tools/gcc-arm-none-eabi-4.8.3-2014q1/bin/../lib/gcc/arm-none-eabi/4.8.3/../../../../arm-none-eabi/lib/armv7-m/libc.a(lib_a-fflush.o)
                0x00089968                __sflush_r
 .text._fflush_r
                0x00089ab0       0x2c /home/robert/dev/arduino-1.5.7/hardware/tools/gcc-arm-none-eabi-4.8.3-2014q1/bin/../lib/gcc/arm-none-eabi/4.8.3/../../../../arm-none-eabi/lib/armv7-m/libc.a(lib_a-fflush.o)
                0x00089ab0                _fflush_r
 .text._cleanup_r
                0x00089adc        0xc /home/robert/dev/arduino-1.5.7/hardware/tools/gcc-arm-none-eabi-4.8.3-2014q1/bin/../lib/gcc/arm-none-eabi/4.8.3/../../../../arm-none-eabi/lib/armv7-m/libc.a(lib_a-findfp.o)
                0x00089adc                _cleanup_r
 .text.__sinit  0x00089ae8       0xf4 /home/robert/dev/arduino-1.5.7/hardware/tools/gcc-arm-none-eabi-4.8.3-2014q1/bin/../lib/gcc/arm-none-eabi/4.8.3/../../../../arm-none-eabi/lib/armv7-m/libc.a(lib_a-findfp.o)
                0x00089ae8                __sinit
 .text.__sfp_lock_acquire
                0x00089bdc        0x4 /home/robert/dev/arduino-1.5.7/hardware/tools/gcc-arm-none-eabi-4.8.3-2014q1/bin/../lib/gcc/arm-none-eabi/4.8.3/../../../../arm-none-eabi/lib/armv7-m/libc.a(lib_a-findfp.o)
                0x00089bdc                __sfp_lock_acquire
 .text.__sfp_lock_release
                0x00089be0        0x4 /home/robert/dev/arduino-1.5.7/hardware/tools/gcc-arm-none-eabi-4.8.3-2014q1/bin/../lib/gcc/arm-none-eabi/4.8.3/../../../../arm-none-eabi/lib/armv7-m/libc.a(lib_a-findfp.o)
                0x00089be0                __sfp_lock_release
 .text.__libc_fini_array
                0x00089be4       0x30 /home/robert/dev/arduino-1.5.7/hardware/tools/gcc-arm-none-eabi-4.8.3-2014q1/bin/../lib/gcc/arm-none-eabi/4.8.3/../../../../arm-none-eabi/lib/armv7-m/libc.a(lib_a-fini.o)
                0x00089be4                __libc_fini_array
 .text._fputwc_r
                0x00089c14       0xc0 /home/robert/dev/arduino-1.5.7/hardware/tools/gcc-arm-none-eabi-4.8.3-2014q1/bin/../lib/gcc/arm-none-eabi/4.8.3/../../../../arm-none-eabi/lib/armv7-m/libc.a(lib_a-fputwc.o)
                0x00089c14                _fputwc_r
 .text._malloc_trim_r
                0x00089cd4       0x9c /home/robert/dev/arduino-1.5.7/hardware/tools/gcc-arm-none-eabi-4.8.3-2014q1/bin/../lib/gcc/arm-none-eabi/4.8.3/../../../../arm-none-eabi/lib/armv7-m/libc.a(lib_a-freer.o)
                0x00089cd4                _malloc_trim_r
 .text._free_r  0x00089d70      0x198 /home/robert/dev/arduino-1.5.7/hardware/tools/gcc-arm-none-eabi-4.8.3-2014q1/bin/../lib/gcc/arm-none-eabi/4.8.3/../../../../arm-none-eabi/lib/armv7-m/libc.a(lib_a-freer.o)
                0x00089d70                _free_r
 .text.__sfvwrite_r
                0x00089f08      0x314 /home/robert/dev/arduino-1.5.7/hardware/tools/gcc-arm-none-eabi-4.8.3-2014q1/bin/../lib/gcc/arm-none-eabi/4.8.3/../../../../arm-none-eabi/lib/armv7-m/libc.a(lib_a-fvwrite.o)
                0x00089f08                __sfvwrite_r
 .text._fwalk   0x0008a21c       0x48 /home/robert/dev/arduino-1.5.7/hardware/tools/gcc-arm-none-eabi-4.8.3-2014q1/bin/../lib/gcc/arm-none-eabi/4.8.3/../../../../arm-none-eabi/lib/armv7-m/libc.a(lib_a-fwalk.o)
                0x0008a21c                _fwalk
 .text.rshift   0x0008a264       0xa0 /home/robert/dev/arduino-1.5.7/hardware/tools/gcc-arm-none-eabi-4.8.3-2014q1/bin/../lib/gcc/arm-none-eabi/4.8.3/../../../../arm-none-eabi/lib/armv7-m/libc.a(lib_a-gdtoa-gethex.o)
 .text.__gethex
                0x0008a304      0x52c /home/robert/dev/arduino-1.5.7/hardware/tools/gcc-arm-none-eabi-4.8.3-2014q1/bin/../lib/gcc/arm-none-eabi/4.8.3/../../../../arm-none-eabi/lib/armv7-m/libc.a(lib_a-gdtoa-gethex.o)
                0x0008a304                __gethex
 .text.__hexnan
                0x0008a830      0x194 /home/robert/dev/arduino-1.5.7/hardware/tools/gcc-arm-none-eabi-4.8.3-2014q1/bin/../lib/gcc/arm-none-eabi/4.8.3/../../../../arm-none-eabi/lib/armv7-m/libc.a(lib_a-gdtoa-hexnan.o)
                0x0008a830                __hexnan
 .text.__locale_charset
                0x0008a9c4        0x8 /home/robert/dev/arduino-1.5.7/hardware/tools/gcc-arm-none-eabi-4.8.3-2014q1/bin/../lib/gcc/arm-none-eabi/4.8.3/../../../../arm-none-eabi/lib/armv7-m/libc.a(lib_a-locale.o)
                0x0008a9c4                __locale_charset
 .text.__locale_mb_cur_max
                0x0008a9cc        0xc /home/robert/dev/arduino-1.5.7/hardware/tools/gcc-arm-none-eabi-4.8.3-2014q1/bin/../lib/gcc/arm-none-eabi/4.8.3/../../../../arm-none-eabi/lib/armv7-m/libc.a(lib_a-locale.o)
                0x0008a9cc                __locale_mb_cur_max
 .text._localeconv_r
                0x0008a9d8        0x8 /home/robert/dev/arduino-1.5.7/hardware/tools/gcc-arm-none-eabi-4.8.3-2014q1/bin/../lib/gcc/arm-none-eabi/4.8.3/../../../../arm-none-eabi/lib/armv7-m/libc.a(lib_a-locale.o)
                0x0008a9d8                _localeconv_r
 .text.__smakebuf_r
                0x0008a9e0       0xe0 /home/robert/dev/arduino-1.5.7/hardware/tools/gcc-arm-none-eabi-4.8.3-2014q1/bin/../lib/gcc/arm-none-eabi/4.8.3/../../../../arm-none-eabi/lib/armv7-m/libc.a(lib_a-makebuf.o)
                0x0008a9e0                __smakebuf_r
 .text.memchr   0x0008aac0       0x94 /home/robert/dev/arduino-1.5.7/hardware/tools/gcc-arm-none-eabi-4.8.3-2014q1/bin/../lib/gcc/arm-none-eabi/4.8.3/../../../../arm-none-eabi/lib/armv7-m/libc.a(lib_a-memchr-stub.o)
                0x0008aac0                memchr
 .text.memmove  0x0008ab54       0xcc /home/robert/dev/arduino-1.5.7/hardware/tools/gcc-arm-none-eabi-4.8.3-2014q1/bin/../lib/gcc/arm-none-eabi/4.8.3/../../../../arm-none-eabi/lib/armv7-m/libc.a(lib_a-memmove.o)
                0x0008ab54                memmove
 .text._Balloc  0x0008ac20       0x4c /home/robert/dev/arduino-1.5.7/hardware/tools/gcc-arm-none-eabi-4.8.3-2014q1/bin/../lib/gcc/arm-none-eabi/4.8.3/../../../../arm-none-eabi/lib/armv7-m/libc.a(lib_a-mprec.o)
                0x0008ac20                _Balloc
 .text._Bfree   0x0008ac6c       0x14 /home/robert/dev/arduino-1.5.7/hardware/tools/gcc-arm-none-eabi-4.8.3-2014q1/bin/../lib/gcc/arm-none-eabi/4.8.3/../../../../arm-none-eabi/lib/armv7-m/libc.a(lib_a-mprec.o)
                0x0008ac6c                _Bfree
 .text.__multadd
                0x0008ac80       0x94 /home/robert/dev/arduino-1.5.7/hardware/tools/gcc-arm-none-eabi-4.8.3-2014q1/bin/../lib/gcc/arm-none-eabi/4.8.3/../../../../arm-none-eabi/lib/armv7-m/libc.a(lib_a-mprec.o)
                0x0008ac80                __multadd
 .text.__s2b    0x0008ad14       0x98 /home/robert/dev/arduino-1.5.7/hardware/tools/gcc-arm-none-eabi-4.8.3-2014q1/bin/../lib/gcc/arm-none-eabi/4.8.3/../../../../arm-none-eabi/lib/armv7-m/libc.a(lib_a-mprec.o)
                0x0008ad14                __s2b
 .text.__hi0bits
                0x0008adac       0x40 /home/robert/dev/arduino-1.5.7/hardware/tools/gcc-arm-none-eabi-4.8.3-2014q1/bin/../lib/gcc/arm-none-eabi/4.8.3/../../../../arm-none-eabi/lib/armv7-m/libc.a(lib_a-mprec.o)
                0x0008adac                __hi0bits
 .text.__lo0bits
                0x0008adec       0x5c /home/robert/dev/arduino-1.5.7/hardware/tools/gcc-arm-none-eabi-4.8.3-2014q1/bin/../lib/gcc/arm-none-eabi/4.8.3/../../../../arm-none-eabi/lib/armv7-m/libc.a(lib_a-mprec.o)
                0x0008adec                __lo0bits
 .text.__i2b    0x0008ae48       0x14 /home/robert/dev/arduino-1.5.7/hardware/tools/gcc-arm-none-eabi-4.8.3-2014q1/bin/../lib/gcc/arm-none-eabi/4.8.3/../../../../arm-none-eabi/lib/armv7-m/libc.a(lib_a-mprec.o)
                0x0008ae48                __i2b
 .text.__multiply
                0x0008ae5c      0x13c /home/robert/dev/arduino-1.5.7/hardware/tools/gcc-arm-none-eabi-4.8.3-2014q1/bin/../lib/gcc/arm-none-eabi/4.8.3/../../../../arm-none-eabi/lib/armv7-m/libc.a(lib_a-mprec.o)
                0x0008ae5c                __multiply
 .text.__pow5mult
                0x0008af98       0x9c /home/robert/dev/arduino-1.5.7/hardware/tools/gcc-arm-none-eabi-4.8.3-2014q1/bin/../lib/gcc/arm-none-eabi/4.8.3/../../../../arm-none-eabi/lib/armv7-m/libc.a(lib_a-mprec.o)
                0x0008af98                __pow5mult
 .text.__lshift
                0x0008b034       0xbc /home/robert/dev/arduino-1.5.7/hardware/tools/gcc-arm-none-eabi-4.8.3-2014q1/bin/../lib/gcc/arm-none-eabi/4.8.3/../../../../arm-none-eabi/lib/armv7-m/libc.a(lib_a-mprec.o)
                0x0008b034                __lshift
 .text.__mcmp   0x0008b0f0       0x48 /home/robert/dev/arduino-1.5.7/hardware/tools/gcc-arm-none-eabi-4.8.3-2014q1/bin/../lib/gcc/arm-none-eabi/4.8.3/../../../../arm-none-eabi/lib/armv7-m/libc.a(lib_a-mprec.o)
                0x0008b0f0                __mcmp
 .text.__mdiff  0x0008b138       0xd8 /home/robert/dev/arduino-1.5.7/hardware/tools/gcc-arm-none-eabi-4.8.3-2014q1/bin/../lib/gcc/arm-none-eabi/4.8.3/../../../../arm-none-eabi/lib/armv7-m/libc.a(lib_a-mprec.o)
                0x0008b138                __mdiff
 .text.__ulp    0x0008b210       0x40 /home/robert/dev/arduino-1.5.7/hardware/tools/gcc-arm-none-eabi-4.8.3-2014q1/bin/../lib/gcc/arm-none-eabi/4.8.3/../../../../arm-none-eabi/lib/armv7-m/libc.a(lib_a-mprec.o)
                0x0008b210                __ulp
 .text.__b2d    0x0008b250       0xb8 /home/robert/dev/arduino-1.5.7/hardware/tools/gcc-arm-none-eabi-4.8.3-2014q1/bin/../lib/gcc/arm-none-eabi/4.8.3/../../../../arm-none-eabi/lib/armv7-m/libc.a(lib_a-mprec.o)
                0x0008b250                __b2d
 .text.__d2b    0x0008b308       0xbc /home/robert/dev/arduino-1.5.7/hardware/tools/gcc-arm-none-eabi-4.8.3-2014q1/bin/../lib/gcc/arm-none-eabi/4.8.3/../../../../arm-none-eabi/lib/armv7-m/libc.a(lib_a-mprec.o)
                0x0008b308                __d2b
 .text.__ratio  0x0008b3c4       0x50 /home/robert/dev/arduino-1.5.7/hardware/tools/gcc-arm-none-eabi-4.8.3-2014q1/bin/../lib/gcc/arm-none-eabi/4.8.3/../../../../arm-none-eabi/lib/armv7-m/libc.a(lib_a-mprec.o)
                0x0008b3c4                __ratio
 .text.__copybits
                0x0008b414       0x48 /home/robert/dev/arduino-1.5.7/hardware/tools/gcc-arm-none-eabi-4.8.3-2014q1/bin/../lib/gcc/arm-none-eabi/4.8.3/../../../../arm-none-eabi/lib/armv7-m/libc.a(lib_a-mprec.o)
                0x0008b414                __copybits
 .text.__any_on
                0x0008b45c       0x60 /home/robert/dev/arduino-1.5.7/hardware/tools/gcc-arm-none-eabi-4.8.3-2014q1/bin/../lib/gcc/arm-none-eabi/4.8.3/../../../../arm-none-eabi/lib/armv7-m/libc.a(lib_a-mprec.o)
                0x0008b45c                __any_on
 .text._realloc_r