Archive member included because of file (symbol)

/home/robert/gitrep/freeboardDue/Release/arduino.ar(variant.cpp.o)
                              ./freeboardDue.cpp.o (Serial3)
/home/robert/gitrep/freeboardDue/Release/arduino.ar(Print.cpp.o)
                              ./NmeaSerial.cpp.o (Print::write(unsigned char const*, unsigned int))
/home/robert/gitrep/freeboardDue/Release/arduino.ar(RingBuffer.cpp.o)
                              /home/robert/gitrep/freeboardDue/Release/arduino.ar(variant.cpp.o) (RingBuffer::RingBuffer())
/home/robert/gitrep/freeboardDue/Release/arduino.ar(UARTClass.cpp.o)
                              ./freeboardDue.cpp.o (UARTClass::available())
/home/robert/gitrep/freeboardDue/Release/arduino.ar(USARTClass.cpp.o)
                              ./Gps.cpp.o (USARTClass::available())
/home/robert/gitrep/freeboardDue/Release/arduino.ar(WInterrupts.c.o)
                              ./freeboardDue.cpp.o (attachInterrupt)
/home/robert/gitrep/freeboardDue/Release/arduino.ar(WString.cpp.o)
                              ./freeboardDue.cpp.o (String::~String())
/home/robert/gitrep/freeboardDue/Release/arduino.ar(cxxabi-compat.cpp.o)
                              ./NmeaSerial.cpp.o (__cxa_pure_virtual)
/home/robert/gitrep/freeboardDue/Release/arduino.ar(itoa.c.o)
                              /home/robert/gitrep/freeboardDue/Release/arduino.ar(WString.cpp.o) (ltoa)
/home/robert/gitrep/freeboardDue/Release/arduino.ar(main.cpp.o)
                              /home/robert/dev/arduino-1.5.7/hardware/tools/gcc-arm-none-eabi-4.8.3-2014q1/bin/../lib/gcc/arm-none-eabi/4.8.3/../../../../arm-none-eabi/lib/armv7-m/crt0.o (main)
/home/robert/gitrep/freeboardDue/Release/arduino.ar(wiring.c.o)
                              ./Alarm.cpp.o (millis)
/home/robert/gitrep/freeboardDue/Release/arduino.ar(wiring_analog.c.o)
                              ./Alarm.cpp.o (analogRead)
/home/robert/gitrep/freeboardDue/Release/arduino.ar(wiring_digital.c.o)
                              ./Alarm.cpp.o (pinMode)
/home/robert/gitrep/freeboardDue/Release/arduino.ar(wiring_pulse.cpp.o)
                              ./Gps.cpp.o (pulseIn)
/home/robert/gitrep/freeboardDue/Release/arduino.ar(dtostrf.c.o)
                              /home/robert/gitrep/freeboardDue/Release/arduino.ar(WString.cpp.o) (dtostrf)
/home/robert/gitrep/freeboardDue/Release/arduino.ar(USBCore.cpp.o)
                              /home/robert/gitrep/freeboardDue/Release/arduino.ar(main.cpp.o) (USBDevice_::attach())
/home/robert/gitrep/freeboardDue/Release/arduino.ar(hooks.c.o)
                              /home/robert/gitrep/freeboardDue/Release/arduino.ar(wiring.c.o) (yield)
/home/robert/gitrep/freeboardDue/Release/arduino.ar(CDC.cpp.o)
                              /home/robert/gitrep/freeboardDue/Release/arduino.ar(USBCore.cpp.o) (Serial_::accept())
/home/robert/gitrep/freeboardDue/Release/arduino.ar(HID.cpp.o)
                              /home/robert/gitrep/freeboardDue/Release/arduino.ar(USBCore.cpp.o) (HID_GetInterface(unsigned char*))
/home/robert/gitrep/freeboardDue/Release/arduino.ar(Reset.cpp.o)
                              /home/robert/gitrep/freeboardDue/Release/arduino.ar(CDC.cpp.o) (initiateReset)
/home/robert/dev/arduino-1.5.7/hardware/arduino/sam/variants/arduino_due_x/libsam_sam3x8e_gcc_rel.a(pio.o)
                              /home/robert/gitrep/freeboardDue/Release/arduino.ar(wiring_digital.c.o) (PIO_PullUp)
/home/robert/dev/arduino-1.5.7/hardware/arduino/sam/variants/arduino_due_x/libsam_sam3x8e_gcc_rel.a(pmc.o)
                              ./lib/DueTimer/DueTimer.cpp.o (pmc_enable_periph_clk)
/home/robert/dev/arduino-1.5.7/hardware/arduino/sam/variants/arduino_due_x/libsam_sam3x8e_gcc_rel.a(pwmc.o)
                              /home/robert/gitrep/freeboardDue/Release/arduino.ar(wiring_analog.c.o) (PWMC_ConfigureChannel)
/home/robert/dev/arduino-1.5.7/hardware/arduino/sam/variants/arduino_due_x/libsam_sam3x8e_gcc_rel.a(spi.o)
                              ./Libraries/SPI/SPI.cpp.o (SPI_Enable)
/home/robert/dev/arduino-1.5.7/hardware/arduino/sam/variants/arduino_due_x/libsam_sam3x8e_gcc_rel.a(tc.o)
                              ./lib/DueTimer/DueTimer.cpp.o (TC_Configure)
/home/robert/dev/arduino-1.5.7/hardware/arduino/sam/variants/arduino_due_x/libsam_sam3x8e_gcc_rel.a(timetick.o)
                              /home/robert/gitrep/freeboardDue/Release/arduino.ar(wiring.c.o) (GetTickCount)
/home/robert/dev/arduino-1.5.7/hardware/arduino/sam/variants/arduino_due_x/libsam_sam3x8e_gcc_rel.a(wdt.o)
                              /home/robert/gitrep/freeboardDue/Release/arduino.ar(variant.cpp.o) (WDT_Disable)
/home/robert/dev/arduino-1.5.7/hardware/arduino/sam/variants/arduino_due_x/libsam_sam3x8e_gcc_rel.a(system_sam3xa.o)
                              /home/robert/gitrep/freeboardDue/Release/arduino.ar(variant.cpp.o) (SystemInit)
[...]
Memory Configuration

Name             Origin             Length             Attributes
rom              0x00080000         0x00080000         xr
sram0            0x20000000         0x00010000         xrw
sram1            0x20080000         0x00008000         xrw
ram              0x20070000         0x00018000         xrw
*default*        0x00000000         0xffffffff

Linker script and memory map

LOAD /home/robert/dev/arduino-1.5.7/hardware/tools/gcc-arm-none-eabi-4.8.3-2014q1/bin/../lib/gcc/arm-none-eabi/4.8.3/armv7-m/crti.o
LOAD /home/robert/dev/arduino-1.5.7/hardware/tools/gcc-arm-none-eabi-4.8.3-2014q1/bin/../lib/gcc/arm-none-eabi/4.8.3/armv7-m/crtbegin.o
LOAD /home/robert/dev/arduino-1.5.7/hardware/tools/gcc-arm-none-eabi-4.8.3-2014q1/bin/../lib/gcc/arm-none-eabi/4.8.3/../../../../arm-none-eabi/lib/armv7-m/crt0.o
LOAD /home/robert/dev/arduino-1.5.7/hardware/tools/gcc-arm-none-eabi-4.8.3-2014q1/bin/../lib/gcc/arm-none-eabi/4.8.3/armv7-m/libgcc.a
START GROUP
LOAD /home/robert/gitrep/freeboardDue/Release/arduino/syscalls_sam3.c.o
LOAD ./Alarm.cpp.o
LOAD ./Anchor.cpp.o
LOAD ./Autopilot.cpp.o
LOAD ./FreeBoardModel.cpp.o
LOAD ./Gps.cpp.o
LOAD ./NmeaRelay.cpp.o
LOAD ./NmeaSerial.cpp.o
LOAD ./freeboardDue.cpp.o
LOAD ./lib/Wind/Wind.cpp.o
LOAD ./lib/SignalK/SignalkModel.cpp.o
LOAD ./lib/SignalK/StreamJsonReader.cpp.o
LOAD ./lib/PString/PString.cpp.o
LOAD ./lib/PID_v1/PID_v1.cpp.o
LOAD ./lib/NMEA/nmea.cpp.o
LOAD ./lib/MultiSerial/MultiSerial.cpp.o
LOAD ./lib/Kangaroo/KangarooCRC.cpp.o
LOAD ./lib/Kangaroo/KangarooChannel.cpp.o
LOAD ./lib/Kangaroo/KangarooCommandWriter.cpp.o
LOAD ./lib/Kangaroo/KangarooMonitor.cpp.o
LOAD ./lib/Kangaroo/KangarooReplyReader.cpp.o
LOAD ./lib/Kangaroo/KangarooReplyReceiver.cpp.o
LOAD ./lib/Kangaroo/KangarooSerial.cpp.o
LOAD ./lib/Kangaroo/KangarooStatus.cpp.o
LOAD ./lib/Kangaroo/KangarooTimeout.cpp.o
LOAD ./lib/DueTimer/DueTimer.cpp.o
LOAD ./Libraries/SPI/SPI.cpp.o
LOAD ./.metadata/.plugins/org.eclipse.cdt.managedbuilder.core/spec.C.o
LOAD ./.metadata/.plugins/org.eclipse.cdt.managedbuilder.core/spec.c.o
LOAD ./.metadata/.plugins/org.eclipse.cdt.make.core/specs.c.o
LOAD ./.metadata/.plugins/org.eclipse.cdt.make.core/specs.cpp.o
LOAD /home/robert/gitrep/freeboardDue/Release/arduino.ar
LOAD /home/robert/dev/arduino-1.5.7/hardware/arduino/sam/variants/arduino_due_x/libsam_sam3x8e_gcc_rel.a
LOAD /home/robert/gitrep/freeboardDue/Release/arduino.ar
END GROUP
LOAD /home/robert/dev/arduino-1.5.7/hardware/tools/gcc-arm-none-eabi-4.8.3-2014q1/bin/../lib/gcc/arm-none-eabi/4.8.3/../../../../arm-none-eabi/lib/armv7-m/libstdc++.a
LOAD /home/robert/dev/arduino-1.5.7/hardware/tools/gcc-arm-none-eabi-4.8.3-2014q1/bin/../lib/gcc/arm-none-eabi/4.8.3/../../../../arm-none-eabi/lib/armv7-m/libm.a
START GROUP
LOAD /home/robert/dev/arduino-1.5.7/hardware/tools/gcc-arm-none-eabi-4.8.3-2014q1/bin/../lib/gcc/arm-none-eabi/4.8.3/armv7-m/libgcc.a
LOAD /home/robert/dev/arduino-1.5.7/hardware/tools/gcc-arm-none-eabi-4.8.3-2014q1/bin/../lib/gcc/arm-none-eabi/4.8.3/../../../../arm-none-eabi/lib/armv7-m/libc.a
END GROUP
LOAD /home/robert/dev/arduino-1.5.7/hardware/tools/gcc-arm-none-eabi-4.8.3-2014q1/bin/../lib/gcc/arm-none-eabi/4.8.3/armv7-m/crtend.o
LOAD /home/robert/dev/arduino-1.5.7/hardware/tools/gcc-arm-none-eabi-4.8.3-2014q1/bin/../lib/gcc/arm-none-eabi/4.8.3/armv7-m/crtn.o

.text           0x00080000    0x13530
                0x00080000                . = ALIGN (0x4)
                0x00080000                _sfixed = .
 *(.vectors .vectors.*)
 .vectors       0x00080000       0xf4 /home/robert/dev/arduino-1.5.7/hardware/arduino/sam/variants/arduino_due_x/libsam_sam3x8e_gcc_rel.a(startup_sam3xa.o)
                0x00080000                exception_table
 *(.text .text.* .gnu.linkonce.t.*)
 .text          0x000800f4       0x54 /home/robert/dev/arduino-1.5.7/hardware/tools/gcc-arm-none-eabi-4.8.3-2014q1/bin/../lib/gcc/arm-none-eabi/4.8.3/armv7-m/crtbegin.o
 .text._sbrk    0x00080148       0x1c /home/robert/gitrep/freeboardDue/Release/arduino/syscalls_sam3.c.o
                0x00080148                _sbrk
 .text._close   0x00080164        0x6 /home/robert/gitrep/freeboardDue/Release/arduino/syscalls_sam3.c.o
                0x00080164                _close
 .text._fstat   0x0008016a        0xa /home/robert/gitrep/freeboardDue/Release/arduino/syscalls_sam3.c.o
                0x0008016a                _fstat
 .text._isatty  0x00080174        0x4 /home/robert/gitrep/freeboardDue/Release/arduino/syscalls_sam3.c.o
                0x00080174                _isatty
 .text._lseek   0x00080178        0x4 /home/robert/gitrep/freeboardDue/Release/arduino/syscalls_sam3.c.o
                0x00080178                _lseek
 .text._read    0x0008017c        0x4 /home/robert/gitrep/freeboardDue/Release/arduino/syscalls_sam3.c.o
                0x0008017c                _read
 .text._write   0x00080180       0x24 /home/robert/gitrep/freeboardDue/Release/arduino/syscalls_sam3.c.o
                0x00080180                _write
 .text._exit    0x000801a4       0x10 /home/robert/gitrep/freeboardDue/Release/arduino/syscalls_sam3.c.o
                0x000801a4                _exit
 .text._kill    0x000801b4        0x2 /home/robert/gitrep/freeboardDue/Release/arduino/syscalls_sam3.c.o
                0x000801b4                _kill
 .text._getpid  0x000801b6        0x6 /home/robert/gitrep/freeboardDue/Release/arduino/syscalls_sam3.c.o
                0x000801b6                _getpid
 .text._ZN5AlarmD2Ev
                0x000801bc        0xc ./Alarm.cpp.o
                0x000801bc                Alarm::~Alarm()
                0x000801bc                Alarm::~Alarm()
 .text._ZN5AlarmD0Ev
                0x000801c8       0x14 ./Alarm.cpp.o
                0x000801c8                Alarm::~Alarm()
 .text._ZN5AlarmC2EP14FreeBoardModel
                0x000801dc       0x48 ./Alarm.cpp.o
                0x000801dc                Alarm::Alarm(FreeBoardModel*)
                0x000801dc                Alarm::Alarm(FreeBoardModel*)
 .text._ZN5Alarm14alarmTriggeredEv
                0x00080224       0x22 ./Alarm.cpp.o
                0x00080224                Alarm::alarmTriggered()
 .text._ZN5Alarm11checkAlarmsEv
                0x00080246       0x80 ./Alarm.cpp.o
                0x00080246                Alarm::checkAlarms()
 .text._ZN5Alarm14checkLvlAlarmsEv
                0x000802c6       0x86 ./Alarm.cpp.o
                0x000802c6                Alarm::checkLvlAlarms()
 .text._ZN6AnchorD2Ev
                0x0008034c        0xc ./Anchor.cpp.o
                0x0008034c                Anchor::~Anchor()
                0x0008034c                Anchor::~Anchor()
 .text._ZN6AnchorD0Ev
                0x00080358       0x14 ./Anchor.cpp.o
                0x00080358                Anchor::~Anchor()
 *fill*         0x0008036c        0x4 
 .text._ZN6Anchor15updateAnchorBoxEff
                0x00080370      0x188 ./Anchor.cpp.o
                0x00080370                Anchor::updateAnchorBox(float, float)
 .text._ZN6Anchor14resetAnchorBoxEff
                0x000804f8       0x70 ./Anchor.cpp.o
                0x000804f8                Anchor::resetAnchorBox(float, float)
 .text._ZN6AnchorC2EP14FreeBoardModel
                0x00080568       0x2c ./Anchor.cpp.o
                0x00080568                Anchor::Anchor(FreeBoardModel*)
                0x00080568                Anchor::Anchor(FreeBoardModel*)
 .text._ZN6Anchor11checkAnchorEv
                0x00080594      0x100 ./Anchor.cpp.o
                0x00080594                Anchor::checkAnchor()
 .text._ZN9AutopilotC2EP14FreeBoardModel
                0x00080694       0x32 ./Autopilot.cpp.o
                0x00080694                Autopilot::Autopilot(FreeBoardModel*)
                0x00080694                Autopilot::Autopilot(FreeBoardModel*)
 *fill*         0x000806c6        0x2 
 .text._ZN9Autopilot4initEv
                0x000806c8      0x110 ./Autopilot.cpp.o
                0x000806c8                Autopilot::init()
 .text._ZN9AutopilotD2Ev
                0x000807d8        0x2 ./Autopilot.cpp.o
                0x000807d8                Autopilot::~Autopilot()
                0x000807d8                Autopilot::~Autopilot()
 *fill*         0x000807da        0x2 
 .text.startup._GLOBAL__sub_I_mSerial0
                0x000807dc       0x48 ./Autopilot.cpp.o
 .text._ZN9Autopilot14autopilotEventEv
                0x00080824       0x5c ./Autopilot.cpp.o
                0x00080824                Autopilot::autopilotEvent()
 .text._ZN9Autopilot13calcAutoPilotEv
                0x00080880      0x17c ./Autopilot.cpp.o
                0x00080880                Autopilot::calcAutoPilot()
 .text._ZN14FreeBoardModelC2Ev
                0x000809fc      0x174 ./FreeBoardModel.cpp.o
                0x000809fc                FreeBoardModel::FreeBoardModel()
                0x000809fc                FreeBoardModel::FreeBoardModel()
 .text._ZN14FreeBoardModel12getAlarmLastEv
                0x00080b70        0x4 ./FreeBoardModel.cpp.o
                0x00080b70                FreeBoardModel::getAlarmLast()
 .text._ZN14FreeBoardModel14getAlarmSnoozeEv
                0x00080b74        0x4 ./FreeBoardModel.cpp.o
                0x00080b74                FreeBoardModel::getAlarmSnooze()
 .text._ZN14FreeBoardModel17getAnchorDistanceEv
                0x00080b78        0x4 ./FreeBoardModel.cpp.o
                0x00080b78                FreeBoardModel::getAnchorDistance()
 .text._ZN14FreeBoardModel10getAnchorEEv
                0x00080b7c        0x4 ./FreeBoardModel.cpp.o
                0x00080b7c                FreeBoardModel::getAnchorE()
 .text._ZN14FreeBoardModel12getAnchorLatEv
                0x00080b80        0x6 ./FreeBoardModel.cpp.o
                0x00080b80                FreeBoardModel::getAnchorLat()
 .text._ZN14FreeBoardModel12getAnchorLonEv
                0x00080b86        0x6 ./FreeBoardModel.cpp.o
                0x00080b86                FreeBoardModel::getAnchorLon()
 .text._ZN14FreeBoardModel20getAnchorMaxDistanceEv
                0x00080b8c        0x4 ./FreeBoardModel.cpp.o
                0x00080b8c                FreeBoardModel::getAnchorMaxDistance()
 .text._ZN14FreeBoardModel10getAnchorNEv
                0x00080b90        0x4 ./FreeBoardModel.cpp.o
                0x00080b90                FreeBoardModel::getAnchorN()
 .text._ZN14FreeBoardModel15getAnchorRadiusEv
                0x00080b94        0x6 ./FreeBoardModel.cpp.o
                0x00080b94                FreeBoardModel::getAnchorRadius()
 .text._ZN14FreeBoardModel18getAnchorRadiusDegEv
                0x00080b9a        0x4 ./FreeBoardModel.cpp.o
                0x00080b9a                FreeBoardModel::getAnchorRadiusDeg()
 .text._ZN14FreeBoardModel10getAnchorSEv
                0x00080b9e        0x4 ./FreeBoardModel.cpp.o
                0x00080b9e                FreeBoardModel::getAnchorS()
 .text._ZN14FreeBoardModel10getAnchorWEv
                0x00080ba2        0x4 ./FreeBoardModel.cpp.o
                0x00080ba2                FreeBoardModel::getAnchorW()
 .text._ZN14FreeBoardModel25getAutopilotRudderCommandEv
                0x00080ba6        0xa ./FreeBoardModel.cpp.o
                0x00080ba6                FreeBoardModel::getAutopilotRudderCommand()
 .text._ZN14FreeBoardModel25getAutopilotTargetHeadingEv
                0x00080bb0        0xa ./FreeBoardModel.cpp.o
                0x00080bb0                FreeBoardModel::getAutopilotTargetHeading()
 .text._ZN14FreeBoardModel26getAutopilotCurrentHeadingEv
                0x00080bba       0x1c ./FreeBoardModel.cpp.o
                0x00080bba                FreeBoardModel::getAutopilotCurrentHeading()
 *fill*         0x00080bd6        0x2 
 .text._ZN14FreeBoardModel11writeSimpleER14HardwareSerial
                0x00080bd8      0x188 ./FreeBoardModel.cpp.o
                0x00080bd8                FreeBoardModel::writeSimple(HardwareSerial&)
 .text._ZN14FreeBoardModel21getAutopilotOffCourseEv
                0x00080d60       0x5c ./FreeBoardModel.cpp.o
                0x00080d60                FreeBoardModel::getAutopilotOffCourse()
 .text._ZN14FreeBoardModel20getAutopilotDeadZoneEv
                0x00080dbc        0x6 ./FreeBoardModel.cpp.o
                0x00080dbc                FreeBoardModel::getAutopilotDeadZone()
 .text._ZN14FreeBoardModel17getAutopilotSlackEv
                0x00080dc2        0x6 ./FreeBoardModel.cpp.o
                0x00080dc2                FreeBoardModel::getAutopilotSlack()
 .text._ZN14FreeBoardModel17getAutopilotSpeedEv
                0x00080dc8        0x6 ./FreeBoardModel.cpp.o
                0x00080dc8                FreeBoardModel::getAutopilotSpeed()
 .text._ZN14FreeBoardModel13getGpsLastFixEv
                0x00080dce        0x6 ./FreeBoardModel.cpp.o
                0x00080dce                FreeBoardModel::getGpsLastFix()
 .text._ZN14FreeBoardModel14getGpsLatitudeEv
                0x00080dd4        0x6 ./FreeBoardModel.cpp.o
                0x00080dd4                FreeBoardModel::getGpsLatitude()
 .text._ZN14FreeBoardModel15getGpsLongitudeEv
                0x00080dda        0x6 ./FreeBoardModel.cpp.o
                0x00080dda                FreeBoardModel::getGpsLongitude()
 .text._ZN14FreeBoardModel12getGpsStatusEv
                0x00080de0        0x6 ./FreeBoardModel.cpp.o
                0x00080de0                FreeBoardModel::getGpsStatus()
 .text._ZN14FreeBoardModel17getLvl1UpperLimitEv
                0x00080de6        0x6 ./FreeBoardModel.cpp.o
                0x00080de6                FreeBoardModel::getLvl1UpperLimit()
 .text._ZN14FreeBoardModel17getLvl1LowerLimitEv
                0x00080dec        0x6 ./FreeBoardModel.cpp.o
                0x00080dec                FreeBoardModel::getLvl1LowerLimit()
 .text._ZN14FreeBoardModel17getLvl2UpperLimitEv
                0x00080df2        0x6 ./FreeBoardModel.cpp.o
                0x00080df2                FreeBoardModel::getLvl2UpperLimit()
 .text._ZN14FreeBoardModel17getLvl2LowerLimitEv
                0x00080df8        0x6 ./FreeBoardModel.cpp.o
                0x00080df8                FreeBoardModel::getLvl2LowerLimit()
 .text._ZN14FreeBoardModel17getLvl3UpperLimitEv
                0x00080dfe        0x6 ./FreeBoardModel.cpp.o
                0x00080dfe                FreeBoardModel::getLvl3UpperLimit()
 .text._ZN14FreeBoardModel17getLvl3LowerLimitEv
                0x00080e04        0x6 ./FreeBoardModel.cpp.o
                0x00080e04                FreeBoardModel::getLvl3LowerLimit()
 .text._ZN14FreeBoardModel15isAnchorAlarmOnEv
                0x00080e0a        0x6 ./FreeBoardModel.cpp.o
                0x00080e0a                FreeBoardModel::isAnchorAlarmOn()
 .text._ZN14FreeBoardModel12setAlarmLastEm
                0x00080e10        0x4 ./FreeBoardModel.cpp.o
                0x00080e10                FreeBoardModel::setAlarmLast(unsigned long)
 .text._ZN14FreeBoardModel14setAlarmSnoozeEm
                0x00080e14        0x4 ./FreeBoardModel.cpp.o
                0x00080e14                FreeBoardModel::setAlarmSnooze(unsigned long)
 .text._ZN14FreeBoardModel23setAnchorAlarmTriggeredEb
                0x00080e18        0x4 ./FreeBoardModel.cpp.o
                0x00080e18                FreeBoardModel::setAnchorAlarmTriggered(bool)
 .text._ZN14FreeBoardModel17setAnchorDistanceEf
                0x00080e1c        0x4 ./FreeBoardModel.cpp.o
                0x00080e1c                FreeBoardModel::setAnchorDistance(float)
 .text._ZN14FreeBoardModel10setAnchorEEf
                0x00080e20        0x4 ./FreeBoardModel.cpp.o
                0x00080e20                FreeBoardModel::setAnchorE(float)
 .text._ZN14FreeBoardModel20setAnchorMaxDistanceEf
                0x00080e24        0x4 ./FreeBoardModel.cpp.o
                0x00080e24                FreeBoardModel::setAnchorMaxDistance(float)
 .text._ZN14FreeBoardModel10setAnchorNEf
                0x00080e28        0x4 ./FreeBoardModel.cpp.o
                0x00080e28                FreeBoardModel::setAnchorN(float)
 .text._ZN14FreeBoardModel18setAnchorRadiusDegEf
                0x00080e2c        0x4 ./FreeBoardModel.cpp.o
                0x00080e2c                FreeBoardModel::setAnchorRadiusDeg(float)
 .text._ZN14FreeBoardModel10setAnchorSEf
                0x00080e30        0x4 ./FreeBoardModel.cpp.o
                0x00080e30                FreeBoardModel::setAnchorS(float)
 .text._ZN14FreeBoardModel10setAnchorWEf
                0x00080e34        0x4 ./FreeBoardModel.cpp.o
                0x00080e34                FreeBoardModel::setAnchorW(float)
 .text._ZN14FreeBoardModel25setAutopilotRudderCommandEd
                0x00080e38        0x6 ./FreeBoardModel.cpp.o
                0x00080e38                FreeBoardModel::setAutopilotRudderCommand(double)
 .text._ZN14FreeBoardModel21setLvl1AlarmTriggeredEb
                0x00080e3e       0x12 ./FreeBoardModel.cpp.o
                0x00080e3e                FreeBoardModel::setLvl1AlarmTriggered(bool)
 .text._ZN14FreeBoardModel21setLvl2AlarmTriggeredEb
                0x00080e50       0x12 ./FreeBoardModel.cpp.o
                0x00080e50                FreeBoardModel::setLvl2AlarmTriggered(bool)
 .text._ZN14FreeBoardModel21setLvl3AlarmTriggeredEb
                0x00080e62       0x12 ./FreeBoardModel.cpp.o
                0x00080e62                FreeBoardModel::setLvl3AlarmTriggered(bool)
 .text._ZN14FreeBoardModel16isAlarmTriggeredEv
                0x00080e74       0x36 ./FreeBoardModel.cpp.o
                0x00080e74                FreeBoardModel::isAlarmTriggered()
 .text._ZN14FreeBoardModel13isAutopilotOnEv
                0x00080eaa        0x6 ./FreeBoardModel.cpp.o
                0x00080eaa                FreeBoardModel::isAutopilotOn()
 .text._ZN14FreeBoardModel13getSerialBaudEv
                0x00080eb0        0x6 ./FreeBoardModel.cpp.o
                0x00080eb0                FreeBoardModel::getSerialBaud()
 .text._ZN14FreeBoardModel14getSerialBaud1Ev
                0x00080eb6        0x6 ./FreeBoardModel.cpp.o
                0x00080eb6                FreeBoardModel::getSerialBaud1()
 .text._ZN14FreeBoardModel14getSerialBaud2Ev
                0x00080ebc        0x6 ./FreeBoardModel.cpp.o
                0x00080ebc                FreeBoardModel::getSerialBaud2()
 .text._ZN14FreeBoardModel14getSerialBaud3Ev
                0x00080ec2        0x6 ./FreeBoardModel.cpp.o
                0x00080ec2                FreeBoardModel::getSerialBaud3()
 .text._ZN14FreeBoardModel14getSerialBaud4Ev
                0x00080ec8        0x6 ./FreeBoardModel.cpp.o
                0x00080ec8                FreeBoardModel::getSerialBaud4()
 .text._ZN14FreeBoardModel14getSerialBaud5Ev
                0x00080ece        0x6 ./FreeBoardModel.cpp.o
                0x00080ece                FreeBoardModel::getSerialBaud5()
 .text._ZN14FreeBoardModel16getAutopilotBaudEv
                0x00080ed4        0x6 ./FreeBoardModel.cpp.o
                0x00080ed4                FreeBoardModel::getAutopilotBaud()
 .text._ZN14FreeBoardModel10getSeaTalkEv
                0x00080eda        0x6 ./FreeBoardModel.cpp.o
                0x00080eda                FreeBoardModel::getSeaTalk()
 .text._ZN3GpsD2Ev
                0x00080ee0        0xc ./Gps.cpp.o
                0x00080ee0                Gps::~Gps()
                0x00080ee0                Gps::~Gps()
 .text._ZN3GpsD0Ev
                0x00080eec       0x14 ./Gps.cpp.o
                0x00080eec                Gps::~Gps()
 .text._ZN3GpsC2EP4NMEAP12SignalkModel
                0x00080f00       0x10 ./Gps.cpp.o
                0x00080f00                Gps::Gps(NMEA*, SignalkModel*)
                0x00080f00                Gps::Gps(NMEA*, SignalkModel*)
 .text._ZN3Gps11getMetersToEffff
                0x00080f10      0x160 ./Gps.cpp.o
                0x00080f10                Gps::getMetersTo(float, float, float, float)
 .text._ZN3Gps6decodeEh
                0x00081070       0xe8 ./Gps.cpp.o
                0x00081070                Gps::decode(unsigned char)
 .text.startup._GLOBAL__sub_I_gpsBuffer
                0x00081158       0x24 ./Gps.cpp.o
 .text._ZN9NMEARelayC2Ei
                0x0008117c        0xc ./NmeaRelay.cpp.o
                0x0008117c                NMEARelay::NMEARelay(int)
                0x0008117c                NMEARelay::NMEARelay(int)
 .text._ZN9NMEARelay6decodeEc
                0x00081188       0x9a ./NmeaRelay.cpp.o
                0x00081188                NMEARelay::decode(char)
 .text._ZN9NMEARelay8sentenceEv
                0x00081222        0x4 ./NmeaRelay.cpp.o
                0x00081222                NMEARelay::sentence()
 *fill*         0x00081226        0x2 
 .text._Z9calculatev
                0x00081228       0x28 ./freeboardDue.cpp.o
                0x00081228                calculate()
 .text._Z7readWDSv
                0x00081250        0xc ./freeboardDue.cpp.o
                0x00081250                readWDS()
 .text._Z7readWDDv
                0x0008125c        0xc ./freeboardDue.cpp.o
                0x0008125c                readWDD()
 .text._ZN12SignalkModelD2Ev
                0x00081268       0x1e ./freeboardDue.cpp.o
                0x00081268                SignalkModel::~SignalkModel()
                0x00081268                SignalkModel::~SignalkModel()
 *fill*         0x00081286        0x2 
 .text.loop     0x00081288       0x8c ./freeboardDue.cpp.o
                0x00081288                loop
 .text.startup._GLOBAL__sub_I_execute
                0x00081314      0x138 ./freeboardDue.cpp.o
 .text.setup    0x0008144c      0x228 ./freeboardDue.cpp.o
                0x0008144c                setup
 .text._Z11serialEventv
                0x00081674       0x24 ./freeboardDue.cpp.o
                0x00081674                serialEvent()
 .text._Z12serialEvent1v
                0x00081698       0x48 ./freeboardDue.cpp.o
                0x00081698                serialEvent1()
 .text._Z12serialEvent2v
                0x000816e0       0x54 ./freeboardDue.cpp.o
                0x000816e0                serialEvent2()
 .text._Z12serialEvent3v
                0x00081734       0x54 ./freeboardDue.cpp.o
                0x00081734                serialEvent3()
 .text._ZN4WindC2EP12SignalkModel
                0x00081788       0x78 ./lib/Wind/Wind.cpp.o
                0x00081788                Wind::Wind(SignalkModel*)
                0x00081788                Wind::Wind(SignalkModel*)
 .text._ZN4Wind8isinLongEl
                0x00081800       0x40 ./lib/Wind/Wind.cpp.o
                0x00081800                Wind::isinLong(long)
 .text._ZN4Wind8icosLongEl
                0x00081840        0x6 ./lib/Wind/Wind.cpp.o
                0x00081840                Wind::icosLong(long)
 *fill*         0x00081846        0x2 
 .text._ZN4Wind20getRotationalAverageEv
                0x00081848       0xc8 ./lib/Wind/Wind.cpp.o
                0x00081848                Wind::getRotationalAverage()
 .text._ZN4Wind17readWindDataSpeedEv
                0x00081910       0x44 ./lib/Wind/Wind.cpp.o
                0x00081910                Wind::readWindDataSpeed()
 .text._ZN4Wind15readWindDataDirEv
                0x00081954       0x64 ./lib/Wind/Wind.cpp.o
                0x00081954                Wind::readWindDataDir()
 .text._ZN4Wind19calcWindSpeedAndDirEv
                0x000819b8       0x90 ./lib/Wind/Wind.cpp.o
                0x000819b8                Wind::calcWindSpeedAndDir()
 .text._ZN4Wind12calcWindDataEv
                0x00081a48      0x19c ./lib/Wind/Wind.cpp.o
                0x00081a48                Wind::calcWindData()
 .text._ZN4Wind14checkWindAlarmEv
                0x00081be4       0x60 ./lib/Wind/Wind.cpp.o
                0x00081be4                Wind::checkWindAlarm()
 .text.startup._GLOBAL__sub_I_lastSpeedPulse
                0x00081c44       0x1c ./lib/Wind/Wind.cpp.o
 .text._ZN12SignalkModelC2Ev
                0x00081c60      0x1b4 ./lib/SignalK/SignalkModel.cpp.o
                0x00081c60                SignalkModel::SignalkModel()
                0x00081c60                SignalkModel::SignalkModel()
 .text._Z11findInArrayPPKcS0_
                0x00081e14       0x12 ./lib/SignalK/SignalkModel.cpp.o
                0x00081e14                findInArray(char const**, char const*)
 *fill*         0x00081e26        0x2 
 .text._ZN12SignalkModel15setSignalkValueEmb
                0x00081e28       0x1c ./lib/SignalK/SignalkModel.cpp.o
                0x00081e28                SignalkModel::setSignalkValue(unsigned long, bool)
 .text._ZN12SignalkModel15setSignalkValueEmc
                0x00081e44        0xa ./lib/SignalK/SignalkModel.cpp.o
                0x00081e44                SignalkModel::setSignalkValue(unsigned long, char)
 *fill*         0x00081e4e        0x2 
 .text._ZN12SignalkModel15setSignalkValueEmPc
                0x00081e50      0x334 ./lib/SignalK/SignalkModel.cpp.o
                0x00081e50                SignalkModel::setSignalkValue(unsigned long, char*)
 .text._ZN12SignalkModel15setSignalkValueEmi
                0x00082184       0xa0 ./lib/SignalK/SignalkModel.cpp.o
                0x00082184                SignalkModel::setSignalkValue(unsigned long, int)
 .text._ZN12SignalkModel15setSignalkValueEml
                0x00082224       0x50 ./lib/SignalK/SignalkModel.cpp.o
                0x00082224                SignalkModel::setSignalkValue(unsigned long, long)
 .text._ZN12SignalkModel15setSignalkValueEmm
                0x00082274       0x10 ./lib/SignalK/SignalkModel.cpp.o
                0x00082274                SignalkModel::setSignalkValue(unsigned long, unsigned long)
 .text._ZN12SignalkModel15setSignalkValueEmf
                0x00082284      0x310 ./lib/SignalK/SignalkModel.cpp.o
                0x00082284                SignalkModel::setSignalkValue(unsigned long, float)
 .text._ZN12SignalkModel20getSignalkValueFloatEm
                0x00082594      0x2f8 ./lib/SignalK/SignalkModel.cpp.o
                0x00082594                SignalkModel::getSignalkValueFloat(unsigned long)
 .text._ZN12SignalkModel16isAlarmTriggeredEm
                0x0008288c       0xa4 ./lib/SignalK/SignalkModel.cpp.o
                0x0008288c                SignalkModel::isAlarmTriggered(unsigned long)
 .text._ZN12SignalkModel4hashEPKc
                0x00082930       0x14 ./lib/SignalK/SignalkModel.cpp.o
                0x00082930                SignalkModel::hash(char const*)
 .text._ZN12SignalkModel15setSignalkValueEPcb
                0x00082944       0x18 ./lib/SignalK/SignalkModel.cpp.o
                0x00082944                SignalkModel::setSignalkValue(char*, bool)
 .text._ZN12SignalkModel15setSignalkValueEPcS0_
                0x0008295c       0x18 ./lib/SignalK/SignalkModel.cpp.o
                0x0008295c                SignalkModel::setSignalkValue(char*, char*)
 .text._ZN12SignalkModel15setSignalkValueEPcf
                0x00082974       0x18 ./lib/SignalK/SignalkModel.cpp.o
                0x00082974                SignalkModel::setSignalkValue(char*, float)
 .text._ZN16StreamJsonReader13free_elementsEv
                0x0008298c       0x36 ./lib/SignalK/StreamJsonReader.cpp.o
                0x0008298c                StreamJsonReader::free_elements()
 *fill*         0x000829c2        0x2 
 .text._ZN16StreamJsonReaderD2Ev
                0x000829c4       0x14 ./lib/SignalK/StreamJsonReader.cpp.o
                0x000829c4                StreamJsonReader::~StreamJsonReader()
                0x000829c4                StreamJsonReader::~StreamJsonReader()
 .text._ZN16StreamJsonReaderD0Ev
                0x000829d8       0x12 ./lib/SignalK/StreamJsonReader.cpp.o
                0x000829d8                StreamJsonReader::~StreamJsonReader()
 .text._ZN16StreamJsonReader14alloc_elementsEv
                0x000829ea       0x58 ./lib/SignalK/StreamJsonReader.cpp.o
                0x000829ea                StreamJsonReader::alloc_elements()
 *fill*         0x00082a42        0x2 
 .text._ZN16StreamJsonReaderC2EP14HardwareSerialP12SignalkModelPPKcjjjj
                0x00082a44       0x38 ./lib/SignalK/StreamJsonReader.cpp.o
                0x00082a44                StreamJsonReader::StreamJsonReader(HardwareSerial*, SignalkModel*, char const**, unsigned int, unsigned int, unsigned int, unsigned int)
                0x00082a44                StreamJsonReader::StreamJsonReader(HardwareSerial*, SignalkModel*, char const**, unsigned int, unsigned int, unsigned int, unsigned int)
 .text._ZN16StreamJsonReader13assign_resultEPc
                0x00082a7c       0x90 ./lib/SignalK/StreamJsonReader.cpp.o
                0x00082a7c                StreamJsonReader::assign_result(char*)
 .text._ZN16StreamJsonReader29is_numeric_last_trace_elementEv
                0x00082b0c       0x2a ./lib/SignalK/StreamJsonReader.cpp.o
                0x00082b0c                StreamJsonReader::is_numeric_last_trace_element()
 *fill*         0x00082b36        0x2 
 .text._ZN16StreamJsonReader32numeric_last_trace_element_valueEv
                0x00082b38       0x90 ./lib/SignalK/StreamJsonReader.cpp.o
                0x00082b38                StreamJsonReader::numeric_last_trace_element_value()
 .text._ZN16StreamJsonReader23increment_trace_elementEv
                0x00082bc8       0x5c ./lib/SignalK/StreamJsonReader.cpp.o
                0x00082bc8                StreamJsonReader::increment_trace_element()
 .text._ZN16StreamJsonReader25remove_last_trace_elementEv
                0x00082c24       0x2a ./lib/SignalK/StreamJsonReader.cpp.o
                0x00082c24                StreamJsonReader::remove_last_trace_element()
 .text._ZN16StreamJsonReader13resize_stringEPcPj
                0x00082c4e       0x28 ./lib/SignalK/StreamJsonReader.cpp.o
                0x00082c4e                StreamJsonReader::resize_string(char*, unsigned int*)
 .text._ZN16StreamJsonReader16append_to_stringEPcci
                0x00082c76       0x24 ./lib/SignalK/StreamJsonReader.cpp.o
                0x00082c76                StreamJsonReader::append_to_string(char*, char, int)
 .text._ZN16StreamJsonReader15append_to_traceEc
                0x00082c9a       0x34 ./lib/SignalK/StreamJsonReader.cpp.o
                0x00082c9a                StreamJsonReader::append_to_trace(char)
 .text._ZN16StreamJsonReader12add_to_traceEPc
                0x00082cce       0x44 ./lib/SignalK/StreamJsonReader.cpp.o
                0x00082cce                StreamJsonReader::add_to_trace(char*)
 .text._ZN16StreamJsonReader15append_to_valueEc
                0x00082d12       0x34 ./lib/SignalK/StreamJsonReader.cpp.o
                0x00082d12                StreamJsonReader::append_to_value(char)
 .text._ZN16StreamJsonReader14append_to_nameEc
                0x00082d46       0x34 ./lib/SignalK/StreamJsonReader.cpp.o
                0x00082d46                StreamJsonReader::append_to_name(char)
 *fill*         0x00082d7a        0x2 
 .text._ZN16StreamJsonReader12process_charEc
                0x00082d7c      0x1a0 ./lib/SignalK/StreamJsonReader.cpp.o
                0x00082d7c                StreamJsonReader::process_char(char)
 .text._ZN7PString5writeEh
                0x00082f1c       0x24 ./lib/PString/PString.cpp.o
                0x00082f1c                PString::write(unsigned char)
 .text._ZN7PString5beginEv
                0x00082f40        0xe ./lib/PString/PString.cpp.o
                0x00082f40                PString::begin()
 .text._ZN3PIDC2Ev
                0x00082f4e        0x2 ./lib/PID_v1/PID_v1.cpp.o
                0x00082f4e                PID::PID()
                0x00082f4e                PID::PID()
 .text._ZN3PID7ComputeEv
                0x00082f50       0xf8 ./lib/PID_v1/PID_v1.cpp.o
                0x00082f50                PID::Compute()
 .text._ZN3PID10SetTuningsEddd
                0x00083048       0xd0 ./lib/PID_v1/PID_v1.cpp.o
                0x00083048                PID::SetTunings(double, double, double)
 .text._ZN3PID13SetSampleTimeEi
                0x00083118       0x4c ./lib/PID_v1/PID_v1.cpp.o
                0x00083118                PID::SetSampleTime(int)
 .text._ZN3PID15SetOutputLimitsEdd
                0x00083164       0x8c ./lib/PID_v1/PID_v1.cpp.o
                0x00083164                PID::SetOutputLimits(double, double)
 .text._ZN3PID10InitializeEv
                0x000831f0       0x46 ./lib/PID_v1/PID_v1.cpp.o
                0x000831f0                PID::Initialize()
 .text._ZN3PID7SetModeEi
                0x00083236       0x20 ./lib/PID_v1/PID_v1.cpp.o
                0x00083236                PID::SetMode(int)
 .text._ZN3PID22SetControllerDirectionEi
                0x00083256       0x46 ./lib/PID_v1/PID_v1.cpp.o
                0x00083256                PID::SetControllerDirection(int)
 *fill*         0x0008329c        0x4 
 .text._ZN3PIDC2EPdS0_S0_dddi
                0x000832a0       0x68 ./lib/PID_v1/PID_v1.cpp.o
                0x000832a0                PID::PID(double*, double*, double*, double, double, double, int)
                0x000832a0                PID::PID(double*, double*, double*, double, double, double, int)
 .text._ZN4NMEAC2Ei
                0x00083308       0x5a ./lib/NMEA/nmea.cpp.o
                0x00083308                NMEA::NMEA(int)
                0x00083308                NMEA::NMEA(int)
 .text._ZN4NMEA9gprmc_utcEv
                0x00083362        0x4 ./lib/NMEA/nmea.cpp.o
                0x00083362                NMEA::gprmc_utc()
 .text._ZN4NMEA12gprmc_statusEv
                0x00083366        0x4 ./lib/NMEA/nmea.cpp.o
                0x00083366                NMEA::gprmc_status()
 .text._ZN4NMEA14gprmc_latitudeEv
                0x0008336a        0x4 ./lib/NMEA/nmea.cpp.o
                0x0008336a                NMEA::gprmc_latitude()
 .text._ZN4NMEA15gprmc_longitudeEv
                0x0008336e        0x4 ./lib/NMEA/nmea.cpp.o
                0x0008336e                NMEA::gprmc_longitude()
 .text._ZN4NMEA11gprmc_speedEf
                0x00083372        0xe ./lib/NMEA/nmea.cpp.o
                0x00083372                NMEA::gprmc_speed(float)
 .text._ZN4NMEA12gprmc_courseEv
                0x00083380        0x4 ./lib/NMEA/nmea.cpp.o
                0x00083380                NMEA::gprmc_course()
 .text._ZN4NMEA8sentenceEv
                0x00083384        0x4 ./lib/NMEA/nmea.cpp.o
                0x00083384                NMEA::sentence()
 .text._ZN4NMEA4termEi
                0x00083388        0x8 ./lib/NMEA/nmea.cpp.o
                0x00083388                NMEA::term(int)
 .text._ZN4NMEA8_decimalEPc
                0x00083390       0x88 ./lib/NMEA/nmea.cpp.o
                0x00083390                NMEA::_decimal(char*)
 .text._ZN4NMEA6decodeEc
                0x00083418      0x33c ./lib/NMEA/nmea.cpp.o
                0x00083418                NMEA::decode(char)
 .text._ZN8SPIClass8transferEh15SPITransferMode
                0x00083754       0x12 ./lib/MultiSerial/MultiSerial.cpp.o
                0x00083754                SPIClass::transfer(unsigned char, SPITransferMode)
 *fill*         0x00083766        0x2 
 .text._ZN11MultiSerialC2Ehh
                0x00083768       0x1c ./lib/MultiSerial/MultiSerial.cpp.o
                0x00083768                MultiSerial::MultiSerial(unsigned char, unsigned char)
                0x00083768                MultiSerial::MultiSerial(unsigned char, unsigned char)
 .text._ZN11MultiSerial15msWriteRegisterEhh
                0x00083784       0x48 ./lib/MultiSerial/MultiSerial.cpp.o
                0x00083784                MultiSerial::msWriteRegister(unsigned char, unsigned char)
 .text._ZN11MultiSerial5writeEh
                0x000837cc        0xe ./lib/MultiSerial/MultiSerial.cpp.o
                0x000837cc                MultiSerial::write(unsigned char)
 .text._ZN11MultiSerial5flushEv
                0x000837da        0x8 ./lib/MultiSerial/MultiSerial.cpp.o
                0x000837da                MultiSerial::flush()
 *fill*         0x000837e2        0x2 
 .text._ZN11MultiSerial15msWriteRegisterEhPhh
                0x000837e4       0x3c ./lib/MultiSerial/MultiSerial.cpp.o
                0x000837e4                MultiSerial::msWriteRegister(unsigned char, unsigned char*, unsigned char)
 .text._ZN11MultiSerial5writeEPhh
                0x00083820       0x12 ./lib/MultiSerial/MultiSerial.cpp.o
                0x00083820                MultiSerial::write(unsigned char*, unsigned char)
 *fill*         0x00083832        0x2 
 .text._ZN11MultiSerial14msReadRegisterEh
                0x00083834       0x50 ./lib/MultiSerial/MultiSerial.cpp.o
                0x00083834                MultiSerial::msReadRegister(unsigned char)
 .text._ZN11MultiSerial4readEv
                0x00083884        0xa ./lib/MultiSerial/MultiSerial.cpp.o
                0x00083884                MultiSerial::read()
 .text._ZN11MultiSerial9availableEv
                0x0008388e        0xa ./lib/MultiSerial/MultiSerial.cpp.o
                0x0008388e                MultiSerial::available()
 .text._ZN11MultiSerial4peekEv
                0x00083898        0xe ./lib/MultiSerial/MultiSerial.cpp.o
                0x00083898                MultiSerial::peek()
 .text._ZN11MultiSerial11setWordSizeEh
                0x000838a6       0x24 ./lib/MultiSerial/MultiSerial.cpp.o
                0x000838a6                MultiSerial::setWordSize(unsigned char)
 *fill*         0x000838ca        0x2 
 .text._ZN11MultiSerial5beginEmm
                0x000838cc       0xcc ./lib/MultiSerial/MultiSerial.cpp.o
                0x000838cc                MultiSerial::begin(unsigned long, unsigned long)
 .text._ZN11MultiSerial5beginEm
                0x00083998        0x8 ./lib/MultiSerial/MultiSerial.cpp.o
                0x00083998                MultiSerial::begin(unsigned long)
 .text._ZN11KangarooCRC5writeEh
                0x000839a0       0x2c ./lib/Kangaroo/KangarooCRC.cpp.o
                0x000839a0                KangarooCRC::write(unsigned char)
 .text._ZN11KangarooCRC5writeEPKhj
                0x000839cc       0x1a ./lib/Kangaroo/KangarooCRC.cpp.o
                0x000839cc                KangarooCRC::write(unsigned char const*, unsigned int)
 .text._ZN11KangarooCRC5valueEPKhj
                0x000839e6       0x20 ./lib/Kangaroo/KangarooCRC.cpp.o
                0x000839e6                KangarooCRC::value(unsigned char const*, unsigned int)
 .text._ZN15KangarooChannelC2ER14KangarooSerialch
                0x00083a06       0x52 ./lib/Kangaroo/KangarooChannel.cpp.o
                0x00083a06                KangarooChannel::KangarooChannel(KangarooSerial&, char, unsigned char)
                0x00083a06                KangarooChannel::KangarooChannel(KangarooSerial&, char, unsigned char)
 .text._ZN15KangarooChannelD2Ev
                0x00083a58        0x2 ./lib/Kangaroo/KangarooChannel.cpp.o
                0x00083a58                KangarooChannel::~KangarooChannel()
                0x00083a58                KangarooChannel::~KangarooChannel()
 .text._ZN15KangarooChannel10getSpecialE15KangarooGetType16KangarooGetFlagsRK15KangarooTimeout
                0x00083a5a       0xd0 ./lib/Kangaroo/KangarooChannel.cpp.o
                0x00083a5a                KangarooChannel::getSpecial(KangarooGetType, KangarooGetFlags, KangarooTimeout const&)
 .text._ZN15KangarooChannel10setNoReplyE15KangarooCommandR21KangarooCommandWriter17KangarooMoveFlags
                0x00083b2a       0x56 ./lib/Kangaroo/KangarooChannel.cpp.o
                0x00083b2a                KangarooChannel::setNoReply(KangarooCommand, KangarooCommandWriter&, KangarooMoveFlags)
 .text._ZN15KangarooChannel33getInitialSequenceCodeIfNecessaryERK15KangarooTimeoutR14KangarooStatus
                0x00083b80       0x4a ./lib/Kangaroo/KangarooChannel.cpp.o
                0x00083b80                KangarooChannel::getInitialSequenceCodeIfNecessary(KangarooTimeout const&, KangarooStatus&)
 .text._ZN15KangarooChannel21updateMonitoredResultERK15KangarooTimeouth
                0x00083bca       0x52 ./lib/Kangaroo/KangarooChannel.cpp.o
                0x00083bca                KangarooChannel::updateMonitoredResult(KangarooTimeout const&, unsigned char)
 .text._ZN15KangarooChannel3setE15KangarooCommandR21KangarooCommandWriter17KangarooMoveFlags15KangarooGetType
                0x00083c1c       0x88 ./lib/Kangaroo/KangarooChannel.cpp.o
                0x00083c1c                KangarooChannel::set(KangarooCommand, KangarooCommandWriter&, KangarooMoveFlags, KangarooGetType)
 .text._ZN15KangarooChannel6motionEhlhl17KangarooMoveFlags
                0x00083ca4       0x5a ./lib/Kangaroo/KangarooChannel.cpp.o
                0x00083ca4                KangarooChannel::motion(unsigned char, long, unsigned char, long, KangarooMoveFlags)
 .text._ZN15KangarooChannel1pEll17KangarooMoveFlags
                0x00083cfe       0x22 ./lib/Kangaroo/KangarooChannel.cpp.o
                0x00083cfe                KangarooChannel::p(long, long, KangarooMoveFlags)
 .text._ZN21KangarooCommandWriterC2Ev
                0x00083d20        0x6 ./lib/Kangaroo/KangarooCommandWriter.cpp.o
                0x00083d20                KangarooCommandWriter::KangarooCommandWriter()
                0x00083d20                KangarooCommandWriter::KangarooCommandWriter()
 .text._ZN21KangarooCommandWriter5writeEh
                0x00083d26        0xc ./lib/Kangaroo/KangarooCommandWriter.cpp.o
                0x00083d26                KangarooCommandWriter::write(unsigned char)
 .text._ZN21KangarooCommandWriter5writeEPKhj
                0x00083d32       0x1a ./lib/Kangaroo/KangarooCommandWriter.cpp.o
                0x00083d32                KangarooCommandWriter::write(unsigned char const*, unsigned int)
 .text._ZN21KangarooCommandWriter20writeBitPackedNumberEl
                0x00083d4c       0x50 ./lib/Kangaroo/KangarooCommandWriter.cpp.o
                0x00083d4c                KangarooCommandWriter::writeBitPackedNumber(long)
 .text._ZN21KangarooCommandWriter13writeToBufferEPhh15KangarooCommandPKhj
                0x00083d9c       0x38 ./lib/Kangaroo/KangarooCommandWriter.cpp.o
                0x00083d9c                KangarooCommandWriter::writeToBuffer(unsigned char*, unsigned char, KangarooCommand, unsigned char const*, unsigned int)
 .text._ZN21KangarooCommandWriter13writeToStreamER6Streamh15KangarooCommandPKhj
                0x00083dd4       0x20 ./lib/Kangaroo/KangarooCommandWriter.cpp.o
                0x00083dd4                KangarooCommandWriter::writeToStream(Stream&, unsigned char, KangarooCommand, unsigned char const*, unsigned int)
 .text._ZNK21KangarooCommandWriter13writeToStreamER6Streamh15KangarooCommand
                0x00083df4       0x1a ./lib/Kangaroo/KangarooCommandWriter.cpp.o
                0x00083df4                KangarooCommandWriter::writeToStream(Stream&, unsigned char, KangarooCommand) const
 .text._ZN15KangarooMonitorC2EP15KangarooChannelm
                0x00083e0e        0x6 ./lib/Kangaroo/KangarooMonitor.cpp.o
                0x00083e0e                KangarooMonitor::KangarooMonitor(KangarooChannel*, unsigned long)
                0x00083e0e                KangarooMonitor::KangarooMonitor(KangarooChannel*, unsigned long)
 .text._ZN19KangarooReplyReaderC2EPKhj
                0x00083e14        0x8 ./lib/Kangaroo/KangarooReplyReader.cpp.o
                0x00083e14                KangarooReplyReader::KangarooReplyReader(unsigned char const*, unsigned int)
                0x00083e14                KangarooReplyReader::KangarooReplyReader(unsigned char const*, unsigned int)
 .text._ZN19KangarooReplyReader7tryReadEPh
                0x00083e1c       0x18 ./lib/Kangaroo/KangarooReplyReader.cpp.o
                0x00083e1c                KangarooReplyReader::tryRead(unsigned char*)
 .text._ZN19KangarooReplyReader19readBitPackedNumberEv
                0x00083e34       0x3a ./lib/Kangaroo/KangarooReplyReader.cpp.o
                0x00083e34                KangarooReplyReader::readBitPackedNumber()
 .text._ZN21KangarooReplyReceiverC2Ev
                0x00083e6e        0x8 ./lib/Kangaroo/KangarooReplyReceiver.cpp.o
                0x00083e6e                KangarooReplyReceiver::KangarooReplyReceiver()
                0x00083e6e                KangarooReplyReceiver::KangarooReplyReceiver()
 .text._ZN21KangarooReplyReceiver4readEh
                0x00083e76       0x4a ./lib/Kangaroo/KangarooReplyReceiver.cpp.o
                0x00083e76                KangarooReplyReceiver::read(unsigned char)
 .text._ZN14KangarooSerialC2ER6Stream
                0x00083ec0       0x10 ./lib/Kangaroo/KangarooSerial.cpp.o
                0x00083ec0                KangarooSerial::KangarooSerial(Stream&)
                0x00083ec0                KangarooSerial::KangarooSerial(Stream&)
 .text._ZN14KangarooSerial16tryReceivePacketEv
                0x00083ed0       0x26 ./lib/Kangaroo/KangarooSerial.cpp.o
                0x00083ed0                KangarooSerial::tryReceivePacket()
 .text._ZN14KangarooStatus4initEv
                0x00083ef6       0x12 ./lib/Kangaroo/KangarooStatus.cpp.o
                0x00083ef6                KangarooStatus::init()
 .text._ZN14KangarooStatusC2Ev
                0x00083f08        0xc ./lib/Kangaroo/KangarooStatus.cpp.o
                0x00083f08                KangarooStatus::KangarooStatus()
                0x00083f08                KangarooStatus::KangarooStatus()
 .text._ZN14KangarooStatus14createTimedOutEv
                0x00083f14       0x18 ./lib/Kangaroo/KangarooStatus.cpp.o
                0x00083f14                KangarooStatus::createTimedOut()
 .text._ZN14KangarooStatus5parseEPKhj
                0x00083f2c       0x70 ./lib/Kangaroo/KangarooStatus.cpp.o
                0x00083f2c                KangarooStatus::parse(unsigned char const*, unsigned int)
 .text._ZN14KangarooStatusC2EPKhj
                0x00083f9c       0x28 ./lib/Kangaroo/KangarooStatus.cpp.o
                0x00083f9c                KangarooStatus::KangarooStatus(unsigned char const*, unsigned int)
                0x00083f9c                KangarooStatus::KangarooStatus(unsigned char const*, unsigned int)
 .text._ZNK15KangarooTimeout7expiredEv
                0x00083fc4       0x22 ./lib/Kangaroo/KangarooTimeout.cpp.o
                0x00083fc4                KangarooTimeout::expired() const
 .text._ZN15KangarooTimeout6expireEv
                0x00083fe6       0x16 ./lib/Kangaroo/KangarooTimeout.cpp.o
                0x00083fe6                KangarooTimeout::expire()
 .text._ZN15KangarooTimeout5resetEv
                0x00083ffc        0xc ./lib/Kangaroo/KangarooTimeout.cpp.o
                0x00083ffc                KangarooTimeout::reset()
 .text._ZN15KangarooTimeoutC2El
                0x00084008        0xe ./lib/Kangaroo/KangarooTimeout.cpp.o
                0x00084008                KangarooTimeout::KangarooTimeout(long)
                0x00084008                KangarooTimeout::KangarooTimeout(long)
 *fill*         0x00084016        0x2 
 .text._ZN8DueTimer12getAvailableEv
                0x00084018       0x18 ./lib/DueTimer/DueTimer.cpp.o
                0x00084018                DueTimer::getAvailable()
 .text._ZN8DueTimer15attachInterruptEPFvvE
                0x00084030       0x10 ./lib/DueTimer/DueTimer.cpp.o
                0x00084030                DueTimer::attachInterrupt(void (*)())
 .text._ZN8DueTimer9bestClockEdRm
                0x00084040      0x1a8 ./lib/DueTimer/DueTimer.cpp.o
                0x00084040                DueTimer::bestClock(double, unsigned long&)
 .text._ZN8DueTimer12setFrequencyEd
                0x000841e8       0x94 ./lib/DueTimer/DueTimer.cpp.o
                0x000841e8                DueTimer::setFrequency(double)
 *fill*         0x0008427c        0x4 
 .text._ZN8DueTimer9setPeriodEl
                0x00084280       0x30 ./lib/DueTimer/DueTimer.cpp.o
                0x00084280                DueTimer::setPeriod(long)
 .text._ZN8DueTimer5startEl
                0x000842b0       0xd4 ./lib/DueTimer/DueTimer.cpp.o
                0x000842b0                DueTimer::start(long)
 .text.TC0_Handler
                0x00084384       0x1c ./lib/DueTimer/DueTimer.cpp.o
                0x00084384                TC0_Handler
 .text.TC1_Handler
                0x000843a0       0x1c ./lib/DueTimer/DueTimer.cpp.o
                0x000843a0                TC1_Handler
 .text.TC2_Handler
                0x000843bc       0x1c ./lib/DueTimer/DueTimer.cpp.o
                0x000843bc                TC2_Handler
 .text.TC3_Handler
                0x000843d8       0x1c ./lib/DueTimer/DueTimer.cpp.o
                0x000843d8                TC3_Handler
 .text.TC4_Handler
                0x000843f4       0x1c ./lib/DueTimer/DueTimer.cpp.o
                0x000843f4                TC4_Handler
 .text.TC5_Handler
                0x00084410       0x1c ./lib/DueTimer/DueTimer.cpp.o
                0x00084410                TC5_Handler
 .text.TC6_Handler
                0x0008442c       0x1c ./lib/DueTimer/DueTimer.cpp.o
                0x0008442c                TC6_Handler
 .text.TC7_Handler
                0x00084448       0x1c ./lib/DueTimer/DueTimer.cpp.o
                0x00084448                TC7_Handler
 .text.TC8_Handler
                0x00084464       0x1c ./lib/DueTimer/DueTimer.cpp.o
                0x00084464                TC8_Handler
 .text.startup._GLOBAL__sub_I__ZN8DueTimer6TimersE
                0x00084480       0x64 ./lib/DueTimer/DueTimer.cpp.o
 .text._ZL10SPI_0_Initv
                0x000844e4       0x48 ./Libraries/SPI/SPI.cpp.o
 .text._ZN8SPIClass4initEv
                0x0008452c       0x26 ./Libraries/SPI/SPI.cpp.o
                0x0008452c                SPIClass::init()
 .text._ZN8SPIClass11setBitOrderEh8BitOrder
                0x00084552       0x1e ./Libraries/SPI/SPI.cpp.o
                0x00084552                SPIClass::setBitOrder(unsigned char, BitOrder)
 .text._ZN8SPIClass11setDataModeEhh
                0x00084570       0x34 ./Libraries/SPI/SPI.cpp.o
                0x00084570                SPIClass::setDataMode(unsigned char, unsigned char)
 .text._ZN8SPIClass15setClockDividerEhh
                0x000845a4       0x2e ./Libraries/SPI/SPI.cpp.o
                0x000845a4                SPIClass::setClockDivider(unsigned char, unsigned char)
 .text._ZN8SPIClass5beginEv
                0x000845d2       0x22 ./Libraries/SPI/SPI.cpp.o
                0x000845d2                SPIClass::begin()
 .text._ZN8SPIClass8transferEhh15SPITransferMode
                0x000845f4       0x5e ./Libraries/SPI/SPI.cpp.o
                0x000845f4                SPIClass::transfer(unsigned char, unsigned char, SPITransferMode)
 *fill*         0x00084652        0x2 
 .text.startup._GLOBAL__sub_I__ZN8SPIClassC2EP3SpimPFvvE
                0x00084654       0x24 ./Libraries/SPI/SPI.cpp.o
 .text.UART_Handler
                0x00084678        0xc /home/robert/gitrep/freeboardDue/Release/arduino.ar(variant.cpp.o)
                0x00084678                UART_Handler
 .text.USART0_Handler
                0x00084684        0xc /home/robert/gitrep/freeboardDue/Release/arduino.ar(variant.cpp.o)
                0x00084684                USART0_Handler
 .text.USART1_Handler
                0x00084690        0xc /home/robert/gitrep/freeboardDue/Release/arduino.ar(variant.cpp.o)
                0x00084690                USART1_Handler
 .text.USART3_Handler
                0x0008469c        0xc /home/robert/gitrep/freeboardDue/Release/arduino.ar(variant.cpp.o)
                0x0008469c                USART3_Handler
 .text.init     0x000846a8      0x130 /home/robert/gitrep/freeboardDue/Release/arduino.ar(variant.cpp.o)
                0x000846a8                init
 .text.startup._GLOBAL__sub_I_g_APinDescription
                0x000847d8       0x90 /home/robert/gitrep/freeboardDue/Release/arduino.ar(variant.cpp.o)
 .text._Z14serialEventRunv
                0x00084868       0x44 /home/robert/gitrep/freeboardDue/Release/arduino.ar(variant.cpp.o)
                0x00084868                serialEventRun()
 .text._ZN5Print5writeEPKhj
                0x000848ac       0x22 /home/robert/gitrep/freeboardDue/Release/arduino.ar(Print.cpp.o)
                0x000848ac                Print::write(unsigned char const*, unsigned int)
 .text._ZN5Print5writeEPKc
                0x000848ce       0x1e /home/robert/gitrep/freeboardDue/Release/arduino.ar(Print.cpp.o)
                0x000848ce                Print::write(char const*)
 .text._ZN5Print5printEPKc
                0x000848ec        0x8 /home/robert/gitrep/freeboardDue/Release/arduino.ar(Print.cpp.o)
                0x000848ec                Print::print(char const*)
 .text._ZN5Print5printEc
                0x000848f4        0xa /home/robert/gitrep/freeboardDue/Release/arduino.ar(Print.cpp.o)
                0x000848f4                Print::print(char)
 .text._ZN5Print7printlnEv
                0x000848fe       0x18 /home/robert/gitrep/freeboardDue/Release/arduino.ar(Print.cpp.o)
                0x000848fe                Print::println()
 .text._ZN5Print7printlnEPKc
                0x00084916       0x14 /home/robert/gitrep/freeboardDue/Release/arduino.ar(Print.cpp.o)
                0x00084916                Print::println(char const*)
 .text._ZN5Print11printNumberEmh
                0x0008492a       0x3c /home/robert/gitrep/freeboardDue/Release/arduino.ar(Print.cpp.o)
                0x0008492a                Print::printNumber(unsigned long, unsigned char)
 .text._ZN5Print5printEli
                0x00084966       0x3c /home/robert/gitrep/freeboardDue/Release/arduino.ar(Print.cpp.o)
                0x00084966                Print::print(long, int)
 .text._ZN5Print5printEii
                0x000849a2        0x4 /home/robert/gitrep/freeboardDue/Release/arduino.ar(Print.cpp.o)
                0x000849a2                Print::print(int, int)
 .text._ZN5Print7printlnEli
                0x000849a6       0x14 /home/robert/gitrep/freeboardDue/Release/arduino.ar(Print.cpp.o)
                0x000849a6                Print::println(long, int)
 .text._ZN5Print5printEmi
                0x000849ba       0x18 /home/robert/gitrep/freeboardDue/Release/arduino.ar(Print.cpp.o)
                0x000849ba                Print::print(unsigned long, int)
 .text._ZN5Print7printlnEhi
                0x000849d2       0x14 /home/robert/gitrep/freeboardDue/Release/arduino.ar(Print.cpp.o)
                0x000849d2                Print::println(unsigned char, int)
 .text._ZN5Print7printlnEmi
                0x000849e6       0x14 /home/robert/gitrep/freeboardDue/Release/arduino.ar(Print.cpp.o)
                0x000849e6                Print::println(unsigned long, int)
 *fill*         0x000849fa        0x2 
 .text._ZN5Print10printFloatEdh
                0x000849fc      0x14c /home/robert/gitrep/freeboardDue/Release/arduino.ar(Print.cpp.o)
                0x000849fc                Print::printFloat(double, unsigned char)
 .text._ZN5Print5printEdi
                0x00084b48        0xa /home/robert/gitrep/freeboardDue/Release/arduino.ar(Print.cpp.o)
                0x00084b48                Print::print(double, int)
 .text._ZN10RingBufferC2Ev
                0x00084b52       0x16 /home/robert/gitrep/freeboardDue/Release/arduino.ar(RingBuffer.cpp.o)
                0x00084b52                RingBuffer::RingBuffer()
                0x00084b52                RingBuffer::RingBuffer()
 .text._ZN10RingBuffer10store_charEh
                0x00084b68       0x16 /home/robert/gitrep/freeboardDue/Release/arduino.ar(RingBuffer.cpp.o)
                0x00084b68                RingBuffer::store_char(unsigned char)
 .text._ZN9UARTClasscvbEv
                0x00084b7e        0x4 /home/robert/gitrep/freeboardDue/Release/arduino.ar(UARTClass.cpp.o)
                0x00084b7e                UARTClass::operator bool()
 .text._ZN9UARTClass9availableEv
                0x00084b82        0xe /home/robert/gitrep/freeboardDue/Release/arduino.ar(UARTClass.cpp.o)
                0x00084b82                UARTClass::available()
 .text._ZN9UARTClass4peekEv
                0x00084b90       0x12 /home/robert/gitrep/freeboardDue/Release/arduino.ar(UARTClass.cpp.o)
                0x00084b90                UARTClass::peek()
 .text._ZN9UARTClass4readEv
                0x00084ba2       0x1c /home/robert/gitrep/freeboardDue/Release/arduino.ar(UARTClass.cpp.o)
                0x00084ba2                UARTClass::read()
 .text._ZN9UARTClass5flushEv
                0x00084bbe        0xa /home/robert/gitrep/freeboardDue/Release/arduino.ar(UARTClass.cpp.o)
                0x00084bbe                UARTClass::flush()
 .text._ZN9UARTClass5writeEh
                0x00084bc8        0xe /home/robert/gitrep/freeboardDue/Release/arduino.ar(UARTClass.cpp.o)
                0x00084bc8                UARTClass::write(unsigned char)
 *fill*         0x00084bd6        0x2 
 .text._ZN9UARTClass5beginEm
                0x00084bd8       0x5c /home/robert/gitrep/freeboardDue/Release/arduino.ar(UARTClass.cpp.o)
                0x00084bd8                UARTClass::begin(unsigned long)
 .text._ZN9UARTClass3endEv
                0x00084c34       0x38 /home/robert/gitrep/freeboardDue/Release/arduino.ar(UARTClass.cpp.o)
                0x00084c34                UARTClass::end()
 .text._ZN9UARTClassC2EP4Uart4IRQnmP10RingBuffer
                0x00084c6c       0x20 /home/robert/gitrep/freeboardDue/Release/arduino.ar(UARTClass.cpp.o)
                0x00084c6c                UARTClass::UARTClass(Uart*, IRQn, unsigned long, RingBuffer*)
                0x00084c6c                UARTClass::UARTClass(Uart*, IRQn, unsigned long, RingBuffer*)
 .text._ZN9UARTClass10IrqHandlerEv
                0x00084c8c       0x28 /home/robert/gitrep/freeboardDue/Release/arduino.ar(UARTClass.cpp.o)
                0x00084c8c                UARTClass::IrqHandler()
 .text._ZN10USARTClasscvbEv
                0x00084cb4        0x4 /home/robert/gitrep/freeboardDue/Release/arduino.ar(USARTClass.cpp.o)
                0x00084cb4                USARTClass::operator bool()
 .text._ZN10USARTClass9availableEv
                0x00084cb8        0xe /home/robert/gitrep/freeboardDue/Release/arduino.ar(USARTClass.cpp.o)
                0x00084cb8                USARTClass::available()
 .text._ZN10USARTClass4peekEv
                0x00084cc6       0x12 /home/robert/gitrep/freeboardDue/Release/arduino.ar(USARTClass.cpp.o)
                0x00084cc6                USARTClass::peek()
 .text._ZN10USARTClass4readEv
                0x00084cd8       0x1c /home/robert/gitrep/freeboardDue/Release/arduino.ar(USARTClass.cpp.o)
                0x00084cd8                USARTClass::read()
 .text._ZN10USARTClass5flushEv
                0x00084cf4        0xa /home/robert/gitrep/freeboardDue/Release/arduino.ar(USARTClass.cpp.o)
                0x00084cf4                USARTClass::flush()
 .text._ZN10USARTClass5writeEh
                0x00084cfe        0xe /home/robert/gitrep/freeboardDue/Release/arduino.ar(USARTClass.cpp.o)
                0x00084cfe                USARTClass::write(unsigned char)
 .text._ZN10USARTClass6write9Etb
                0x00084d0c       0x14 /home/robert/gitrep/freeboardDue/Release/arduino.ar(USARTClass.cpp.o)
                0x00084d0c                USARTClass::write9(unsigned short, bool)
 .text._ZN10USARTClass3endEv
                0x00084d20       0x38 /home/robert/gitrep/freeboardDue/Release/arduino.ar(USARTClass.cpp.o)
                0x00084d20                USARTClass::end()
 .text._ZN10USARTClassC2EP5Usart4IRQnmP10RingBuffer
                0x00084d58       0x20 /home/robert/gitrep/freeboardDue/Release/arduino.ar(USARTClass.cpp.o)
                0x00084d58                USARTClass::USARTClass(Usart*, IRQn, unsigned long, RingBuffer*)
                0x00084d58                USARTClass::USARTClass(Usart*, IRQn, unsigned long, RingBuffer*)
 .text._ZN10USARTClass5beginEmm
                0x00084d78       0x58 /home/robert/gitrep/freeboardDue/Release/arduino.ar(USARTClass.cpp.o)
                0x00084d78                USARTClass::begin(unsigned long, unsigned long)
 .text._ZN10USARTClass5beginEm
                0x00084dd0        0x8 /home/robert/gitrep/freeboardDue/Release/arduino.ar(USARTClass.cpp.o)
                0x00084dd0                USARTClass::begin(unsigned long)
 .text._ZN10USARTClass10IrqHandlerEv
                0x00084dd8       0x28 /home/robert/gitrep/freeboardDue/Release/arduino.ar(USARTClass.cpp.o)
                0x00084dd8                USARTClass::IrqHandler()
 .text.attachInterrupt
                0x00084e00      0x148 /home/robert/gitrep/freeboardDue/Release/arduino.ar(WInterrupts.c.o)
                0x00084e00                attachInterrupt
 .text.PIOA_Handler
                0x00084f48       0x28 /home/robert/gitrep/freeboardDue/Release/arduino.ar(WInterrupts.c.o)
                0x00084f48                PIOA_Handler
 .text.PIOB_Handler
                0x00084f70       0x28 /home/robert/gitrep/freeboardDue/Release/arduino.ar(WInterrupts.c.o)
                0x00084f70                PIOB_Handler
 .text.PIOC_Handler
                0x00084f98       0x28 /home/robert/gitrep/freeboardDue/Release/arduino.ar(WInterrupts.c.o)
                0x00084f98                PIOC_Handler
 .text.PIOD_Handler
                0x00084fc0       0x28 /home/robert/gitrep/freeboardDue/Release/arduino.ar(WInterrupts.c.o)
                0x00084fc0                PIOD_Handler
 .text._ZN6StringD2Ev
                0x00084fe8        0xe /home/robert/gitrep/freeboardDue/Release/arduino.ar(WString.cpp.o)
                0x00084fe8                String::~String()
                0x00084fe8                String::~String()
 .text._ZN6String10invalidateEv
                0x00084ff6       0x16 /home/robert/gitrep/freeboardDue/Release/arduino.ar(WString.cpp.o)
                0x00084ff6                String::invalidate()
 .text._ZN6String12changeBufferEj
                0x0008500c       0x18 /home/robert/gitrep/freeboardDue/Release/arduino.ar(WString.cpp.o)
                0x0008500c                String::changeBuffer(unsigned int)
 .text._ZN6String7reserveEj
                0x00085024       0x22 /home/robert/gitrep/freeboardDue/Release/arduino.ar(WString.cpp.o)
                0x00085024                String::reserve(unsigned int)
 .text._ZN6String4copyEPKcj
                0x00085046       0x26 /home/robert/gitrep/freeboardDue/Release/arduino.ar(WString.cpp.o)
                0x00085046                String::copy(char const*, unsigned int)
 .text._ZN6StringC2EPKc
                0x0008506c       0x24 /home/robert/gitrep/freeboardDue/Release/arduino.ar(WString.cpp.o)
                0x0008506c                String::String(char const*)
                0x0008506c                String::String(char const*)
 .text._ZN6StringaSEPKc
                0x00085090       0x22 /home/robert/gitrep/freeboardDue/Release/arduino.ar(WString.cpp.o)
                0x00085090                String::operator=(char const*)
 .text.initVariant
                0x000850b2        0x2 /home/robert/gitrep/freeboardDue/Release/arduino.ar(main.cpp.o)
                0x000850b2                initVariant
 .text.startup.main
                0x000850b4       0x34 /home/robert/gitrep/freeboardDue/Release/arduino.ar(main.cpp.o)
                0x000850b4                main
 .text.millis   0x000850e8        0x4 /home/robert/gitrep/freeboardDue/Release/arduino.ar(wiring.c.o)
                0x000850e8                millis
 .text.micros   0x000850ec       0x74 /home/robert/gitrep/freeboardDue/Release/arduino.ar(wiring.c.o)
                0x000850ec                micros
 .text.delay    0x00085160       0x1c /home/robert/gitrep/freeboardDue/Release/arduino.ar(wiring.c.o)
                0x00085160                delay
 .text.mapResolution
                0x0008517c       0x12 /home/robert/gitrep/freeboardDue/Release/arduino.ar(wiring_analog.c.o)
 *fill*         0x0008518e        0x2 
 .text.analogRead
                0x00085190       0x74 /home/robert/gitrep/freeboardDue/Release/arduino.ar(wiring_analog.c.o)
                0x00085190                analogRead
 .text.analogOutputInit
                0x00085204       0x14 /home/robert/gitrep/freeboardDue/Release/arduino.ar(wiring_analog.c.o)
                0x00085204                analogOutputInit
 .text.pinMode  0x00085218       0x64 /home/robert/gitrep/freeboardDue/Release/arduino.ar(wiring_digital.c.o)
                0x00085218                pinMode
 .text.digitalWrite
                0x0008527c       0x48 /home/robert/gitrep/freeboardDue/Release/arduino.ar(wiring_digital.c.o)
                0x0008527c                digitalWrite
 .text.unlikely._ZL11USB_SendZlpv
                0x000852c4       0x20 /home/robert/gitrep/freeboardDue/Release/arduino.ar(USBCore.cpp.o)
 .text._Z14USBD_Availablem
                0x000852e4       0x2c /home/robert/gitrep/freeboardDue/Release/arduino.ar(USBCore.cpp.o)
                0x000852e4                USBD_Available(unsigned long)
 .text._Z9USBD_RecvmPvm
                0x00085310       0x7c /home/robert/gitrep/freeboardDue/Release/arduino.ar(USBCore.cpp.o)
                0x00085310                USBD_Recv(unsigned long, void*, unsigned long)
 .text._Z9USBD_Recvm
                0x0008538c       0x22 /home/robert/gitrep/freeboardDue/Release/arduino.ar(USBCore.cpp.o)
                0x0008538c                USBD_Recv(unsigned long)
 *fill*         0x000853ae        0x2 
 .text._Z9USBD_SendmPKvm
                0x000853b0       0x4c /home/robert/gitrep/freeboardDue/Release/arduino.ar(USBCore.cpp.o)
                0x000853b0                USBD_Send(unsigned long, void const*, unsigned long)
 .text._Z16USBD_SendControlhPKvm
                0x000853fc       0x40 /home/robert/gitrep/freeboardDue/Release/arduino.ar(USBCore.cpp.o)
                0x000853fc                USBD_SendControl(unsigned char, void const*, unsigned long)
 .text.unlikely._ZL24USB_SendStringDescriptorPKhi
                0x0008543c       0x38 /home/robert/gitrep/freeboardDue/Release/arduino.ar(USBCore.cpp.o)
 .text._Z16USBD_RecvControlPvm
                0x00085474       0x1c /home/robert/gitrep/freeboardDue/Release/arduino.ar(USBCore.cpp.o)
                0x00085474                USBD_RecvControl(void*, unsigned long)
 .text._Z26USBD_ClassInterfaceRequestR5Setup
                0x00085490       0x14 /home/robert/gitrep/freeboardDue/Release/arduino.ar(USBCore.cpp.o)
                0x00085490                USBD_ClassInterfaceRequest(Setup&)
 .text._Z19USBD_SendInterfacesv
                0x000854a4       0x1e /home/robert/gitrep/freeboardDue/Release/arduino.ar(USBCore.cpp.o)
                0x000854a4                USBD_SendInterfaces()
 .text._Z24USBD_SendOtherInterfacesv
                0x000854c2       0x1e /home/robert/gitrep/freeboardDue/Release/arduino.ar(USBCore.cpp.o)
                0x000854c2                USBD_SendOtherInterfaces()
 .text._Z10USBD_Flushm
                0x000854e0       0x16 /home/robert/gitrep/freeboardDue/Release/arduino.ar(USBCore.cpp.o)
                0x000854e0                USBD_Flush(unsigned long)
 *fill*         0x000854f6        0x2 
 .text._ZN10USBDevice_C2Ev
                0x000854f8       0x24 /home/robert/gitrep/freeboardDue/Release/arduino.ar(USBCore.cpp.o)
                0x000854f8                USBDevice_::USBDevice_()
                0x000854f8                USBDevice_::USBDevice_()
 .text._ZN10USBDevice_6attachEv
                0x0008551c       0x20 /home/robert/gitrep/freeboardDue/Release/arduino.ar(USBCore.cpp.o)
                0x0008551c                USBDevice_::attach()
 .text.startup._GLOBAL__sub_I_TxLEDPulse
                0x0008553c        0xc /home/robert/gitrep/freeboardDue/Release/arduino.ar(USBCore.cpp.o)
 .text._ZL7USB_ISRv
                0x00085548      0x424 /home/robert/gitrep/freeboardDue/Release/arduino.ar(USBCore.cpp.o)
 .text.__empty  0x0008596c        0x2 /home/robert/gitrep/freeboardDue/Release/arduino.ar(hooks.c.o)
                0x0008596c                yield
 .text.__false  0x0008596e        0x4 /home/robert/gitrep/freeboardDue/Release/arduino.ar(hooks.c.o)
                0x0008596e                sysTickHook
 .text.__halt   0x00085972        0x2 /home/robert/gitrep/freeboardDue/Release/arduino.ar(hooks.c.o)
                0x00085972                pendSVHook
                0x00085972                svcHook
 .text._ZN7Serial_9availableEv
                0x00085974       0x18 /home/robert/gitrep/freeboardDue/Release/arduino.ar(CDC.cpp.o)
                0x00085974                Serial_::available()
 .text._ZN7Serial_4peekEv
                0x0008598c       0x20 /home/robert/gitrep/freeboardDue/Release/arduino.ar(CDC.cpp.o)
                0x0008598c                Serial_::peek()
 .text._ZN7Serial_5writeEh
                0x000859ac       0x16 /home/robert/gitrep/freeboardDue/Release/arduino.ar(CDC.cpp.o)
                0x000859ac                Serial_::write(unsigned char)
 *fill*         0x000859c2        0x2 
 .text._ZN7Serial_4readEv
                0x000859c4       0x44 /home/robert/gitrep/freeboardDue/Release/arduino.ar(CDC.cpp.o)
                0x000859c4                Serial_::read()
 .text._ZN7Serial_5flushEv
                0x00085a08        0x6 /home/robert/gitrep/freeboardDue/Release/arduino.ar(CDC.cpp.o)
                0x00085a08                Serial_::flush()
 *fill*         0x00085a0e        0x2 
 .text._ZN7Serial_6acceptEv
                0x00085a10       0x70 /home/robert/gitrep/freeboardDue/Release/arduino.ar(CDC.cpp.o)
                0x00085a10                Serial_::accept()
 .text._ZN7Serial_5writeEPKhj
                0x00085a80       0x2c /home/robert/gitrep/freeboardDue/Release/arduino.ar(CDC.cpp.o)
                0x00085a80                Serial_::write(unsigned char const*, unsigned int)
 .text._Z16CDC_GetInterfacePh
                0x00085aac       0x14 /home/robert/gitrep/freeboardDue/Release/arduino.ar(CDC.cpp.o)
                0x00085aac                CDC_GetInterface(unsigned char*)
 .text._Z21CDC_GetOtherInterfacePh
                0x00085ac0       0x14 /home/robert/gitrep/freeboardDue/Release/arduino.ar(CDC.cpp.o)
                0x00085ac0                CDC_GetOtherInterface(unsigned char*)
 .text._Z9CDC_SetupR5Setup
                0x00085ad4       0x64 /home/robert/gitrep/freeboardDue/Release/arduino.ar(CDC.cpp.o)
                0x00085ad4                CDC_Setup(Setup&)
 .text.startup._GLOBAL__sub_I_cdc_rx_buffer
                0x00085b38       0x1c /home/robert/gitrep/freeboardDue/Release/arduino.ar(CDC.cpp.o)
 .text._ZN9Keyboard_5writeEh
                0x00085b54       0x1c /home/robert/gitrep/freeboardDue/Release/arduino.ar(HID.cpp.o)
                0x00085b54                Keyboard_::write(unsigned char)
 .text._Z16HID_GetInterfacePh
                0x00085b70       0x14 /home/robert/gitrep/freeboardDue/Release/arduino.ar(HID.cpp.o)
                0x00085b70                HID_GetInterface(unsigned char*)
 .text._Z17HID_GetDescriptori
                0x00085b84       0x10 /home/robert/gitrep/freeboardDue/Release/arduino.ar(HID.cpp.o)
                0x00085b84                HID_GetDescriptor(int)
 .text._Z14HID_SendReporthPKvm
                0x00085b94       0x2e /home/robert/gitrep/freeboardDue/Release/arduino.ar(HID.cpp.o)
                0x00085b94                HID_SendReport(unsigned char, void const*, unsigned long)
 *fill*         0x00085bc2        0x2 
 .text._Z9HID_SetupR5Setup
                0x00085bc4       0x40 /home/robert/gitrep/freeboardDue/Release/arduino.ar(HID.cpp.o)
                0x00085bc4                HID_Setup(Setup&)
 .text._ZN9Keyboard_10sendReportEP9KeyReport
                0x00085c04        0xc /home/robert/gitrep/freeboardDue/Release/arduino.ar(HID.cpp.o)
                0x00085c04                Keyboard_::sendReport(KeyReport*)
 .text._ZN9Keyboard_5pressEh
                0x00085c10       0x88 /home/robert/gitrep/freeboardDue/Release/arduino.ar(HID.cpp.o)
                0x00085c10                Keyboard_::press(unsigned char)
 .text._ZN9Keyboard_7releaseEh
                0x00085c98       0x64 /home/robert/gitrep/freeboardDue/Release/arduino.ar(HID.cpp.o)
                0x00085c98                Keyboard_::release(unsigned char)
 .text._ZN9Keyboard_10releaseAllEv
                0x00085cfc       0x18 /home/robert/gitrep/freeboardDue/Release/arduino.ar(HID.cpp.o)
                0x00085cfc                Keyboard_::releaseAll()
 .text.startup._GLOBAL__sub_I_Mouse
                0x00085d14       0x1c /home/robert/gitrep/freeboardDue/Release/arduino.ar(HID.cpp.o)
 .text.initiateReset
                0x00085d30        0xc /home/robert/gitrep/freeboardDue/Release/arduino.ar(Reset.cpp.o)
                0x00085d30                initiateReset
 .text.cancelReset
                0x00085d3c       0x10 /home/robert/gitrep/freeboardDue/Release/arduino.ar(Reset.cpp.o)
                0x00085d3c                cancelReset
 .text.tickReset
                0x00085d4c       0x20 /home/robert/gitrep/freeboardDue/Release/arduino.ar(Reset.cpp.o)
                0x00085d4c                tickReset
 .text.PIO_DisableInterrupt
                0x00085d6c        0x4 /home/robert/dev/arduino-1.5.7/hardware/arduino/sam/variants/arduino_due_x/libsam_sam3x8e_gcc_rel.a(pio.o)
                0x00085d6c                PIO_DisableInterrupt
 .text.PIO_PullUp
                0x00085d70        0xa /home/robert/dev/arduino-1.5.7/hardware/arduino/sam/variants/arduino_due_x/libsam_sam3x8e_gcc_rel.a(pio.o)
                0x00085d70                PIO_PullUp
 .text.PIO_SetPeripheral
                0x00085d7a       0x2a /home/robert/dev/arduino-1.5.7/hardware/arduino/sam/variants/arduino_due_x/libsam_sam3x8e_gcc_rel.a(pio.o)
                0x00085d7a                PIO_SetPeripheral
 .text.PIO_SetInput
                0x00085da4       0x40 /home/robert/dev/arduino-1.5.7/hardware/arduino/sam/variants/arduino_due_x/libsam_sam3x8e_gcc_rel.a(pio.o)
                0x00085da4                PIO_SetInput
 .text.PIO_SetOutput
                0x00085de4       0x38 /home/robert/dev/arduino-1.5.7/hardware/arduino/sam/variants/arduino_due_x/libsam_sam3x8e_gcc_rel.a(pio.o)
                0x00085de4                PIO_SetOutput
 .text.PIO_Configure
                0x00085e1c       0x74 /home/robert/dev/arduino-1.5.7/hardware/arduino/sam/variants/arduino_due_x/libsam_sam3x8e_gcc_rel.a(pio.o)
                0x00085e1c                PIO_Configure
 .text.PIO_GetOutputDataStatus
                0x00085e90       0x16 /home/robert/dev/arduino-1.5.7/hardware/arduino/sam/variants/arduino_due_x/libsam_sam3x8e_gcc_rel.a(pio.o)
                0x00085e90                PIO_GetOutputDataStatus
 *fill*         0x00085ea6        0x2 
 .text.pmc_enable_upll_clock
                0x00085ea8       0x18 /home/robert/dev/arduino-1.5.7/hardware/arduino/sam/variants/arduino_due_x/libsam_sam3x8e_gcc_rel.a(pmc.o)
                0x00085ea8                pmc_enable_upll_clock
 .text.pmc_enable_periph_clk
                0x00085ec0       0x48 /home/robert/dev/arduino-1.5.7/hardware/arduino/sam/variants/arduino_due_x/libsam_sam3x8e_gcc_rel.a(pmc.o)
                0x00085ec0                pmc_enable_periph_clk
 .text.pmc_disable_periph_clk
                0x00085f08       0x48 /home/robert/dev/arduino-1.5.7/hardware/arduino/sam/variants/arduino_due_x/libsam_sam3x8e_gcc_rel.a(pmc.o)
                0x00085f08                pmc_disable_periph_clk
 .text.pmc_switch_udpck_to_upllck
                0x00085f50       0x14 /home/robert/dev/arduino-1.5.7/hardware/arduino/sam/variants/arduino_due_x/libsam_sam3x8e_gcc_rel.a(pmc.o)
                0x00085f50                pmc_switch_udpck_to_upllck
 .text.pmc_enable_udpck
                0x00085f64        0xc /home/robert/dev/arduino-1.5.7/hardware/arduino/sam/variants/arduino_due_x/libsam_sam3x8e_gcc_rel.a(pmc.o)
                0x00085f64                pmc_enable_udpck
 .text.pmc_set_writeprotect
                0x00085f70       0x1c /home/robert/dev/arduino-1.5.7/hardware/arduino/sam/variants/arduino_due_x/libsam_sam3x8e_gcc_rel.a(pmc.o)
                0x00085f70                pmc_set_writeprotect
 .text.SPI_Enable
                0x00085f8c        0x6 /home/robert/dev/arduino-1.5.7/hardware/arduino/sam/variants/arduino_due_x/libsam_sam3x8e_gcc_rel.a(spi.o)
                0x00085f8c                SPI_Enable
 *fill*         0x00085f92        0x2 
 .text.SPI_Configure
                0x00085f94       0x20 /home/robert/dev/arduino-1.5.7/hardware/arduino/sam/variants/arduino_due_x/libsam_sam3x8e_gcc_rel.a(spi.o)
                0x00085f94                SPI_Configure
 .text.SPI_ConfigureNPCS
                0x00085fb4        0x8 /home/robert/dev/arduino-1.5.7/hardware/arduino/sam/variants/arduino_due_x/libsam_sam3x8e_gcc_rel.a(spi.o)
                0x00085fb4                SPI_ConfigureNPCS
 .text.TC_Configure
                0x00085fbc       0x38 /home/robert/dev/arduino-1.5.7/hardware/arduino/sam/variants/arduino_due_x/libsam_sam3x8e_gcc_rel.a(tc.o)
                0x00085fbc                TC_Configure
 .text.TC_Start
                0x00085ff4       0x2c /home/robert/dev/arduino-1.5.7/hardware/arduino/sam/variants/arduino_due_x/libsam_sam3x8e_gcc_rel.a(tc.o)
                0x00085ff4                TC_Start
 .text.TC_GetStatus
                0x00086020        0x8 /home/robert/dev/arduino-1.5.7/hardware/arduino/sam/variants/arduino_due_x/libsam_sam3x8e_gcc_rel.a(tc.o)
                0x00086020                TC_GetStatus
 .text.TC_SetRC
                0x00086028        0x8 /home/robert/dev/arduino-1.5.7/hardware/arduino/sam/variants/arduino_due_x/libsam_sam3x8e_gcc_rel.a(tc.o)
                0x00086028                TC_SetRC
 .text.TimeTick_Increment
                0x00086030       0x10 /home/robert/dev/arduino-1.5.7/hardware/arduino/sam/variants/arduino_due_x/libsam_sam3x8e_gcc_rel.a(timetick.o)
                0x00086030                TimeTick_Increment
 .text.GetTickCount
                0x00086040        0xc /home/robert/dev/arduino-1.5.7/hardware/arduino/sam/variants/arduino_due_x/libsam_sam3x8e_gcc_rel.a(timetick.o)
                0x00086040                GetTickCount
 .text.WDT_Disable
                0x0008604c        0x8 /home/robert/dev/arduino-1.5.7/hardware/arduino/sam/variants/arduino_due_x/libsam_sam3x8e_gcc_rel.a(wdt.o)
                0x0008604c                WDT_Disable
 .text.SystemInit
                0x00086054       0x9c /home/robert/dev/arduino-1.5.7/hardware/arduino/sam/variants/arduino_due_x/libsam_sam3x8e_gcc_rel.a(system_sam3xa.o)
                0x00086054                SystemInit
 .text.Reset_Handler
                0x000860f0       0x70 /home/robert/dev/arduino-1.5.7/hardware/arduino/sam/variants/arduino_due_x/libsam_sam3x8e_gcc_rel.a(startup_sam3xa.o)
                0x000860f0                Reset_Handler
 .text.adc_init
                0x00086160       0xa0 /home/robert/dev/arduino-1.5.7/hardware/arduino/sam/variants/arduino_due_x/libsam_sam3x8e_gcc_rel.a(adc.o)
                0x00086160                adc_init
 .text.adc_configure_trigger
                0x00086200       0x10 /home/robert/dev/arduino-1.5.7/hardware/arduino/sam/variants/arduino_due_x/libsam_sam3x8e_gcc_rel.a(adc.o)
                0x00086200                adc_configure_trigger
 .text.adc_configure_timing
                0x00086210       0x1a /home/robert/dev/arduino-1.5.7/hardware/arduino/sam/variants/arduino_due_x/libsam_sam3x8e_gcc_rel.a(adc.o)
                0x00086210                adc_configure_timing
 .text.adc_start
                0x0008622a        0x6 /home/robert/dev/arduino-1.5.7/hardware/arduino/sam/variants/arduino_due_x/libsam_sam3x8e_gcc_rel.a(adc.o)
                0x0008622a                adc_start
 .text.adc_enable_channel
                0x00086230        0x8 /home/robert/dev/arduino-1.5.7/hardware/arduino/sam/variants/arduino_due_x/libsam_sam3x8e_gcc_rel.a(adc.o)
                0x00086230                adc_enable_channel
 .text.adc_disable_channel
                0x00086238        0x8 /home/robert/dev/arduino-1.5.7/hardware/arduino/sam/variants/arduino_due_x/libsam_sam3x8e_gcc_rel.a(adc.o)
                0x00086238                adc_disable_channel
 .text.adc_disable_all_channel
                0x00086240        0x8 /home/robert/dev/arduino-1.5.7/hardware/arduino/sam/variants/arduino_due_x/libsam_sam3x8e_gcc_rel.a(adc.o)
                0x00086240                adc_disable_all_channel
 .text.adc_get_latest_value
                0x00086248        0x4 /home/robert/dev/arduino-1.5.7/hardware/arduino/sam/variants/arduino_due_x/libsam_sam3x8e_gcc_rel.a(adc.o)
                0x00086248                adc_get_latest_value
 .text.adc_disable_interrupt
                0x0008624c        0x4 /home/robert/dev/arduino-1.5.7/hardware/arduino/sam/variants/arduino_due_x/libsam_sam3x8e_gcc_rel.a(adc.o)
                0x0008624c                adc_disable_interrupt
 .text.adc_get_status
                0x00086250        0x4 /home/robert/dev/arduino-1.5.7/hardware/arduino/sam/variants/arduino_due_x/libsam_sam3x8e_gcc_rel.a(adc.o)
                0x00086250                adc_get_status
 .text.UOTGHS_Handler
                0x00086254       0x10 /home/robert/dev/arduino-1.5.7/hardware/arduino/sam/variants/arduino_due_x/libsam_sam3x8e_gcc_rel.a(uotghs.o)
                0x00086254                UOTGHS_Handler
 .text.UDD_SetStack
                0x00086264        0xc /home/robert/dev/arduino-1.5.7/hardware/arduino/sam/variants/arduino_due_x/libsam_sam3x8e_gcc_rel.a(uotghs_device.o)
                0x00086264                UDD_SetStack
 .text.UDD_Init
                0x00086270       0xd0 /home/robert/dev/arduino-1.5.7/hardware/arduino/sam/variants/arduino_due_x/libsam_sam3x8e_gcc_rel.a(uotghs_device.o)
                0x00086270                UDD_Init
 .text.UDD_Attach
                0x00086340       0x4c /home/robert/dev/arduino-1.5.7/hardware/arduino/sam/variants/arduino_due_x/libsam_sam3x8e_gcc_rel.a(uotghs_device.o)
                0x00086340                UDD_Attach
 .text.UDD_InitEP
                0x0008638c       0x30 /home/robert/dev/arduino-1.5.7/hardware/arduino/sam/variants/arduino_due_x/libsam_sam3x8e_gcc_rel.a(uotghs_device.o)
                0x0008638c                UDD_InitEP
 .text.UDD_InitEndpoints
                0x000863bc       0x3c /home/robert/dev/arduino-1.5.7/hardware/arduino/sam/variants/arduino_due_x/libsam_sam3x8e_gcc_rel.a(uotghs_device.o)
                0x000863bc                UDD_InitEndpoints
 .text.UDD_WaitIN
                0x000863f8       0x14 /home/robert/dev/arduino-1.5.7/hardware/arduino/sam/variants/arduino_due_x/libsam_sam3x8e_gcc_rel.a(uotghs_device.o)
                0x000863f8                UDD_WaitIN
 .text.UDD_WaitOUT
                0x0008640c       0x14 /home/robert/dev/arduino-1.5.7/hardware/arduino/sam/variants/arduino_due_x/libsam_sam3x8e_gcc_rel.a(uotghs_device.o)
                0x0008640c                UDD_WaitOUT
 .text.UDD_ClearIN
                0x00086420       0x18 /home/robert/dev/arduino-1.5.7/hardware/arduino/sam/variants/arduino_due_x/libsam_sam3x8e_gcc_rel.a(uotghs_device.o)
                0x00086420                UDD_ClearIN
 .text.UDD_ClearOUT
                0x00086438       0x18 /home/robert/dev/arduino-1.5.7/hardware/arduino/sam/variants/arduino_due_x/libsam_sam3x8e_gcc_rel.a(uotghs_device.o)
                0x00086438                UDD_ClearOUT
 .text.UDD_ReceivedSetupInt
                0x00086450       0x10 /home/robert/dev/arduino-1.5.7/hardware/arduino/sam/variants/arduino_due_x/libsam_sam3x8e_gcc_rel.a(uotghs_device.o)
                0x00086450                UDD_ReceivedSetupInt
 .text.UDD_ClearSetupInt
                0x00086460       0x10 /home/robert/dev/arduino-1.5.7/hardware/arduino/sam/variants/arduino_due_x/libsam_sam3x8e_gcc_rel.a(uotghs_device.o)
                0x00086460                UDD_ClearSetupInt
 .text.UDD_Send
                0x00086470       0x90 /home/robert/dev/arduino-1.5.7/hardware/arduino/sam/variants/arduino_due_x/libsam_sam3x8e_gcc_rel.a(uotghs_device.o)
                0x00086470                UDD_Send
 .text.UDD_Send8
                0x00086500       0x28 /home/robert/dev/arduino-1.5.7/hardware/arduino/sam/variants/arduino_due_x/libsam_sam3x8e_gcc_rel.a(uotghs_device.o)
                0x00086500                UDD_Send8
 .text.UDD_Recv8
                0x00086528       0x28 /home/robert/dev/arduino-1.5.7/hardware/arduino/sam/variants/arduino_due_x/libsam_sam3x8e_gcc_rel.a(uotghs_device.o)
                0x00086528                UDD_Recv8
 .text.UDD_Recv
                0x00086550       0x34 /home/robert/dev/arduino-1.5.7/hardware/arduino/sam/variants/arduino_due_x/libsam_sam3x8e_gcc_rel.a(uotghs_device.o)
                0x00086550                UDD_Recv
 .text.UDD_Stall
                0x00086584       0x14 /home/robert/dev/arduino-1.5.7/hardware/arduino/sam/variants/arduino_due_x/libsam_sam3x8e_gcc_rel.a(uotghs_device.o)
                0x00086584                UDD_Stall
 .text.UDD_FifoByteCount
                0x00086598       0x1c /home/robert/dev/arduino-1.5.7/hardware/arduino/sam/variants/arduino_due_x/libsam_sam3x8e_gcc_rel.a(uotghs_device.o)
                0x00086598                UDD_FifoByteCount
 .text.UDD_ReleaseRX
                0x000865b4       0x2c /home/robert/dev/arduino-1.5.7/hardware/arduino/sam/variants/arduino_due_x/libsam_sam3x8e_gcc_rel.a(uotghs_device.o)
                0x000865b4                UDD_ReleaseRX
 .text.UDD_ReleaseTX
                0x000865e0       0x2c /home/robert/dev/arduino-1.5.7/hardware/arduino/sam/variants/arduino_due_x/libsam_sam3x8e_gcc_rel.a(uotghs_device.o)
                0x000865e0                UDD_ReleaseTX
 .text.UDD_SetAddress
                0x0008660c       0x20 /home/robert/dev/arduino-1.5.7/hardware/arduino/sam/variants/arduino_due_x/libsam_sam3x8e_gcc_rel.a(uotghs_device.o)
                0x0008660c                UDD_SetAddress
 .text.__halt   0x0008662c        0x2 /home/robert/gitrep/freeboardDue/Release/arduino.ar(cortex_handlers.c.o)
                0x0008662c                DACC_Handler
                0x0008662c                DebugMon_Handler
                0x0008662c                DMAC_Handler
                0x0008662c                TRNG_Handler
                0x0008662c                HardFault_Handler
                0x0008662c                TWI1_Handler
                0x0008662c                NMI_Handler
                0x0008662c                ADC_Handler
                0x0008662c                SMC_Handler
                0x0008662c                RTT_Handler
                0x0008662c                EFC1_Handler
                0x0008662c                RTC_Handler
                0x0008662c                UsageFault_Handler
                0x0008662c                WDT_Handler
                0x0008662c                CAN0_Handler
                0x0008662c                HSMCI_Handler
                0x0008662c                TWI0_Handler
                0x0008662c                SSC_Handler
                0x0008662c                EFC0_Handler
                0x0008662c                PMC_Handler
                0x0008662c                PWM_Handler
                0x0008662c                CAN1_Handler
                0x0008662c                MemManage_Handler
                0x0008662c                SUPC_Handler
                0x0008662c                USART2_Handler
                0x0008662c                EMAC_Handler
                0x0008662c                BusFault_Handler
                0x0008662c                RSTC_Handler
                0x0008662c                SPI0_Handler
 .text.SVC_Handler
                0x0008662e        0x4 /home/robert/gitrep/freeboardDue/Release/arduino.ar(cortex_handlers.c.o)
                0x0008662e                SVC_Handler
 .text.PendSV_Handler
                0x00086632        0x4 /home/robert/gitrep/freeboardDue/Release/arduino.ar(cortex_handlers.c.o)
                0x00086632                PendSV_Handler
 .text.SysTick_Handler
                0x00086636       0x16 /home/robert/gitrep/freeboardDue/Release/arduino.ar(cortex_handlers.c.o)
                0x00086636                SysTick_Handler
 .text._ZdlPv   0x0008664c        0x8 /home/robert/dev/arduino-1.5.7/hardware/tools/gcc-arm-none-eabi-4.8.3-2014q1/bin/../lib/gcc/arm-none-eabi/4.8.3/../../../../arm-none-eabi/lib/armv7-m/libstdc++.a(del_op.o)
                0x0008664c                operator delete(void*)
 .text.__aeabi_atexit
                0x00086654        0xc /home/robert/dev/arduino-1.5.7/hardware/tools/gcc-arm-none-eabi-4.8.3-2014q1/bin/../lib/gcc/arm-none-eabi/4.8.3/../../../../arm-none-eabi/lib/armv7-m/libstdc++.a(atexit_arm.o)
                0x00086654                __aeabi_atexit
 .text.cos      0x00086660       0x8c /home/robert/dev/arduino-1.5.7/hardware/tools/gcc-arm-none-eabi-4.8.3-2014q1/bin/../lib/gcc/arm-none-eabi/4.8.3/../../../../arm-none-eabi/lib/armv7-m/libm.a(lib_a-s_cos.o)
                0x00086660                cos
 *fill*         0x000866ec        0x4 
 .text.floor    0x000866f0      0x120 /home/robert/dev/arduino-1.5.7/hardware/tools/gcc-arm-none-eabi-4.8.3-2014q1/bin/../lib/gcc/arm-none-eabi/4.8.3/../../../../arm-none-eabi/lib/armv7-m/libm.a(lib_a-s_floor.o)
                0x000866f0                floor
 .text.__fpclassifyd
                0x00086810       0x50 /home/robert/dev/arduino-1.5.7/hardware/tools/gcc-arm-none-eabi-4.8.3-2014q1/bin/../lib/gcc/arm-none-eabi/4.8.3/../../../../arm-none-eabi/lib/armv7-m/libm.a(lib_a-s_fpclassify.o)
                0x00086810                __fpclassifyd
 .text.sin      0x00086860       0x94 /home/robert/dev/arduino-1.5.7/hardware/tools/gcc-arm-none-eabi-4.8.3-2014q1/bin/../lib/gcc/arm-none-eabi/4.8.3/../../../../arm-none-eabi/lib/armv7-m/libm.a(lib_a-s_sin.o)
                0x00086860                sin
 .text.atan2    0x000868f4        0x4 /home/robert/dev/arduino-1.5.7/hardware/tools/gcc-arm-none-eabi-4.8.3-2014q1/bin/../lib/gcc/arm-none-eabi/4.8.3/../../../../arm-none-eabi/lib/armv7-m/libm.a(lib_a-w_atan2.o)
                0x000868f4                atan2
 .text.pow      0x000868f8      0x2f8 /home/robert/dev/arduino-1.5.7/hardware/tools/gcc-arm-none-eabi-4.8.3-2014q1/bin/../lib/gcc/arm-none-eabi/4.8.3/../../../../arm-none-eabi/lib/armv7-m/libm.a(lib_a-w_pow.o)
                0x000868f8                pow
 .text.sqrt     0x00086bf0       0xac /home/robert/dev/arduino-1.5.7/hardware/tools/gcc-arm-none-eabi-4.8.3-2014q1/bin/../lib/gcc/arm-none-eabi/4.8.3/../../../../arm-none-eabi/lib/armv7-m/libm.a(lib_a-w_sqrt.o)
                0x00086bf0                sqrt
 *fill*         0x00086c9c        0x4 
 .text.__ieee754_atan2
                0x00086ca0      0x1f0 /home/robert/dev/arduino-1.5.7/hardware/tools/gcc-arm-none-eabi-4.8.3-2014q1/bin/../lib/gcc/arm-none-eabi/4.8.3/../../../../arm-none-eabi/lib/armv7-m/libm.a(lib_a-e_atan2.o)
                0x00086ca0                __ieee754_atan2
 .text.__ieee754_pow
                0x00086e90      0xab8 /home/robert/dev/arduino-1.5.7/hardware/tools/gcc-arm-none-eabi-4.8.3-2014q1/bin/../lib/gcc/arm-none-eabi/4.8.3/../../../../arm-none-eabi/lib/armv7-m/libm.a(lib_a-e_pow.o)
                0x00086e90                __ieee754_pow
 .text.__ieee754_rem_pio2
                0x00087948      0x440 /home/robert/dev/arduino-1.5.7/hardware/tools/gcc-arm-none-eabi-4.8.3-2014q1/bin/../lib/gcc/arm-none-eabi/4.8.3/../../../../arm-none-eabi/lib/armv7-m/libm.a(lib_a-e_rem_pio2.o)
                0x00087948                __ieee754_rem_pio2
 .text.__ieee754_sqrt
                0x00087d88      0x180 /home/robert/dev/arduino-1.5.7/hardware/tools/gcc-arm-none-eabi-4.8.3-2014q1/bin/../lib/gcc/arm-none-eabi/4.8.3/../../../../arm-none-eabi/lib/armv7-m/libm.a(lib_a-e_sqrt.o)
                0x00087d88                __ieee754_sqrt
 .text.__kernel_cos
                0x00087f08      0x248 /home/robert/dev/arduino-1.5.7/hardware/tools/gcc-arm-none-eabi-4.8.3-2014q1/bin/../lib/gcc/arm-none-eabi/4.8.3/../../../../arm-none-eabi/lib/armv7-m/libm.a(lib_a-k_cos.o)
                0x00087f08                __kernel_cos
 .text.__kernel_rem_pio2
                0x00088150      0x7bc /home/robert/dev/arduino-1.5.7/hardware/tools/gcc-arm-none-eabi-4.8.3-2014q1/bin/../lib/gcc/arm-none-eabi/4.8.3/../../../../arm-none-eabi/lib/armv7-m/libm.a(lib_a-k_rem_pio2.o)
                0x00088150                __kernel_rem_pio2
 *fill*         0x0008890c        0x4 
 .text.__kernel_sin
                0x00088910      0x170 /home/robert/dev/arduino-1.5.7/hardware/tools/gcc-arm-none-eabi-4.8.3-2014q1/bin/../lib/gcc/arm-none-eabi/4.8.3/../../../../arm-none-eabi/lib/armv7-m/libm.a(lib_a-k_sin.o)
                0x00088910                __kernel_sin
 .text.atan     0x00088a80      0x350 /home/robert/dev/arduino-1.5.7/hardware/tools/gcc-arm-none-eabi-4.8.3-2014q1/bin/../lib/gcc/arm-none-eabi/4.8.3/../../../../arm-none-eabi/lib/armv7-m/libm.a(lib_a-s_atan.o)
                0x00088a80                atan
 .text.fabs     0x00088dd0        0x8 /home/robert/dev/arduino-1.5.7/hardware/tools/gcc-arm-none-eabi-4.8.3-2014q1/bin/../lib/gcc/arm-none-eabi/4.8.3/../../../../arm-none-eabi/lib/armv7-m/libm.a(lib_a-s_fabs.o)
                0x00088dd0                fabs
 .text.finite   0x00088dd8        0xc /home/robert/dev/arduino-1.5.7/hardware/tools/gcc-arm-none-eabi-4.8.3-2014q1/bin/../lib/gcc/arm-none-eabi/4.8.3/../../../../arm-none-eabi/lib/armv7-m/libm.a(lib_a-s_finite.o)
                0x00088dd8                finite
 .text.matherr  0x00088de4        0x4 /home/robert/dev/arduino-1.5.7/hardware/tools/gcc-arm-none-eabi-4.8.3-2014q1/bin/../lib/gcc/arm-none-eabi/4.8.3/../../../../arm-none-eabi/lib/armv7-m/libm.a(lib_a-s_matherr.o)
                0x00088de4                matherr
 .text.nan      0x00088de8        0xc /home/robert/dev/arduino-1.5.7/hardware/tools/gcc-arm-none-eabi-4.8.3-2014q1/bin/../lib/gcc/arm-none-eabi/4.8.3/../../../../arm-none-eabi/lib/armv7-m/libm.a(lib_a-s_nan.o)
                0x00088de8                nan
 .text.rint     0x00088df4      0x118 /home/robert/dev/arduino-1.5.7/hardware/tools/gcc-arm-none-eabi-4.8.3-2014q1/bin/../lib/gcc/arm-none-eabi/4.8.3/../../../../arm-none-eabi/lib/armv7-m/libm.a(lib_a-s_rint.o)
                0x00088df4                rint
 *fill*         0x00088f0c        0x4 
 .text.scalbn   0x00088f10      0x100 /home/robert/dev/arduino-1.5.7/hardware/tools/gcc-arm-none-eabi-4.8.3-2014q1/bin/../lib/gcc/arm-none-eabi/4.8.3/../../../../arm-none-eabi/lib/armv7-m/libm.a(lib_a-s_scalbn.o)
                0x00088f10                scalbn
 .text.copysign